Train (1624, 75, 195), Val (464, 75, 195), Test (231, 75, 195)
Graph input: (1624, 75, 65, 3)
Adjacency: (65, 65), edges w/ self-loops: 167
Model: "LightGCN"
+--------------------------------------------------------------------------+
| Layer (type)        | Output Shape      |    Param # | Connected to      |
|---------------------+-------------------+------------+-------------------|
| input_layer         | (None, 75, 65, 3) |          0 | -                 |
| (InputLayer)        |                   |            |                   |
|---------------------+-------------------+------------+-------------------|
| gc_64 (GraphConv)   | (None, 75, 65,    |        192 | input_layer[0][0] |
|                     | 64)               |            |                   |
|---------------------+-------------------+------------+-------------------|
| tc_64 (Conv2D)      | (None, 75, 65,    |     20,544 | gc_64[0][0]       |
|                     | 64)               |            |                   |
|---------------------+-------------------+------------+-------------------|
| batch_normalization | (None, 75, 65,    |        256 | tc_64[0][0]       |
| (BatchNormalizatio… | 64)               |            |                   |
|---------------------+-------------------+------------+-------------------|
| re_lu (ReLU)        | (None, 75, 65,    |          0 | batch_normalizat… |
|                     | 64)               |            |                   |
|---------------------+-------------------+------------+-------------------|
| conv2d (Conv2D)     | (None, 75, 65,    |        256 | input_layer[0][0] |
|                     | 64)               |            |                   |
|---------------------+-------------------+------------+-------------------|
| dropout (Dropout)   | (None, 75, 65,    |          0 | re_lu[0][0]       |
|                     | 64)               |            |                   |
|---------------------+-------------------+------------+-------------------|
| add (Add)           | (None, 75, 65,    |          0 | conv2d[0][0],     |
|                     | 64)               |            | dropout[0][0]     |
|---------------------+-------------------+------------+-------------------|
| gc_128 (GraphConv)  | (None, 75, 65,    |      8,192 | add[0][0]         |
|                     | 128)              |            |                   |
|---------------------+-------------------+------------+-------------------|
| tc_128 (Conv2D)     | (None, 75, 65,    |     82,048 | gc_128[0][0]      |
|                     | 128)              |            |                   |
|---------------------+-------------------+------------+-------------------|
| batch_normalizatio… | (None, 75, 65,    |        512 | tc_128[0][0]      |
| (BatchNormalizatio… | 128)              |            |                   |
|---------------------+-------------------+------------+-------------------|
| re_lu_1 (ReLU)      | (None, 75, 65,    |          0 | batch_normalizat… |
|                     | 128)              |            |                   |
|---------------------+-------------------+------------+-------------------|
| conv2d_1 (Conv2D)   | (None, 75, 65,    |      8,320 | add[0][0]         |
|                     | 128)              |            |                   |
|---------------------+-------------------+------------+-------------------|
| dropout_1 (Dropout) | (None, 75, 65,    |          0 | re_lu_1[0][0]     |
|                     | 128)              |            |                   |
|---------------------+-------------------+------------+-------------------|
| add_1 (Add)         | (None, 75, 65,    |          0 | conv2d_1[0][0],   |
|                     | 128)              |            | dropout_1[0][0]   |
|---------------------+-------------------+------------+-------------------|
| gc_256 (GraphConv)  | (None, 75, 65,    |     32,768 | add_1[0][0]       |
|                     | 256)              |            |                   |
|---------------------+-------------------+------------+-------------------|
| tc_256 (Conv2D)     | (None, 75, 65,    |    327,936 | gc_256[0][0]      |
|                     | 256)              |            |                   |
|---------------------+-------------------+------------+-------------------|
| batch_normalizatio… | (None, 75, 65,    |      1,024 | tc_256[0][0]      |
| (BatchNormalizatio… | 256)              |            |                   |
|---------------------+-------------------+------------+-------------------|
| re_lu_2 (ReLU)      | (None, 75, 65,    |          0 | batch_normalizat… |
|                     | 256)              |            |                   |
|---------------------+-------------------+------------+-------------------|
| conv2d_2 (Conv2D)   | (None, 75, 65,    |     33,024 | add_1[0][0]       |
|                     | 256)              |            |                   |
|---------------------+-------------------+------------+-------------------|
| dropout_2 (Dropout) | (None, 75, 65,    |          0 | re_lu_2[0][0]     |
|                     | 256)              |            |                   |
|---------------------+-------------------+------------+-------------------|
| add_2 (Add)         | (None, 75, 65,    |          0 | conv2d_2[0][0],   |
|                     | 256)              |            | dropout_2[0][0]   |
|---------------------+-------------------+------------+-------------------|
| global_average_poo… | (None, 256)       |          0 | add_2[0][0]       |
| (GlobalAveragePool… |                   |            |                   |
|---------------------+-------------------+------------+-------------------|
| dense (Dense)       | (None, 128)       |     32,896 | global_average_p… |
|---------------------+-------------------+------------+-------------------|
| dropout_3 (Dropout) | (None, 128)       |          0 | dense[0][0]       |
|---------------------+-------------------+------------+-------------------|
| dense_1 (Dense)     | (None, 33)        |      4,257 | dropout_3[0][0]   |
+--------------------------------------------------------------------------+
 Total params: 552,225 (2.11 MB)
 Trainable params: 551,329 (2.10 MB)
 Non-trainable params: 896 (3.50 KB)
Epoch 1/200
51/51 - 878s - 17s/step - accuracy: 0.0893 - loss: 3.2003 - val_accuracy: 0.0302 - val_loss: 3.5824 - learning_rate: 0.0010
Epoch 2/200
51/51 - 779s - 15s/step - accuracy: 0.1453 - loss: 2.8760 - val_accuracy: 0.0690 - val_loss: 3.5015 - learning_rate: 0.0010
Epoch 3/200
51/51 - 558s - 11s/step - accuracy: 0.1835 - loss: 2.6983 - val_accuracy: 0.0603 - val_loss: 3.5500 - learning_rate: 0.0010
Epoch 4/200
51/51 - 854s - 17s/step - accuracy: 0.2063 - loss: 2.5997 - val_accuracy: 0.0884 - val_loss: 3.2347 - learning_rate: 0.0010
Epoch 5/200
51/51 - 2544s - 50s/step - accuracy: 0.2389 - loss: 2.4818 - val_accuracy: 0.1336 - val_loss: 3.1946 - learning_rate: 0.0010
Epoch 6/200551/51 - 874s - 17s/step - accuracy: 0.2592 - loss: 2.4017 - val_accuracy: 0.1918 - val_loss: 2.6685 - learning_rate: 0.0010
Epoch 7/200
51/51 - 682s - 13s/step - accuracy: 0.2796 - loss: 2.2685 - val_accuracy: 0.1703 - val_loss: 2.7921 - learning_rate: 0.0010
Epoch 8/200
51/51 - 745s - 15s/step - accuracy: 0.3177 - loss: 2.1802 - val_accuracy: 0.2759 - val_loss: 2.3480 - learning_rate: 0.0010
Epoch 9/200
51/51 - 724s - 14s/step - accuracy: 0.3454 - loss: 2.0712 - val_accuracy: 0.2651 - val_loss: 2.4007 - learning_rate: 0.0010
Epoch 10/200
51/51 - 734s - 14s/step - accuracy: 0.3541 - loss: 2.0179 - val_accuracy: 0.2931 - val_loss: 2.3195 - learning_rate: 0.0010
Epoch 11/200
51/51 - 682s - 13s/step - accuracy: 0.3775 - loss: 1.9513 - val_accuracy: 0.3211 - val_loss: 2.1180 - learning_rate: 0.0010
Epoch 12/200
51/51 - 1527s - 30s/step - accuracy: 0.3966 - loss: 1.9434 - val_accuracy: 0.3534 - val_loss: 2.1558 - learning_rate: 0.0010
Epoch 13/200
1/51 - 979s - 19s/step - accuracy: 0.4119 - loss: 1.8105 - val_accuracy: 0.3556 - val_loss: 2.1567 - learning_rate: 0.0010
Epoch 14/200
51/51 - 1192s - 23s/step - accuracy: 0.4101 - loss: 1.8010 - val_accuracy: 0.2694 - val_loss: 2.4594 - learning_rate: 0.0010
Epoch 15/200
