WARNING: All log messages before absl::InitializeLog() is called are written to STDERR
I0000 00:00:1789469725.667122   22032 port.cc:153] oneDNN custom operations are on. You may see slightly different numerical results due to floating-point round-off errors from different computation orders. To turn them off, set the environment variable `TF_ENABLE_ONEDNN_OPTS=0`.
WARNING: All log messages before absl::InitializeLog() is called are written to STDERR
I0000 00:00:1789469729.591098   22032 port.cc:153] oneDNN custom operations are on. You may see slightly different numerical results due to floating-point round-off errors from different computation orders. To turn them off, set the environment variable `TF_ENABLE_ONEDNN_OPTS=0`.
Train (1623, 75, 195), Val (232, 75, 195), Test (464, 75, 195)
Graph input: (1623, 75, 65, 3)
Adjacency: (65, 65), edges w/ self-loops: 163
I0000 00:00:1789469734.533488   22032 cpu_feature_guard.cc:227] This TensorFlow binary is optimized to use available CPU instructions in performance-critical operations.
To enable the following instructions: SSE3 SSE4.1 SSE4.2 AVX AVX2 AVX512F AVX512_VNNI FMA, in other operations, rebuild TensorFlow with the appropriate compiler flags.
WARNING:tensorflow:From C:\Users\Dell\AppData\Local\Packages\PythonSoftwareFoundation.Python.3.11_qbz5n2kfra8p0\LocalCache\local-packages\Python311\site-packages\keras\src\backend\tensorflow\core.py:233: The name tf.placeholder is deprecated. Please use tf.compat.v1.placeholder instead.

WARNING:tensorflow:TensorFlow GPU support is not available on native Windows for TensorFlow >= 2.11. Even if CUDA/cuDNN are installed, GPU will not be used. Please use WSL2 or the TensorFlow-DirectML plugin.
Model: "LightGCN"
+--------------------------------------------------------------------------+
| Layer (type)        | Output Shape      |    Param # | Connected to      |
|---------------------+-------------------+------------+-------------------|
| input_layer         | (None, 75, 65, 3) |          0 | -                 |
| (InputLayer)        |                   |            |                   |
|---------------------+-------------------+------------+-------------------|
| gc_64 (GraphConv)   | (None, 75, 65,    |        192 | input_layer[0][0] |
|                     | 64)               |            |                   |
|---------------------+-------------------+------------+-------------------|
| tc_64 (Conv2D)      | (None, 75, 65,    |     20,544 | gc_64[0][0]       |
|                     | 64)               |            |                   |
|---------------------+-------------------+------------+-------------------|
| batch_normalization | (None, 75, 65,    |        256 | tc_64[0][0]       |
| (BatchNormalizatio… | 64)               |            |                   |
|---------------------+-------------------+------------+-------------------|
| re_lu (ReLU)        | (None, 75, 65,    |          0 | batch_normalizat… |
|                     | 64)               |            |                   |
|---------------------+-------------------+------------+-------------------|
| conv2d (Conv2D)     | (None, 75, 65,    |        256 | input_layer[0][0] |
|                     | 64)               |            |                   |
|---------------------+-------------------+------------+-------------------|
| dropout (Dropout)   | (None, 75, 65,    |          0 | re_lu[0][0]       |
|                     | 64)               |            |                   |
|---------------------+-------------------+------------+-------------------|
| add (Add)           | (None, 75, 65,    |          0 | conv2d[0][0],     |
|                     | 64)               |            | dropout[0][0]     |
|---------------------+-------------------+------------+-------------------|
| gc_128 (GraphConv)  | (None, 75, 65,    |      8,192 | add[0][0]         |
|                     | 128)              |            |                   |
|---------------------+-------------------+------------+-------------------|
| tc_128 (Conv2D)     | (None, 75, 65,    |     82,048 | gc_128[0][0]      |
|                     | 128)              |            |                   |
|---------------------+-------------------+------------+-------------------|
| batch_normalizatio… | (None, 75, 65,    |        512 | tc_128[0][0]      |
| (BatchNormalizatio… | 128)              |            |                   |
|---------------------+-------------------+------------+-------------------|
| re_lu_1 (ReLU)      | (None, 75, 65,    |          0 | batch_normalizat… |
|                     | 128)              |            |                   |
|---------------------+-------------------+------------+-------------------|
| conv2d_1 (Conv2D)   | (None, 75, 65,    |      8,320 | add[0][0]         |
|                     | 128)              |            |                   |
|---------------------+-------------------+------------+-------------------|
| dropout_1 (Dropout) | (None, 75, 65,    |          0 | re_lu_1[0][0]     |
|                     | 128)              |            |                   |
|---------------------+-------------------+------------+-------------------|
| add_1 (Add)         | (None, 75, 65,    |          0 | conv2d_1[0][0],   |
|                     | 128)              |            | dropout_1[0][0]   |
|---------------------+-------------------+------------+-------------------|
| gc_256 (GraphConv)  | (None, 75, 65,    |     32,768 | add_1[0][0]       |
|                     | 256)              |            |                   |
|---------------------+-------------------+------------+-------------------|
| tc_256 (Conv2D)     | (None, 75, 65,    |    327,936 | gc_256[0][0]      |
|                     | 256)              |            |                   |
|---------------------+-------------------+------------+-------------------|
| batch_normalizatio… | (None, 75, 65,    |      1,024 | tc_256[0][0]      |
| (BatchNormalizatio… | 256)              |            |                   |
|---------------------+-------------------+------------+-------------------|
| re_lu_2 (ReLU)      | (None, 75, 65,    |          0 | batch_normalizat… |
|                     | 256)              |            |                   |
|---------------------+-------------------+------------+-------------------|
| conv2d_2 (Conv2D)   | (None, 75, 65,    |     33,024 | add_1[0][0]       |
|                     | 256)              |            |                   |
|---------------------+-------------------+------------+-------------------|
| dropout_2 (Dropout) | (None, 75, 65,    |          0 | re_lu_2[0][0]     |
|                     | 256)              |            |                   |
|---------------------+-------------------+------------+-------------------|
| add_2 (Add)         | (None, 75, 65,    |          0 | conv2d_2[0][0],   |
|                     | 256)              |            | dropout_2[0][0]   |
|---------------------+-------------------+------------+-------------------|
| global_average_poo… | (None, 256)       |          0 | add_2[0][0]       |
| (GlobalAveragePool… |                   |            |                   |
|---------------------+-------------------+------------+-------------------|
| dense (Dense)       | (None, 128)       |     32,896 | global_average_p… |
|---------------------+-------------------+------------+-------------------|
| dropout_3 (Dropout) | (None, 128)       |          0 | dense[0][0]       |
|---------------------+-------------------+------------+-------------------|
| dense_1 (Dense)     | (None, 33)        |      4,257 | dropout_3[0][0]   |
+--------------------------------------------------------------------------+
 Total params: 552,225 (2.11 MB)
 Trainable params: 551,329 (2.10 MB)
 Non-trainable params: 896 (3.50 KB)
Epoch 1/200
51/51 - 244s - 5s/step - accuracy: 0.1035 - loss: 3.2936 - val_accuracy: 0.0862 - val_loss: 3.2207 - learning_rate: 0.0010
Epoch 2/200
51/51 - 239s - 5s/step - accuracy: 0.1571 - loss: 2.9792 - val_accuracy: 0.1810 - val_loss: 2.9962 - learning_rate: 0.0010
Epoch 3/200
51/51 - 260s - 5s/step - accuracy: 0.2015 - loss: 2.7254 - val_accuracy: 0.1509 - val_loss: 3.0515 - learning_rate: 0.0010
Epoch 4/200
51/51 - 260s - 5s/step - accuracy: 0.2002 - loss: 2.6400 - val_accuracy: 0.2198 - val_loss: 2.7434 - learning_rate: 0.0010
Epoch 5/200
