Train (1623, 75, 195), Val (232, 75, 195), Test (464, 75, 195)
Model: "TCN"
+--------------------------------------------------------------------------+
| Layer (type)        | Output Shape      |    Param # | Connected to      |
|---------------------+-------------------+------------+-------------------|
| input_layer         | (None, 75, 195)   |          0 | -                 |
| (InputLayer)        |                   |            |                   |
|---------------------+-------------------+------------+-------------------|
| zero_padding1d      | (None, 77, 195)   |          0 | input_layer[0][0] |
| (ZeroPadding1D)     |                   |            |                   |
|---------------------+-------------------+------------+-------------------|
| conv1d (Conv1D)     | (None, 75, 64)    |     37,504 | zero_padding1d[0… |
|---------------------+-------------------+------------+-------------------|
| batch_normalization | (None, 75, 64)    |        256 | conv1d[0][0]      |
| (BatchNormalizatio… |                   |            |                   |
|---------------------+-------------------+------------+-------------------|
| activation          | (None, 75, 64)    |          0 | batch_normalizat… |
| (Activation)        |                   |            |                   |
|---------------------+-------------------+------------+-------------------|
| conv1d_1 (Conv1D)   | (None, 75, 64)    |     12,544 | input_layer[0][0] |
|---------------------+-------------------+------------+-------------------|
| dropout (Dropout)   | (None, 75, 64)    |          0 | activation[0][0]  |
|---------------------+-------------------+------------+-------------------|
| add (Add)           | (None, 75, 64)    |          0 | conv1d_1[0][0],   |
|                     |                   |            | dropout[0][0]     |
|---------------------+-------------------+------------+-------------------|
| activation_1        | (None, 75, 64)    |          0 | add[0][0]         |
| (Activation)        |                   |            |                   |
|---------------------+-------------------+------------+-------------------|
| zero_padding1d_1    | (None, 79, 64)    |          0 | activation_1[0][… |
| (ZeroPadding1D)     |                   |            |                   |
|---------------------+-------------------+------------+-------------------|
| conv1d_2 (Conv1D)   | (None, 75, 64)    |     12,352 | zero_padding1d_1… |
|---------------------+-------------------+------------+-------------------|
| batch_normalizatio… | (None, 75, 64)    |        256 | conv1d_2[0][0]    |
| (BatchNormalizatio… |                   |            |                   |
|---------------------+-------------------+------------+-------------------|
| activation_2        | (None, 75, 64)    |          0 | batch_normalizat… |
| (Activation)        |                   |            |                   |
|---------------------+-------------------+------------+-------------------|
| dropout_1 (Dropout) | (None, 75, 64)    |          0 | activation_2[0][… |
|---------------------+-------------------+------------+-------------------|
| add_1 (Add)         | (None, 75, 64)    |          0 | activation_1[0][… |
|                     |                   |            | dropout_1[0][0]   |
|---------------------+-------------------+------------+-------------------|
| activation_3        | (None, 75, 64)    |          0 | add_1[0][0]       |
| (Activation)        |                   |            |                   |
|---------------------+-------------------+------------+-------------------|
| zero_padding1d_2    | (None, 83, 64)    |          0 | activation_3[0][… |
| (ZeroPadding1D)     |                   |            |                   |
|---------------------+-------------------+------------+-------------------|
| conv1d_3 (Conv1D)   | (None, 75, 64)    |     12,352 | zero_padding1d_2… |
|---------------------+-------------------+------------+-------------------|
| batch_normalizatio… | (None, 75, 64)    |        256 | conv1d_3[0][0]    |
| (BatchNormalizatio… |                   |            |                   |
|---------------------+-------------------+------------+-------------------|
| activation_4        | (None, 75, 64)    |          0 | batch_normalizat… |
| (Activation)        |                   |            |                   |
|---------------------+-------------------+------------+-------------------|
| dropout_2 (Dropout) | (None, 75, 64)    |          0 | activation_4[0][… |
|---------------------+-------------------+------------+-------------------|
| add_2 (Add)         | (None, 75, 64)    |          0 | activation_3[0][… |
|                     |                   |            | dropout_2[0][0]   |
|---------------------+-------------------+------------+-------------------|
| activation_5        | (None, 75, 64)    |          0 | add_2[0][0]       |
| (Activation)        |                   |            |                   |
|---------------------+-------------------+------------+-------------------|
| zero_padding1d_3    | (None, 91, 64)    |          0 | activation_5[0][… |
| (ZeroPadding1D)     |                   |            |                   |
|---------------------+-------------------+------------+-------------------|
| conv1d_4 (Conv1D)   | (None, 75, 64)    |     12,352 | zero_padding1d_3… |
|---------------------+-------------------+------------+-------------------|
| batch_normalizatio… | (None, 75, 64)    |        256 | conv1d_4[0][0]    |
| (BatchNormalizatio… |                   |            |                   |
|---------------------+-------------------+------------+-------------------|
| activation_6        | (None, 75, 64)    |          0 | batch_normalizat… |
| (Activation)        |                   |            |                   |
|---------------------+-------------------+------------+-------------------|
| dropout_3 (Dropout) | (None, 75, 64)    |          0 | activation_6[0][… |
|---------------------+-------------------+------------+-------------------|
| add_3 (Add)         | (None, 75, 64)    |          0 | activation_5[0][… |
|                     |                   |            | dropout_3[0][0]   |
|---------------------+-------------------+------------+-------------------|
| activation_7        | (None, 75, 64)    |          0 | add_3[0][0]       |
| (Activation)        |                   |            |                   |
|---------------------+-------------------+------------+-------------------|
| global_average_poo… | (None, 64)        |          0 | activation_7[0][… |
| (GlobalAveragePool… |                   |            |                   |
|---------------------+-------------------+------------+-------------------|
| dense (Dense)       | (None, 128)       |      8,320 | global_average_p… |
|---------------------+-------------------+------------+-------------------|
| dropout_4 (Dropout) | (None, 128)       |          0 | dense[0][0]       |
|---------------------+-------------------+------------+-------------------|
| dense_1 (Dense)     | (None, 33)        |      4,257 | dropout_4[0][0]   |
+--------------------------------------------------------------------------+
 Total params: 100,705 (393.38 KB)
 Trainable params: 100,193 (391.38 KB)
 Non-trainable params: 512 (2.00 KB)
Epoch 1/200
51/51 - 5s - 91ms/step - accuracy: 0.0437 - loss: 4.0309 - val_accuracy: 0.0776 - val_loss: 3.5403 - learning_rate: 1.0000e-04
Epoch 2/200
51/51 - 1s - 29ms/step - accuracy: 0.0733 - loss: 3.5177 - val_accuracy: 0.1552 - val_loss: 3.1918 - learning_rate: 1.0000e-04
Epoch 3/200
51/51 - 1s - 28ms/step - accuracy: 0.1417 - loss: 3.2160 - val_accuracy: 0.2414 - val_loss: 2.9942 - learning_rate: 1.0000e-04
Epoch 4/200
51/51 - 1s - 23ms/step - accuracy: 0.1774 - loss: 3.0192 - val_accuracy: 0.2931 - val_loss: 2.8208 - learning_rate: 1.0000e-04
Epoch 5/200
51/51 - 1s - 23ms/step - accuracy: 0.2200 - loss: 2.8444 - val_accuracy: 0.3836 - val_loss: 2.6711 - learning_rate: 1.0000e-04
Epoch 6/200
51/51 - 1s - 22ms/step - accuracy: 0.2403 - loss: 2.7132 - val_accuracy: 0.3879 - val_loss: 2.5191 - learning_rate: 1.0000e-04
Epoch 7/200
51/51 - 1s - 23ms/step - accuracy: 0.3050 - loss: 2.5278 - val_accuracy: 0.4612 - val_loss: 2.3714 - learning_rate: 1.0000e-04
Epoch 8/200
51/51 - 1s - 24ms/step - accuracy: 0.3444 - loss: 2.4062 - val_accuracy: 0.4914 - val_loss: 2.2450 - learning_rate: 1.0000e-04
Epoch 9/200
51/51 - 1s - 21ms/step - accuracy: 0.3475 - loss: 2.3088 - val_accuracy: 0.4871 - val_loss: 2.1361 - learning_rate: 1.0000e-04
Epoch 10/200
51/51 - 1s - 21ms/step - accuracy: 0.3894 - loss: 2.2141 - val_accuracy: 0.5647 - val_loss: 2.0295 - learning_rate: 1.0000e-04
Epoch 11/200
51/51 - 1s - 22ms/step - accuracy: 0.4085 - loss: 2.0904 - val_accuracy: 0.5733 - val_loss: 1.9051 - learning_rate: 1.0000e-04
Epoch 12/200
51/51 - 1s - 21ms/step - accuracy: 0.4227 - loss: 1.9854 - val_accuracy: 0.5603 - val_loss: 1.8073 - learning_rate: 1.0000e-04
Epoch 13/200
51/51 - 1s - 22ms/step - accuracy: 0.4393 - loss: 1.9154 - val_accuracy: 0.6250 - val_loss: 1.7114 - learning_rate: 1.0000e-04
Epoch 14/200
51/51 - 1s - 21ms/step - accuracy: 0.4800 - loss: 1.8148 - val_accuracy: 0.6422 - val_loss: 1.6228 - learning_rate: 1.0000e-04
Epoch 15/200
51/51 - 1s - 23ms/step - accuracy: 0.5065 - loss: 1.7504 - val_accuracy: 0.6810 - val_loss: 1.5335 - learning_rate: 1.0000e-04
Epoch 16/200
51/51 - 1s - 21ms/step - accuracy: 0.5219 - loss: 1.6709 - val_accuracy: 0.6638 - val_loss: 1.4483 - learning_rate: 1.0000e-04
Epoch 17/200
51/51 - 1s - 22ms/step - accuracy: 0.5250 - loss: 1.6000 - val_accuracy: 0.7328 - val_loss: 1.3702 - learning_rate: 1.0000e-04
Epoch 18/200
51/51 - 1s - 20ms/step - accuracy: 0.5225 - loss: 1.5850 - val_accuracy: 0.7198 - val_loss: 1.3042 - learning_rate: 1.0000e-04
Epoch 19/200
51/51 - 1s - 21ms/step - accuracy: 0.5607 - loss: 1.4881 - val_accuracy: 0.7284 - val_loss: 1.2421 - learning_rate: 1.0000e-04
Epoch 20/200
51/51 - 1s - 23ms/step - accuracy: 0.5872 - loss: 1.4251 - val_accuracy: 0.7371 - val_loss: 1.1827 - learning_rate: 1.0000e-04
Epoch 21/200
51/51 - 1s - 22ms/step - accuracy: 0.5755 - loss: 1.3912 - val_accuracy: 0.7500 - val_loss: 1.1430 - learning_rate: 1.0000e-04
Epoch 22/200
51/51 - 1s - 22ms/step - accuracy: 0.6106 - loss: 1.3281 - val_accuracy: 0.7672 - val_loss: 1.0770 - learning_rate: 1.0000e-04
Epoch 23/200
51/51 - 1s - 24ms/step - accuracy: 0.6161 - loss: 1.2803 - val_accuracy: 0.7974 - val_loss: 1.0326 - learning_rate: 1.0000e-04
Epoch 24/200
51/51 - 1s - 23ms/step - accuracy: 0.6217 - loss: 1.2785 - val_accuracy: 0.8103 - val_loss: 0.9908 - learning_rate: 1.0000e-04
Epoch 25/200
51/51 - 1s - 23ms/step - accuracy: 0.6408 - loss: 1.1985 - val_accuracy: 0.8362 - val_loss: 0.9507 - learning_rate: 1.0000e-04
Epoch 26/200
51/51 - 1s - 21ms/step - accuracy: 0.6636 - loss: 1.1595 - val_accuracy: 0.8319 - val_loss: 0.9062 - learning_rate: 1.0000e-04
Epoch 27/200
51/51 - 1s - 21ms/step - accuracy: 0.6593 - loss: 1.1542 - val_accuracy: 0.8233 - val_loss: 0.8783 - learning_rate: 1.0000e-04
Epoch 28/200
51/51 - 1s - 21ms/step - accuracy: 0.6765 - loss: 1.0844 - val_accuracy: 0.8319 - val_loss: 0.8469 - learning_rate: 1.0000e-04
Epoch 29/200
51/51 - 1s - 21ms/step - accuracy: 0.6919 - loss: 1.0454 - val_accuracy: 0.8319 - val_loss: 0.8170 - learning_rate: 1.0000e-04
Epoch 30/200
51/51 - 1s - 23ms/step - accuracy: 0.6901 - loss: 1.0385 - val_accuracy: 0.8060 - val_loss: 0.7965 - learning_rate: 1.0000e-04
Epoch 31/200
51/51 - 1s - 23ms/step - accuracy: 0.6987 - loss: 0.9979 - val_accuracy: 0.8405 - val_loss: 0.7626 - learning_rate: 1.0000e-04
Epoch 32/200
51/51 - 1s - 21ms/step - accuracy: 0.7240 - loss: 0.9446 - val_accuracy: 0.8362 - val_loss: 0.7421 - learning_rate: 1.0000e-04
Epoch 33/200
51/51 - 1s - 21ms/step - accuracy: 0.7166 - loss: 0.9262 - val_accuracy: 0.8362 - val_loss: 0.7130 - learning_rate: 1.0000e-04
Epoch 34/200
51/51 - 1s - 21ms/step - accuracy: 0.7283 - loss: 0.9150 - val_accuracy: 0.8405 - val_loss: 0.6975 - learning_rate: 1.0000e-04
Epoch 35/200
51/51 - 1s - 22ms/step - accuracy: 0.7461 - loss: 0.8647 - val_accuracy: 0.8319 - val_loss: 0.6786 - learning_rate: 1.0000e-04
Epoch 36/200
51/51 - 1s - 23ms/step - accuracy: 0.7628 - loss: 0.8303 - val_accuracy: 0.8534 - val_loss: 0.6474 - learning_rate: 1.0000e-04
Epoch 37/200
51/51 - 1s - 25ms/step - accuracy: 0.7505 - loss: 0.8342 - val_accuracy: 0.8621 - val_loss: 0.6400 - learning_rate: 1.0000e-04
Epoch 38/200
51/51 - 1s - 26ms/step - accuracy: 0.7449 - loss: 0.8315 - val_accuracy: 0.8534 - val_loss: 0.6289 - learning_rate: 1.0000e-04
Epoch 39/200
51/51 - 1s - 24ms/step - accuracy: 0.7671 - loss: 0.7979 - val_accuracy: 0.8491 - val_loss: 0.6108 - learning_rate: 1.0000e-04
Epoch 40/200
51/51 - 1s - 23ms/step - accuracy: 0.7597 - loss: 0.7808 - val_accuracy: 0.8534 - val_loss: 0.5932 - learning_rate: 1.0000e-04
Epoch 41/200
51/51 - 1s - 23ms/step - accuracy: 0.7794 - loss: 0.7552 - val_accuracy: 0.8621 - val_loss: 0.5873 - learning_rate: 1.0000e-04
Epoch 42/200
51/51 - 1s - 25ms/step - accuracy: 0.7998 - loss: 0.7104 - val_accuracy: 0.8707 - val_loss: 0.5651 - learning_rate: 1.0000e-04
Epoch 43/200
51/51 - 1s - 24ms/step - accuracy: 0.8047 - loss: 0.6781 - val_accuracy: 0.8707 - val_loss: 0.5565 - learning_rate: 1.0000e-04
Epoch 44/200
51/51 - 1s - 22ms/step - accuracy: 0.7825 - loss: 0.7259 - val_accuracy: 0.8707 - val_loss: 0.5315 - learning_rate: 1.0000e-04
Epoch 45/200
51/51 - 1s - 25ms/step - accuracy: 0.8010 - loss: 0.6710 - val_accuracy: 0.8879 - val_loss: 0.5146 - learning_rate: 1.0000e-04
Epoch 46/200
51/51 - 1s - 23ms/step - accuracy: 0.8065 - loss: 0.6540 - val_accuracy: 0.8836 - val_loss: 0.5050 - learning_rate: 1.0000e-04
Epoch 47/200
51/51 - 1s - 22ms/step - accuracy: 0.8213 - loss: 0.6164 - val_accuracy: 0.8836 - val_loss: 0.4987 - learning_rate: 1.0000e-04
Epoch 48/200
51/51 - 1s - 22ms/step - accuracy: 0.8355 - loss: 0.6133 - val_accuracy: 0.8836 - val_loss: 0.4944 - learning_rate: 1.0000e-04
Epoch 49/200
51/51 - 1s - 23ms/step - accuracy: 0.8108 - loss: 0.6278 - val_accuracy: 0.8750 - val_loss: 0.4856 - learning_rate: 1.0000e-04
Epoch 50/200
51/51 - 1s - 24ms/step - accuracy: 0.8213 - loss: 0.6011 - val_accuracy: 0.8966 - val_loss: 0.4673 - learning_rate: 1.0000e-04
Epoch 51/200
51/51 - 1s - 23ms/step - accuracy: 0.8490 - loss: 0.5620 - val_accuracy: 0.8879 - val_loss: 0.4569 - learning_rate: 1.0000e-04
Epoch 52/200
51/51 - 1s - 25ms/step - accuracy: 0.8269 - loss: 0.5820 - val_accuracy: 0.9009 - val_loss: 0.4519 - learning_rate: 1.0000e-04
Epoch 53/200
51/51 - 1s - 25ms/step - accuracy: 0.8466 - loss: 0.5325 - val_accuracy: 0.8879 - val_loss: 0.4466 - learning_rate: 1.0000e-04
Epoch 54/200
51/51 - 1s - 29ms/step - accuracy: 0.8373 - loss: 0.5412 - val_accuracy: 0.8836 - val_loss: 0.4379 - learning_rate: 1.0000e-04
Epoch 55/200
51/51 - 1s - 27ms/step - accuracy: 0.8503 - loss: 0.5229 - val_accuracy: 0.8966 - val_loss: 0.4324 - learning_rate: 1.0000e-04
Epoch 56/200
51/51 - 1s - 27ms/step - accuracy: 0.8509 - loss: 0.5274 - val_accuracy: 0.9009 - val_loss: 0.4327 - learning_rate: 1.0000e-04
Epoch 57/200
51/51 - 1s - 22ms/step - accuracy: 0.8546 - loss: 0.5085 - val_accuracy: 0.8966 - val_loss: 0.4323 - learning_rate: 1.0000e-04
Epoch 58/200
51/51 - 1s - 24ms/step - accuracy: 0.8515 - loss: 0.5036 - val_accuracy: 0.8879 - val_loss: 0.4192 - learning_rate: 1.0000e-04
Epoch 59/200
51/51 - 1s - 24ms/step - accuracy: 0.8644 - loss: 0.4660 - val_accuracy: 0.9052 - val_loss: 0.4184 - learning_rate: 1.0000e-04
Epoch 60/200
51/51 - 2s - 31ms/step - accuracy: 0.8577 - loss: 0.4803 - val_accuracy: 0.8922 - val_loss: 0.3942 - learning_rate: 1.0000e-04
Epoch 61/200
51/51 - 1s - 27ms/step - accuracy: 0.8620 - loss: 0.4599 - val_accuracy: 0.9009 - val_loss: 0.3905 - learning_rate: 1.0000e-04
Epoch 62/200
51/51 - 1s - 29ms/step - accuracy: 0.8737 - loss: 0.4391 - val_accuracy: 0.8922 - val_loss: 0.3987 - learning_rate: 1.0000e-04
Epoch 63/200
51/51 - 2s - 35ms/step - accuracy: 0.8805 - loss: 0.4306 - val_accuracy: 0.8922 - val_loss: 0.3891 - learning_rate: 1.0000e-04
Epoch 64/200
51/51 - 2s - 33ms/step - accuracy: 0.8663 - loss: 0.4519 - val_accuracy: 0.9052 - val_loss: 0.3624 - learning_rate: 1.0000e-04
Epoch 65/200
51/51 - 4s - 75ms/step - accuracy: 0.8706 - loss: 0.4239 - val_accuracy: 0.9009 - val_loss: 0.3743 - learning_rate: 1.0000e-04
Epoch 66/200
51/51 - 2s - 39ms/step - accuracy: 0.8823 - loss: 0.4332 - val_accuracy: 0.9181 - val_loss: 0.3638 - learning_rate: 1.0000e-04
Epoch 67/200
51/51 - 2s - 34ms/step - accuracy: 0.8897 - loss: 0.4084 - val_accuracy: 0.9009 - val_loss: 0.3659 - learning_rate: 1.0000e-04
Epoch 68/200
51/51 - 2s - 31ms/step - accuracy: 0.8805 - loss: 0.3972 - val_accuracy: 0.9052 - val_loss: 0.3573 - learning_rate: 1.0000e-04
Epoch 69/200
51/51 - 2s - 43ms/step - accuracy: 0.8835 - loss: 0.4073 - val_accuracy: 0.9181 - val_loss: 0.3614 - learning_rate: 1.0000e-04
Epoch 70/200
51/51 - 3s - 58ms/step - accuracy: 0.8638 - loss: 0.4149 - val_accuracy: 0.8966 - val_loss: 0.3597 - learning_rate: 1.0000e-04
Epoch 71/200
51/51 - 3s - 57ms/step - accuracy: 0.8879 - loss: 0.3962 - val_accuracy: 0.9095 - val_loss: 0.3361 - learning_rate: 1.0000e-04
Epoch 72/200
51/51 - 3s - 68ms/step - accuracy: 0.8879 - loss: 0.3852 - val_accuracy: 0.9224 - val_loss: 0.3368 - learning_rate: 1.0000e-04
Epoch 73/200
51/51 - 5s - 94ms/step - accuracy: 0.8891 - loss: 0.3803 - val_accuracy: 0.9138 - val_loss: 0.3255 - learning_rate: 1.0000e-04
Epoch 74/200
51/51 - 3s - 67ms/step - accuracy: 0.8983 - loss: 0.3666 - val_accuracy: 0.9095 - val_loss: 0.3350 - learning_rate: 1.0000e-04
Epoch 75/200
51/51 - 1s - 24ms/step - accuracy: 0.8965 - loss: 0.3515 - val_accuracy: 0.9009 - val_loss: 0.3400 - learning_rate: 1.0000e-04
Epoch 76/200
51/51 - 1s - 27ms/step - accuracy: 0.8946 - loss: 0.3658 - val_accuracy: 0.9009 - val_loss: 0.3481 - learning_rate: 1.0000e-04
Epoch 77/200
51/51 - 1s - 24ms/step - accuracy: 0.9008 - loss: 0.3472 - val_accuracy: 0.9052 - val_loss: 0.3307 - learning_rate: 1.0000e-04
Epoch 78/200
51/51 - 1s - 28ms/step - accuracy: 0.9100 - loss: 0.3232 - val_accuracy: 0.9181 - val_loss: 0.3151 - learning_rate: 1.0000e-04
Epoch 79/200
51/51 - 1s - 24ms/step - accuracy: 0.9168 - loss: 0.3206 - val_accuracy: 0.9009 - val_loss: 0.3218 - learning_rate: 1.0000e-04
Epoch 80/200
51/51 - 1s - 27ms/step - accuracy: 0.9070 - loss: 0.3226 - val_accuracy: 0.9052 - val_loss: 0.3129 - learning_rate: 1.0000e-04
Epoch 81/200
51/51 - 2s - 33ms/step - accuracy: 0.8959 - loss: 0.3291 - val_accuracy: 0.9095 - val_loss: 0.3164 - learning_rate: 1.0000e-04
Epoch 82/200
51/51 - 2s - 34ms/step - accuracy: 0.9113 - loss: 0.3129 - val_accuracy: 0.9138 - val_loss: 0.3083 - learning_rate: 1.0000e-04
Epoch 83/200
51/51 - 2s - 36ms/step - accuracy: 0.9162 - loss: 0.3042 - val_accuracy: 0.9181 - val_loss: 0.3039 - learning_rate: 1.0000e-04
Epoch 84/200
51/51 - 2s - 34ms/step - accuracy: 0.9088 - loss: 0.3113 - val_accuracy: 0.9095 - val_loss: 0.3126 - learning_rate: 1.0000e-04
Epoch 85/200
51/51 - 3s - 53ms/step - accuracy: 0.9045 - loss: 0.3032 - val_accuracy: 0.9181 - val_loss: 0.2947 - learning_rate: 1.0000e-04
Epoch 86/200
51/51 - 2s - 36ms/step - accuracy: 0.9156 - loss: 0.3057 - val_accuracy: 0.9052 - val_loss: 0.2989 - learning_rate: 1.0000e-04
Epoch 87/200
51/51 - 2s - 34ms/step - accuracy: 0.9224 - loss: 0.2666 - val_accuracy: 0.9181 - val_loss: 0.2866 - learning_rate: 1.0000e-04
Epoch 88/200
51/51 - 2s - 47ms/step - accuracy: 0.9205 - loss: 0.2833 - val_accuracy: 0.9181 - val_loss: 0.3076 - learning_rate: 1.0000e-04
Epoch 89/200
51/51 - 2s - 30ms/step - accuracy: 0.9131 - loss: 0.2874 - val_accuracy: 0.9224 - val_loss: 0.2763 - learning_rate: 1.0000e-04
Epoch 90/200
51/51 - 2s - 35ms/step - accuracy: 0.9230 - loss: 0.2739 - val_accuracy: 0.9224 - val_loss: 0.2788 - learning_rate: 1.0000e-04
Epoch 91/200
51/51 - 2s - 32ms/step - accuracy: 0.9236 - loss: 0.2698 - val_accuracy: 0.9181 - val_loss: 0.2817 - learning_rate: 1.0000e-04
Epoch 92/200
51/51 - 2s - 29ms/step - accuracy: 0.9242 - loss: 0.2677 - val_accuracy: 0.9224 - val_loss: 0.2865 - learning_rate: 1.0000e-04
Epoch 93/200
51/51 - 2s - 36ms/step - accuracy: 0.9267 - loss: 0.2768 - val_accuracy: 0.9397 - val_loss: 0.2683 - learning_rate: 1.0000e-04
Epoch 94/200
51/51 - 2s - 31ms/step - accuracy: 0.9211 - loss: 0.2669 - val_accuracy: 0.9267 - val_loss: 0.2885 - learning_rate: 1.0000e-04
Epoch 95/200
51/51 - 2s - 31ms/step - accuracy: 0.9298 - loss: 0.2486 - val_accuracy: 0.9267 - val_loss: 0.2761 - learning_rate: 1.0000e-04
Epoch 96/200
51/51 - 2s - 36ms/step - accuracy: 0.9304 - loss: 0.2469 - val_accuracy: 0.9267 - val_loss: 0.2816 - learning_rate: 1.0000e-04
Epoch 97/200
51/51 - 3s - 50ms/step - accuracy: 0.9316 - loss: 0.2543 - val_accuracy: 0.9181 - val_loss: 0.2765 - learning_rate: 1.0000e-04
Epoch 98/200
51/51 - 2s - 34ms/step - accuracy: 0.9291 - loss: 0.2520 - val_accuracy: 0.9095 - val_loss: 0.2954 - learning_rate: 1.0000e-04
Epoch 99/200
51/51 - 2s - 34ms/step - accuracy: 0.9316 - loss: 0.2506 - val_accuracy: 0.9138 - val_loss: 0.2792 - learning_rate: 1.0000e-04
Epoch 100/200
51/51 - 2s - 33ms/step - accuracy: 0.9439 - loss: 0.2230 - val_accuracy: 0.9095 - val_loss: 0.2827 - learning_rate: 1.0000e-04
Epoch 101/200
51/51 - 2s - 34ms/step - accuracy: 0.9279 - loss: 0.2479 - val_accuracy: 0.9224 - val_loss: 0.2875 - learning_rate: 1.0000e-04
Epoch 102/200
51/51 - 2s - 32ms/step - accuracy: 0.9421 - loss: 0.2236 - val_accuracy: 0.9181 - val_loss: 0.2951 - learning_rate: 1.0000e-04
Epoch 103/200
51/51 - 1s - 29ms/step - accuracy: 0.9310 - loss: 0.2350 - val_accuracy: 0.9224 - val_loss: 0.2814 - learning_rate: 1.0000e-04
Epoch 104/200
51/51 - 1s - 29ms/step - accuracy: 0.9415 - loss: 0.2002 - val_accuracy: 0.9353 - val_loss: 0.2659 - learning_rate: 5.0000e-05
Epoch 105/200
51/51 - 2s - 30ms/step - accuracy: 0.9452 - loss: 0.2049 - val_accuracy: 0.9181 - val_loss: 0.2805 - learning_rate: 5.0000e-05
Epoch 106/200
51/51 - 2s - 30ms/step - accuracy: 0.9470 - loss: 0.1913 - val_accuracy: 0.9310 - val_loss: 0.2729 - learning_rate: 5.0000e-05
Epoch 107/200
51/51 - 1s - 28ms/step - accuracy: 0.9482 - loss: 0.2106 - val_accuracy: 0.9310 - val_loss: 0.2724 - learning_rate: 5.0000e-05
Epoch 108/200
51/51 - 1s - 29ms/step - accuracy: 0.9519 - loss: 0.1901 - val_accuracy: 0.9397 - val_loss: 0.2567 - learning_rate: 5.0000e-05
Epoch 109/200
51/51 - 2s - 32ms/step - accuracy: 0.9445 - loss: 0.2051 - val_accuracy: 0.9440 - val_loss: 0.2523 - learning_rate: 5.0000e-05
Epoch 110/200
51/51 - 2s - 31ms/step - accuracy: 0.9439 - loss: 0.2075 - val_accuracy: 0.9181 - val_loss: 0.2597 - learning_rate: 5.0000e-05
Epoch 111/200
51/51 - 1s - 29ms/step - accuracy: 0.9476 - loss: 0.2022 - val_accuracy: 0.9353 - val_loss: 0.2529 - learning_rate: 5.0000e-05
Epoch 112/200
51/51 - 1s - 28ms/step - accuracy: 0.9439 - loss: 0.1963 - val_accuracy: 0.9310 - val_loss: 0.2645 - learning_rate: 5.0000e-05
Epoch 113/200
51/51 - 2s - 30ms/step - accuracy: 0.9501 - loss: 0.1959 - val_accuracy: 0.9310 - val_loss: 0.2590 - learning_rate: 5.0000e-05
Epoch 114/200
51/51 - 2s - 29ms/step - accuracy: 0.9458 - loss: 0.1863 - val_accuracy: 0.9224 - val_loss: 0.2739 - learning_rate: 5.0000e-05
Epoch 115/200
51/51 - 2s - 30ms/step - accuracy: 0.9507 - loss: 0.1852 - val_accuracy: 0.9224 - val_loss: 0.2622 - learning_rate: 5.0000e-05
Epoch 116/200
51/51 - 2s - 32ms/step - accuracy: 0.9569 - loss: 0.1819 - val_accuracy: 0.9267 - val_loss: 0.2624 - learning_rate: 5.0000e-05
Epoch 117/200
51/51 - 1s - 29ms/step - accuracy: 0.9519 - loss: 0.1870 - val_accuracy: 0.9267 - val_loss: 0.2495 - learning_rate: 5.0000e-05
Epoch 118/200
51/51 - 1s - 27ms/step - accuracy: 0.9482 - loss: 0.1859 - val_accuracy: 0.9224 - val_loss: 0.2558 - learning_rate: 5.0000e-05
Epoch 119/200
51/51 - 1s - 27ms/step - accuracy: 0.9587 - loss: 0.1865 - val_accuracy: 0.9181 - val_loss: 0.2726 - learning_rate: 5.0000e-05
Epoch 120/200
51/51 - 1s - 26ms/step - accuracy: 0.9421 - loss: 0.1935 - val_accuracy: 0.9353 - val_loss: 0.2567 - learning_rate: 5.0000e-05
Epoch 121/200
51/51 - 1s - 28ms/step - accuracy: 0.9464 - loss: 0.1896 - val_accuracy: 0.9267 - val_loss: 0.2621 - learning_rate: 5.0000e-05
Epoch 122/200
51/51 - 1s - 28ms/step - accuracy: 0.9458 - loss: 0.1957 - val_accuracy: 0.9267 - val_loss: 0.2458 - learning_rate: 5.0000e-05
Epoch 123/200
51/51 - 1s - 27ms/step - accuracy: 0.9526 - loss: 0.1729 - val_accuracy: 0.9181 - val_loss: 0.2528 - learning_rate: 5.0000e-05
Epoch 124/200
51/51 - 1s - 29ms/step - accuracy: 0.9550 - loss: 0.1724 - val_accuracy: 0.9353 - val_loss: 0.2442 - learning_rate: 5.0000e-05
Epoch 125/200
51/51 - 1s - 28ms/step - accuracy: 0.9519 - loss: 0.1733 - val_accuracy: 0.9310 - val_loss: 0.2479 - learning_rate: 5.0000e-05
Epoch 126/200
51/51 - 1s - 29ms/step - accuracy: 0.9563 - loss: 0.1733 - val_accuracy: 0.9138 - val_loss: 0.2610 - learning_rate: 5.0000e-05
Epoch 127/200
51/51 - 1s - 29ms/step - accuracy: 0.9513 - loss: 0.1695 - val_accuracy: 0.9138 - val_loss: 0.2710 - learning_rate: 5.0000e-05
Epoch 128/200
51/51 - 2s - 30ms/step - accuracy: 0.9507 - loss: 0.1726 - val_accuracy: 0.9310 - val_loss: 0.2516 - learning_rate: 5.0000e-05
Epoch 129/200
51/51 - 2s - 37ms/step - accuracy: 0.9587 - loss: 0.1767 - val_accuracy: 0.9267 - val_loss: 0.2548 - learning_rate: 5.0000e-05
Epoch 130/200
51/51 - 2s - 36ms/step - accuracy: 0.9600 - loss: 0.1580 - val_accuracy: 0.9310 - val_loss: 0.2423 - learning_rate: 5.0000e-05
Epoch 131/200
51/51 - 2s - 37ms/step - accuracy: 0.9458 - loss: 0.1850 - val_accuracy: 0.9353 - val_loss: 0.2549 - learning_rate: 5.0000e-05
Epoch 132/200
51/51 - 2s - 38ms/step - accuracy: 0.9526 - loss: 0.1756 - val_accuracy: 0.9267 - val_loss: 0.2438 - learning_rate: 5.0000e-05
Epoch 133/200
51/51 - 2s - 34ms/step - accuracy: 0.9538 - loss: 0.1757 - val_accuracy: 0.9224 - val_loss: 0.2436 - learning_rate: 5.0000e-05
Epoch 134/200
51/51 - 2s - 48ms/step - accuracy: 0.9550 - loss: 0.1637 - val_accuracy: 0.9138 - val_loss: 0.2535 - learning_rate: 5.0000e-05
Epoch 135/200
51/51 - 1s - 29ms/step - accuracy: 0.9538 - loss: 0.1746 - val_accuracy: 0.9181 - val_loss: 0.2634 - learning_rate: 5.0000e-05
Epoch 136/200
51/51 - 1s - 29ms/step - accuracy: 0.9538 - loss: 0.1695 - val_accuracy: 0.9267 - val_loss: 0.2408 - learning_rate: 5.0000e-05
Epoch 137/200
51/51 - 1s - 28ms/step - accuracy: 0.9556 - loss: 0.1687 - val_accuracy: 0.9353 - val_loss: 0.2472 - learning_rate: 5.0000e-05
Epoch 138/200
51/51 - 1s - 28ms/step - accuracy: 0.9421 - loss: 0.1812 - val_accuracy: 0.9138 - val_loss: 0.2514 - learning_rate: 5.0000e-05
Epoch 139/200
51/51 - 3s - 53ms/step - accuracy: 0.9575 - loss: 0.1587 - val_accuracy: 0.9224 - val_loss: 0.2528 - learning_rate: 5.0000e-05
Epoch 140/200
51/51 - 1s - 28ms/step - accuracy: 0.9618 - loss: 0.1501 - val_accuracy: 0.9181 - val_loss: 0.2572 - learning_rate: 5.0000e-05
Epoch 141/200
51/51 - 1s - 29ms/step - accuracy: 0.9538 - loss: 0.1707 - val_accuracy: 0.9267 - val_loss: 0.2510 - learning_rate: 5.0000e-05
Epoch 142/200
51/51 - 1s - 28ms/step - accuracy: 0.9581 - loss: 0.1516 - val_accuracy: 0.9353 - val_loss: 0.2413 - learning_rate: 5.0000e-05
Epoch 143/200
51/51 - 1s - 28ms/step - accuracy: 0.9618 - loss: 0.1557 - val_accuracy: 0.9310 - val_loss: 0.2443 - learning_rate: 5.0000e-05
Epoch 144/200
51/51 - 1s - 29ms/step - accuracy: 0.9593 - loss: 0.1483 - val_accuracy: 0.9310 - val_loss: 0.2329 - learning_rate: 5.0000e-05
Epoch 145/200
51/51 - 1s - 28ms/step - accuracy: 0.9600 - loss: 0.1545 - val_accuracy: 0.9310 - val_loss: 0.2437 - learning_rate: 5.0000e-05
Epoch 146/200
51/51 - 1s - 27ms/step - accuracy: 0.9569 - loss: 0.1560 - val_accuracy: 0.9095 - val_loss: 0.2522 - learning_rate: 5.0000e-05
Epoch 147/200
51/51 - 2s - 30ms/step - accuracy: 0.9618 - loss: 0.1475 - val_accuracy: 0.9267 - val_loss: 0.2448 - learning_rate: 5.0000e-05
Epoch 148/200
51/51 - 1s - 28ms/step - accuracy: 0.9606 - loss: 0.1551 - val_accuracy: 0.9440 - val_loss: 0.2323 - learning_rate: 5.0000e-05
Epoch 149/200
51/51 - 1s - 27ms/step - accuracy: 0.9624 - loss: 0.1479 - val_accuracy: 0.9267 - val_loss: 0.2486 - learning_rate: 5.0000e-05
Epoch 150/200
51/51 - 1s - 29ms/step - accuracy: 0.9581 - loss: 0.1455 - val_accuracy: 0.9267 - val_loss: 0.2571 - learning_rate: 5.0000e-05
Epoch 151/200
51/51 - 1s - 28ms/step - accuracy: 0.9655 - loss: 0.1421 - val_accuracy: 0.9267 - val_loss: 0.2481 - learning_rate: 5.0000e-05
Epoch 152/200
51/51 - 1s - 28ms/step - accuracy: 0.9618 - loss: 0.1437 - val_accuracy: 0.9181 - val_loss: 0.2488 - learning_rate: 5.0000e-05
Epoch 153/200
51/51 - 1s - 29ms/step - accuracy: 0.9624 - loss: 0.1465 - val_accuracy: 0.9353 - val_loss: 0.2387 - learning_rate: 5.0000e-05
Epoch 154/200
51/51 - 1s - 28ms/step - accuracy: 0.9667 - loss: 0.1381 - val_accuracy: 0.9267 - val_loss: 0.2427 - learning_rate: 5.0000e-05
Epoch 155/200
51/51 - 1s - 28ms/step - accuracy: 0.9618 - loss: 0.1459 - val_accuracy: 0.9397 - val_loss: 0.2335 - learning_rate: 5.0000e-05
Epoch 156/200
51/51 - 1s - 29ms/step - accuracy: 0.9606 - loss: 0.1393 - val_accuracy: 0.9310 - val_loss: 0.2427 - learning_rate: 5.0000e-05
Epoch 157/200
51/51 - 1s - 27ms/step - accuracy: 0.9612 - loss: 0.1448 - val_accuracy: 0.9267 - val_loss: 0.2402 - learning_rate: 5.0000e-05
Epoch 158/200
51/51 - 2s - 34ms/step - accuracy: 0.9667 - loss: 0.1341 - val_accuracy: 0.9310 - val_loss: 0.2446 - learning_rate: 5.0000e-05
Epoch 159/200
51/51 - 2s - 34ms/step - accuracy: 0.9667 - loss: 0.1267 - val_accuracy: 0.9310 - val_loss: 0.2457 - learning_rate: 2.5000e-05
Epoch 160/200
51/51 - 2s - 33ms/step - accuracy: 0.9692 - loss: 0.1200 - val_accuracy: 0.9310 - val_loss: 0.2411 - learning_rate: 2.5000e-05
Epoch 161/200
51/51 - 2s - 30ms/step - accuracy: 0.9686 - loss: 0.1295 - val_accuracy: 0.9267 - val_loss: 0.2416 - learning_rate: 2.5000e-05
Epoch 162/200
51/51 - 1s - 29ms/step - accuracy: 0.9667 - loss: 0.1292 - val_accuracy: 0.9224 - val_loss: 0.2372 - learning_rate: 2.5000e-05
Epoch 163/200
51/51 - 1s - 29ms/step - accuracy: 0.9698 - loss: 0.1178 - val_accuracy: 0.9267 - val_loss: 0.2348 - learning_rate: 2.5000e-05
Epoch 164/200
51/51 - 1s - 29ms/step - accuracy: 0.9624 - loss: 0.1317 - val_accuracy: 0.9310 - val_loss: 0.2343 - learning_rate: 2.5000e-05
Epoch 165/200
51/51 - 1s - 28ms/step - accuracy: 0.9710 - loss: 0.1274 - val_accuracy: 0.9310 - val_loss: 0.2404 - learning_rate: 2.5000e-05
Epoch 166/200
51/51 - 1s - 28ms/step - accuracy: 0.9680 - loss: 0.1270 - val_accuracy: 0.9310 - val_loss: 0.2385 - learning_rate: 2.5000e-05
Epoch 167/200
51/51 - 2s - 31ms/step - accuracy: 0.9710 - loss: 0.1231 - val_accuracy: 0.9267 - val_loss: 0.2529 - learning_rate: 2.5000e-05
Epoch 168/200
51/51 - 2s - 29ms/step - accuracy: 0.9667 - loss: 0.1308 - val_accuracy: 0.9353 - val_loss: 0.2435 - learning_rate: 2.5000e-05
Epoch 169/200
51/51 - 1s - 28ms/step - accuracy: 0.9791 - loss: 0.1126 - val_accuracy: 0.9224 - val_loss: 0.2418 - learning_rate: 1.2500e-05
Epoch 170/200
51/51 - 1s - 29ms/step - accuracy: 0.9698 - loss: 0.1240 - val_accuracy: 0.9224 - val_loss: 0.2424 - learning_rate: 1.2500e-05
Epoch 171/200
51/51 - 1s - 28ms/step - accuracy: 0.9655 - loss: 0.1272 - val_accuracy: 0.9310 - val_loss: 0.2421 - learning_rate: 1.2500e-05
Epoch 172/200
51/51 - 1s - 28ms/step - accuracy: 0.9735 - loss: 0.1229 - val_accuracy: 0.9310 - val_loss: 0.2379 - learning_rate: 1.2500e-05
Epoch 173/200
51/51 - 1s - 29ms/step - accuracy: 0.9673 - loss: 0.1181 - val_accuracy: 0.9267 - val_loss: 0.2380 - learning_rate: 1.2500e-05
Epoch 174/200
51/51 - 2s - 31ms/step - accuracy: 0.9729 - loss: 0.1188 - val_accuracy: 0.9267 - val_loss: 0.2385 - learning_rate: 1.2500e-05
Epoch 175/200
51/51 - 1s - 28ms/step - accuracy: 0.9655 - loss: 0.1355 - val_accuracy: 0.9267 - val_loss: 0.2435 - learning_rate: 1.2500e-05
Epoch 176/200
51/51 - 1s - 29ms/step - accuracy: 0.9593 - loss: 0.1348 - val_accuracy: 0.9310 - val_loss: 0.2348 - learning_rate: 1.2500e-05
Epoch 177/200
51/51 - 1s - 28ms/step - accuracy: 0.9680 - loss: 0.1287 - val_accuracy: 0.9353 - val_loss: 0.2310 - learning_rate: 1.2500e-05
Epoch 178/200
51/51 - 2s - 30ms/step - accuracy: 0.9630 - loss: 0.1236 - val_accuracy: 0.9310 - val_loss: 0.2343 - learning_rate: 1.2500e-05
Epoch 179/200
51/51 - 2s - 30ms/step - accuracy: 0.9673 - loss: 0.1227 - val_accuracy: 0.9267 - val_loss: 0.2328 - learning_rate: 1.2500e-05
Epoch 180/200
51/51 - 1s - 28ms/step - accuracy: 0.9692 - loss: 0.1227 - val_accuracy: 0.9310 - val_loss: 0.2363 - learning_rate: 1.2500e-05
Epoch 181/200
51/51 - 1s - 27ms/step - accuracy: 0.9680 - loss: 0.1226 - val_accuracy: 0.9310 - val_loss: 0.2338 - learning_rate: 1.2500e-05
Epoch 182/200
51/51 - 1s - 28ms/step - accuracy: 0.9741 - loss: 0.1185 - val_accuracy: 0.9310 - val_loss: 0.2288 - learning_rate: 1.2500e-05
Epoch 183/200
51/51 - 1s - 27ms/step - accuracy: 0.9704 - loss: 0.1181 - val_accuracy: 0.9310 - val_loss: 0.2323 - learning_rate: 1.2500e-05
Epoch 184/200
51/51 - 1s - 28ms/step - accuracy: 0.9760 - loss: 0.1136 - val_accuracy: 0.9310 - val_loss: 0.2306 - learning_rate: 1.2500e-05
Epoch 185/200
51/51 - 1s - 29ms/step - accuracy: 0.9717 - loss: 0.1186 - val_accuracy: 0.9353 - val_loss: 0.2339 - learning_rate: 1.2500e-05
Epoch 186/200
51/51 - 1s - 27ms/step - accuracy: 0.9673 - loss: 0.1183 - val_accuracy: 0.9353 - val_loss: 0.2315 - learning_rate: 1.2500e-05
Epoch 187/200
51/51 - 1s - 29ms/step - accuracy: 0.9667 - loss: 0.1203 - val_accuracy: 0.9267 - val_loss: 0.2398 - learning_rate: 1.2500e-05
Epoch 188/200
51/51 - 1s - 28ms/step - accuracy: 0.9643 - loss: 0.1279 - val_accuracy: 0.9310 - val_loss: 0.2358 - learning_rate: 1.2500e-05
Epoch 189/200
51/51 - 2s - 30ms/step - accuracy: 0.9754 - loss: 0.1172 - val_accuracy: 0.9267 - val_loss: 0.2390 - learning_rate: 1.2500e-05
Epoch 190/200
51/51 - 1s - 29ms/step - accuracy: 0.9710 - loss: 0.1161 - val_accuracy: 0.9353 - val_loss: 0.2366 - learning_rate: 1.2500e-05
Epoch 191/200
51/51 - 2s - 32ms/step - accuracy: 0.9673 - loss: 0.1224 - val_accuracy: 0.9267 - val_loss: 0.2416 - learning_rate: 1.2500e-05
Epoch 192/200
51/51 - 2s - 32ms/step - accuracy: 0.9704 - loss: 0.1131 - val_accuracy: 0.9397 - val_loss: 0.2346 - learning_rate: 1.2500e-05
Epoch 193/200
51/51 - 2s - 31ms/step - accuracy: 0.9636 - loss: 0.1265 - val_accuracy: 0.9310 - val_loss: 0.2372 - learning_rate: 6.2500e-06
Epoch 194/200
51/51 - 2s - 31ms/step - accuracy: 0.9723 - loss: 0.1191 - val_accuracy: 0.9397 - val_loss: 0.2369 - learning_rate: 6.2500e-06
Epoch 195/200
51/51 - 1s - 29ms/step - accuracy: 0.9636 - loss: 0.1298 - val_accuracy: 0.9397 - val_loss: 0.2376 - learning_rate: 6.2500e-06
Epoch 196/200
51/51 - 2s - 30ms/step - accuracy: 0.9729 - loss: 0.1197 - val_accuracy: 0.9397 - val_loss: 0.2411 - learning_rate: 6.2500e-06
Epoch 197/200
51/51 - 1s - 28ms/step - accuracy: 0.9710 - loss: 0.1167 - val_accuracy: 0.9353 - val_loss: 0.2419 - learning_rate: 6.2500e-06
Epoch 198/200
51/51 - 1s - 28ms/step - accuracy: 0.9729 - loss: 0.1257 - val_accuracy: 0.9397 - val_loss: 0.2444 - learning_rate: 6.2500e-06
Epoch 199/200
51/51 - 1s - 29ms/step - accuracy: 0.9673 - loss: 0.1273 - val_accuracy: 0.9397 - val_loss: 0.2408 - learning_rate: 6.2500e-06
Epoch 200/200
51/51 - 1s - 28ms/step - accuracy: 0.9710 - loss: 0.1194 - val_accuracy: 0.9397 - val_loss: 0.2387 - learning_rate: 6.2500e-06

[1m 1/15[0m [32m=[0m[37m===================[0m [1m4s[0m 294ms/step
[1m 8/15[0m [32m==========[0m[37m==========[0m [1m0s[0m 8ms/step  
[1m15/15[0m [32m====================[0m[37m[0m [1m0s[0m 22ms/step
[1m15/15[0m [32m====================[0m[37m[0m [1m1s[0m 24ms/step
              precision    recall  f1-score   support

           0     0.8000    0.9231    0.8571        13
           1     0.9286    1.0000    0.9630        13
           2     0.9231    0.8571    0.8889        14
           3     1.0000    1.0000    1.0000        14
           4     0.8000    0.9231    0.8571        13
           5     0.9286    0.9286    0.9286        14
           6     0.9333    1.0000    0.9655        14
           7     0.9231    0.9231    0.9231        13
           8     0.9286    0.9286    0.9286        14
           9     1.0000    0.9286    0.9630        14
          10     0.9333    0.9333    0.9333        15
          11     0.9231    0.8571    0.8889        14
          12     0.9333    1.0000    0.9655        14
          13     0.9091    0.7143    0.8000        14
          14     0.8750    1.0000    0.9333        14
          15     1.0000    1.0000    1.0000        13
          16     0.8750    0.9333    0.9032        15
          17     0.8667    0.9286    0.8966        14
          18     1.0000    0.8667    0.9286        15
          19     0.8235    1.0000    0.9032        14
          20     0.9286    0.8667    0.8966        15
          21     1.0000    0.9231    0.9600        13
          22     1.0000    1.0000    1.0000        15
          23     1.0000    0.7500    0.8571        12
          24     1.0000    1.0000    1.0000        14
          25     1.0000    1.0000    1.0000        15
          26     1.0000    0.9333    0.9655        15
          27     1.0000    0.8571    0.9231        14
          28     1.0000    1.0000    1.0000        14
          29     0.9231    0.8000    0.8571        15
          30     0.9333    0.9333    0.9333        15
          31     0.7368    0.9333    0.8235        15
          32     1.0000    1.0000    1.0000        14

    accuracy                         0.9289       464
   macro avg     0.9341    0.9286    0.9286       464
weighted avg     0.9341    0.9289    0.9288       464

Saved tcn.keras
