WARNING: All log messages before absl::InitializeLog() is called are written to STDERR
I0000 00:00:1789031811.410942    2572 port.cc:153] oneDNN custom operations are on. You may see slightly different numerical results due to floating-point round-off errors from different computation orders. To turn them off, set the environment variable `TF_ENABLE_ONEDNN_OPTS=0`.
WARNING: All log messages before absl::InitializeLog() is called are written to STDERR
I0000 00:00:1789031911.303131    2572 port.cc:153] oneDNN custom operations are on. You may see slightly different numerical results due to floating-point round-off errors from different computation orders. To turn them off, set the environment variable `TF_ENABLE_ONEDNN_OPTS=0`.
Train (1624, 75, 195), Val (464, 75, 195), Test (231, 75, 195)
I0000 00:00:1789032233.227668    2572 cpu_feature_guard.cc:227] This TensorFlow binary is optimized to use available CPU instructions in performance-critical operations.
To enable the following instructions: SSE3 SSE4.1 SSE4.2 AVX AVX2 AVX512F AVX512_VNNI FMA, in other operations, rebuild TensorFlow with the appropriate compiler flags.
WARNING:tensorflow:TensorFlow GPU support is not available on native Windows for TensorFlow >= 2.11. Even if CUDA/cuDNN are installed, GPU will not be used. Please use WSL2 or the TensorFlow-DirectML plugin.
Model: "TCN"
+--------------------------------------------------------------------------+
| Layer (type)        | Output Shape      |    Param # | Connected to      |
|---------------------+-------------------+------------+-------------------|
| input_layer         | (None, 75, 195)   |          0 | -                 |
| (InputLayer)        |                   |            |                   |
|---------------------+-------------------+------------+-------------------|
| zero_padding1d      | (None, 77, 195)   |          0 | input_layer[0][0] |
| (ZeroPadding1D)     |                   |            |                   |
|---------------------+-------------------+------------+-------------------|
| conv1d (Conv1D)     | (None, 75, 64)    |     37,504 | zero_padding1d[0… |
|---------------------+-------------------+------------+-------------------|
| batch_normalization | (None, 75, 64)    |        256 | conv1d[0][0]      |
| (BatchNormalizatio… |                   |            |                   |
|---------------------+-------------------+------------+-------------------|
| activation          | (None, 75, 64)    |          0 | batch_normalizat… |
| (Activation)        |                   |            |                   |
|---------------------+-------------------+------------+-------------------|
| conv1d_1 (Conv1D)   | (None, 75, 64)    |     12,544 | input_layer[0][0] |
|---------------------+-------------------+------------+-------------------|
| dropout (Dropout)   | (None, 75, 64)    |          0 | activation[0][0]  |
|---------------------+-------------------+------------+-------------------|
| add (Add)           | (None, 75, 64)    |          0 | conv1d_1[0][0],   |
|                     |                   |            | dropout[0][0]     |
|---------------------+-------------------+------------+-------------------|
| activation_1        | (None, 75, 64)    |          0 | add[0][0]         |
| (Activation)        |                   |            |                   |
|---------------------+-------------------+------------+-------------------|
| zero_padding1d_1    | (None, 79, 64)    |          0 | activation_1[0][… |
| (ZeroPadding1D)     |                   |            |                   |
|---------------------+-------------------+------------+-------------------|
| conv1d_2 (Conv1D)   | (None, 75, 64)    |     12,352 | zero_padding1d_1… |
|---------------------+-------------------+------------+-------------------|
| batch_normalizatio… | (None, 75, 64)    |        256 | conv1d_2[0][0]    |
| (BatchNormalizatio… |                   |            |                   |
|---------------------+-------------------+------------+-------------------|
| activation_2        | (None, 75, 64)    |          0 | batch_normalizat… |
| (Activation)        |                   |            |                   |
|---------------------+-------------------+------------+-------------------|
| dropout_1 (Dropout) | (None, 75, 64)    |          0 | activation_2[0][… |
|---------------------+-------------------+------------+-------------------|
| add_1 (Add)         | (None, 75, 64)    |          0 | activation_1[0][… |
|                     |                   |            | dropout_1[0][0]   |
|---------------------+-------------------+------------+-------------------|
| activation_3        | (None, 75, 64)    |          0 | add_1[0][0]       |
| (Activation)        |                   |            |                   |
|---------------------+-------------------+------------+-------------------|
| zero_padding1d_2    | (None, 83, 64)    |          0 | activation_3[0][… |
| (ZeroPadding1D)     |                   |            |                   |
|---------------------+-------------------+------------+-------------------|
| conv1d_3 (Conv1D)   | (None, 75, 64)    |     12,352 | zero_padding1d_2… |
|---------------------+-------------------+------------+-------------------|
| batch_normalizatio… | (None, 75, 64)    |        256 | conv1d_3[0][0]    |
| (BatchNormalizatio… |                   |            |                   |
|---------------------+-------------------+------------+-------------------|
| activation_4        | (None, 75, 64)    |          0 | batch_normalizat… |
| (Activation)        |                   |            |                   |
|---------------------+-------------------+------------+-------------------|
| dropout_2 (Dropout) | (None, 75, 64)    |          0 | activation_4[0][… |
|---------------------+-------------------+------------+-------------------|
| add_2 (Add)         | (None, 75, 64)    |          0 | activation_3[0][… |
|                     |                   |            | dropout_2[0][0]   |
|---------------------+-------------------+------------+-------------------|
| activation_5        | (None, 75, 64)    |          0 | add_2[0][0]       |
| (Activation)        |                   |            |                   |
|---------------------+-------------------+------------+-------------------|
| zero_padding1d_3    | (None, 91, 64)    |          0 | activation_5[0][… |
| (ZeroPadding1D)     |                   |            |                   |
|---------------------+-------------------+------------+-------------------|
| conv1d_4 (Conv1D)   | (None, 75, 64)    |     12,352 | zero_padding1d_3… |
|---------------------+-------------------+------------+-------------------|
| batch_normalizatio… | (None, 75, 64)    |        256 | conv1d_4[0][0]    |
| (BatchNormalizatio… |                   |            |                   |
|---------------------+-------------------+------------+-------------------|
| activation_6        | (None, 75, 64)    |          0 | batch_normalizat… |
| (Activation)        |                   |            |                   |
|---------------------+-------------------+------------+-------------------|
| dropout_3 (Dropout) | (None, 75, 64)    |          0 | activation_6[0][… |
|---------------------+-------------------+------------+-------------------|
| add_3 (Add)         | (None, 75, 64)    |          0 | activation_5[0][… |
|                     |                   |            | dropout_3[0][0]   |
|---------------------+-------------------+------------+-------------------|
| activation_7        | (None, 75, 64)    |          0 | add_3[0][0]       |
| (Activation)        |                   |            |                   |
|---------------------+-------------------+------------+-------------------|
| global_average_poo… | (None, 64)        |          0 | activation_7[0][… |
| (GlobalAveragePool… |                   |            |                   |
|---------------------+-------------------+------------+-------------------|
| dense (Dense)       | (None, 128)       |      8,320 | global_average_p… |
|---------------------+-------------------+------------+-------------------|
| dropout_4 (Dropout) | (None, 128)       |          0 | dense[0][0]       |
|---------------------+-------------------+------------+-------------------|
| dense_1 (Dense)     | (None, 33)        |      4,257 | dropout_4[0][0]   |
+--------------------------------------------------------------------------+
 Total params: 100,705 (393.38 KB)
 Trainable params: 100,193 (391.38 KB)
 Non-trainable params: 512 (2.00 KB)
Epoch 1/200
51/51 - 1316s - 26s/step - accuracy: 0.0419 - loss: 4.0548 - val_accuracy: 0.0302 - val_loss: 3.5311 - learning_rate: 1.0000e-04
Epoch 2/200
51/51 - 73s - 1s/step - accuracy: 0.0591 - loss: 3.5624 - val_accuracy: 0.0797 - val_loss: 3.3965 - learning_rate: 1.0000e-04
Epoch 3/200
51/51 - 75s - 1s/step - accuracy: 0.0942 - loss: 3.3030 - val_accuracy: 0.1078 - val_loss: 3.2838 - learning_rate: 1.0000e-04
Epoch 4/200
51/51 - 65s - 1s/step - accuracy: 0.1238 - loss: 3.1583 - val_accuracy: 0.1530 - val_loss: 3.1867 - learning_rate: 1.0000e-04
Epoch 5/200
51/51 - 52s - 1s/step - accuracy: 0.1466 - loss: 3.0163 - val_accuracy: 0.1918 - val_loss: 3.0408 - learning_rate: 1.0000e-04
Epoch 6/200
51/51 - 50s - 988ms/step - accuracy: 0.1890 - loss: 2.8802 - val_accuracy: 0.2522 - val_loss: 2.9064 - learning_rate: 1.0000e-04
Epoch 7/200
51/51 - 62s - 1s/step - accuracy: 0.2204 - loss: 2.7378 - val_accuracy: 0.3082 - val_loss: 2.7755 - learning_rate: 1.0000e-04
Epoch 8/200
51/51 - 74s - 1s/step - accuracy: 0.2500 - loss: 2.6235 - val_accuracy: 0.3427 - val_loss: 2.6237 - learning_rate: 1.0000e-04
Epoch 9/200
51/51 - 1449s - 28s/step - accuracy: 0.2611 - loss: 2.5385 - val_accuracy: 0.3405 - val_loss: 2.4978 - learning_rate: 1.0000e-04
Epoch 10/200
51/51 - 31s - 617ms/step - accuracy: 0.2814 - loss: 2.4535 - val_accuracy: 0.3879 - val_loss: 2.3902 - learning_rate: 1.0000e-04
Epoch 11/200
51/51 - 31s - 616ms/step - accuracy: 0.3140 - loss: 2.3489 - val_accuracy: 0.4310 - val_loss: 2.2771 - learning_rate: 1.0000e-04
Epoch 12/200
51/51 - 25s - 491ms/step - accuracy: 0.3270 - loss: 2.2435 - val_accuracy: 0.4246 - val_loss: 2.2060 - learning_rate: 1.0000e-04
Epoch 13/200
51/51 - 33s - 638ms/step - accuracy: 0.3467 - loss: 2.2024 - val_accuracy: 0.4181 - val_loss: 2.1238 - learning_rate: 1.0000e-04
Epoch 14/200
51/51 - 15s - 291ms/step - accuracy: 0.3873 - loss: 2.0868 - val_accuracy: 0.4806 - val_loss: 2.0517 - learning_rate: 1.0000e-04
Epoch 15/200
51/51 - 14s - 282ms/step - accuracy: 0.3959 - loss: 2.0374 - val_accuracy: 0.4741 - val_loss: 1.9287 - learning_rate: 1.0000e-04
Epoch 16/200
51/51 - 22s - 438ms/step - accuracy: 0.4095 - loss: 1.9646 - val_accuracy: 0.4957 - val_loss: 1.8511 - learning_rate: 1.0000e-04
Epoch 17/200
51/51 - 26s - 506ms/step - accuracy: 0.4384 - loss: 1.8966 - val_accuracy: 0.5065 - val_loss: 1.8213 - learning_rate: 1.0000e-04
Epoch 18/200
51/51 - 24s - 462ms/step - accuracy: 0.4452 - loss: 1.8317 - val_accuracy: 0.4806 - val_loss: 1.8060 - learning_rate: 1.0000e-04
Epoch 19/200
51/51 - 19s - 378ms/step - accuracy: 0.4489 - loss: 1.7669 - val_accuracy: 0.5000 - val_loss: 1.7498 - learning_rate: 1.0000e-04
Epoch 20/200
51/51 - 13s - 261ms/step - accuracy: 0.4957 - loss: 1.6962 - val_accuracy: 0.4612 - val_loss: 1.8499 - learning_rate: 1.0000e-04
Epoch 21/200
51/51 - 12s - 231ms/step - accuracy: 0.5074 - loss: 1.6407 - val_accuracy: 0.5194 - val_loss: 1.6367 - learning_rate: 1.0000e-04
Epoch 22/200
51/51 - 29s - 576ms/step - accuracy: 0.5160 - loss: 1.5825 - val_accuracy: 0.5905 - val_loss: 1.5110 - learning_rate: 1.0000e-04
Epoch 23/200
51/51 - 9s - 175ms/step - accuracy: 0.5610 - loss: 1.4764 - val_accuracy: 0.5733 - val_loss: 1.5121 - learning_rate: 1.0000e-04
Epoch 24/200
51/51 - 5s - 95ms/step - accuracy: 0.5560 - loss: 1.5046 - val_accuracy: 0.6207 - val_loss: 1.3801 - learning_rate: 1.0000e-04
Epoch 25/200
51/51 - 4s - 81ms/step - accuracy: 0.5628 - loss: 1.4271 - val_accuracy: 0.6444 - val_loss: 1.3243 - learning_rate: 1.0000e-04
Epoch 26/200
51/51 - 1s - 27ms/step - accuracy: 0.5917 - loss: 1.3424 - val_accuracy: 0.6228 - val_loss: 1.2934 - learning_rate: 1.0000e-04
Epoch 27/200
51/51 - 2s - 33ms/step - accuracy: 0.5917 - loss: 1.3284 - val_accuracy: 0.5905 - val_loss: 1.3683 - learning_rate: 1.0000e-04
Epoch 28/200
51/51 - 1s - 29ms/step - accuracy: 0.6084 - loss: 1.2987 - val_accuracy: 0.5884 - val_loss: 1.3953 - learning_rate: 1.0000e-04
Epoch 29/200
51/51 - 3s - 67ms/step - accuracy: 0.6164 - loss: 1.2618 - val_accuracy: 0.6897 - val_loss: 1.2167 - learning_rate: 1.0000e-04
Epoch 30/200
51/51 - 3s - 55ms/step - accuracy: 0.6219 - loss: 1.2353 - val_accuracy: 0.6487 - val_loss: 1.2509 - learning_rate: 1.0000e-04
Epoch 31/200
51/51 - 4s - 72ms/step - accuracy: 0.6385 - loss: 1.1745 - val_accuracy: 0.7220 - val_loss: 1.0529 - learning_rate: 1.0000e-04
Epoch 32/200
51/51 - 2s - 38ms/step - accuracy: 0.6447 - loss: 1.1438 - val_accuracy: 0.6228 - val_loss: 1.2017 - learning_rate: 1.0000e-04
Epoch 33/200
51/51 - 2s - 37ms/step - accuracy: 0.6564 - loss: 1.1036 - val_accuracy: 0.6336 - val_loss: 1.1944 - learning_rate: 1.0000e-04
Epoch 34/200
51/51 - 2s - 43ms/step - accuracy: 0.6810 - loss: 1.0707 - val_accuracy: 0.7177 - val_loss: 1.0207 - learning_rate: 1.0000e-04
Epoch 35/200
51/51 - 6s - 116ms/step - accuracy: 0.6712 - loss: 1.0650 - val_accuracy: 0.7306 - val_loss: 0.9928 - learning_rate: 1.0000e-04
Epoch 36/200
51/51 - 1s - 27ms/step - accuracy: 0.6798 - loss: 1.0409 - val_accuracy: 0.6315 - val_loss: 1.2118 - learning_rate: 1.0000e-04
Epoch 37/200
51/51 - 1s - 23ms/step - accuracy: 0.7050 - loss: 0.9816 - val_accuracy: 0.6832 - val_loss: 1.0534 - learning_rate: 1.0000e-04
Epoch 38/200
51/51 - 2s - 41ms/step - accuracy: 0.7211 - loss: 0.9471 - val_accuracy: 0.7328 - val_loss: 0.9472 - learning_rate: 1.0000e-04
Epoch 39/200
51/51 - 1s - 23ms/step - accuracy: 0.7272 - loss: 0.9321 - val_accuracy: 0.6983 - val_loss: 0.9857 - learning_rate: 1.0000e-04
Epoch 40/200
51/51 - 2s - 30ms/step - accuracy: 0.7469 - loss: 0.8928 - val_accuracy: 0.7091 - val_loss: 0.9370 - learning_rate: 1.0000e-04
Epoch 41/200
51/51 - 2s - 42ms/step - accuracy: 0.7549 - loss: 0.8621 - val_accuracy: 0.7155 - val_loss: 0.9116 - learning_rate: 1.0000e-04
Epoch 42/200
51/51 - 4s - 72ms/step - accuracy: 0.7309 - loss: 0.8657 - val_accuracy: 0.7608 - val_loss: 0.8258 - learning_rate: 1.0000e-04
Epoch 43/200
51/51 - 2s - 32ms/step - accuracy: 0.7445 - loss: 0.8173 - val_accuracy: 0.7522 - val_loss: 0.8580 - learning_rate: 1.0000e-04
Epoch 44/200
51/51 - 1s - 24ms/step - accuracy: 0.7549 - loss: 0.8237 - val_accuracy: 0.7500 - val_loss: 0.8653 - learning_rate: 1.0000e-04
Epoch 45/200
51/51 - 2s - 37ms/step - accuracy: 0.7789 - loss: 0.7717 - val_accuracy: 0.5862 - val_loss: 1.1649 - learning_rate: 1.0000e-04
Epoch 46/200
51/51 - 6s - 112ms/step - accuracy: 0.7752 - loss: 0.7797 - val_accuracy: 0.7608 - val_loss: 0.7762 - learning_rate: 1.0000e-04
Epoch 47/200
51/51 - 1s - 26ms/step - accuracy: 0.7814 - loss: 0.7504 - val_accuracy: 0.7155 - val_loss: 0.9053 - learning_rate: 1.0000e-04
Epoch 48/200
51/51 - 1s - 29ms/step - accuracy: 0.7623 - loss: 0.7543 - val_accuracy: 0.6616 - val_loss: 0.9890 - learning_rate: 1.0000e-04
Epoch 49/200
51/51 - 1s - 25ms/step - accuracy: 0.7869 - loss: 0.7279 - val_accuracy: 0.6703 - val_loss: 1.0126 - learning_rate: 1.0000e-04
Epoch 50/200
51/51 - 5s - 94ms/step - accuracy: 0.7882 - loss: 0.7115 - val_accuracy: 0.7629 - val_loss: 0.7845 - learning_rate: 1.0000e-04
Epoch 51/200
51/51 - 1s - 25ms/step - accuracy: 0.7820 - loss: 0.7151 - val_accuracy: 0.7069 - val_loss: 0.9065 - learning_rate: 1.0000e-04
Epoch 52/200
51/51 - 1s - 23ms/step - accuracy: 0.7900 - loss: 0.6976 - val_accuracy: 0.5905 - val_loss: 1.2446 - learning_rate: 1.0000e-04
Epoch 53/200
51/51 - 4s - 87ms/step - accuracy: 0.7999 - loss: 0.6922 - val_accuracy: 0.7500 - val_loss: 0.8252 - learning_rate: 1.0000e-04
Epoch 54/200
51/51 - 4s - 77ms/step - accuracy: 0.7925 - loss: 0.6712 - val_accuracy: 0.7996 - val_loss: 0.7012 - learning_rate: 1.0000e-04
Epoch 55/200
51/51 - 3s - 57ms/step - accuracy: 0.7943 - loss: 0.6565 - val_accuracy: 0.7586 - val_loss: 0.7907 - learning_rate: 1.0000e-04
Epoch 56/200
51/51 - 3s - 54ms/step - accuracy: 0.8067 - loss: 0.6501 - val_accuracy: 0.7435 - val_loss: 0.7716 - learning_rate: 1.0000e-04
Epoch 57/200
51/51 - 7s - 130ms/step - accuracy: 0.8023 - loss: 0.6367 - val_accuracy: 0.8168 - val_loss: 0.6139 - learning_rate: 1.0000e-04
Epoch 58/200
51/51 - 4s - 84ms/step - accuracy: 0.8122 - loss: 0.6186 - val_accuracy: 0.6185 - val_loss: 1.1229 - learning_rate: 1.0000e-04
Epoch 59/200
51/51 - 1s - 28ms/step - accuracy: 0.8245 - loss: 0.5804 - val_accuracy: 0.7974 - val_loss: 0.6630 - learning_rate: 1.0000e-04
Epoch 60/200
51/51 - 1s - 23ms/step - accuracy: 0.8202 - loss: 0.5866 - val_accuracy: 0.7371 - val_loss: 0.7954 - learning_rate: 1.0000e-04
Epoch 61/200
51/51 - 1s - 25ms/step - accuracy: 0.8208 - loss: 0.5783 - val_accuracy: 0.7328 - val_loss: 0.8129 - learning_rate: 1.0000e-04
Epoch 62/200
51/51 - 2s - 38ms/step - accuracy: 0.8362 - loss: 0.5568 - val_accuracy: 0.7263 - val_loss: 0.8138 - learning_rate: 1.0000e-04
Epoch 63/200
51/51 - 1s - 23ms/step - accuracy: 0.8233 - loss: 0.5631 - val_accuracy: 0.7414 - val_loss: 0.7859 - learning_rate: 1.0000e-04
Epoch 64/200
51/51 - 1s - 25ms/step - accuracy: 0.8325 - loss: 0.5390 - val_accuracy: 0.8168 - val_loss: 0.6127 - learning_rate: 1.0000e-04
Epoch 65/200
51/51 - 2s - 39ms/step - accuracy: 0.8411 - loss: 0.5181 - val_accuracy: 0.8448 - val_loss: 0.5774 - learning_rate: 1.0000e-04
Epoch 66/200
51/51 - 1s - 22ms/step - accuracy: 0.8300 - loss: 0.5338 - val_accuracy: 0.7759 - val_loss: 0.6910 - learning_rate: 1.0000e-04
Epoch 67/200
51/51 - 1s - 24ms/step - accuracy: 0.8479 - loss: 0.5096 - val_accuracy: 0.8060 - val_loss: 0.6698 - learning_rate: 1.0000e-04
Epoch 68/200
51/51 - 1s - 23ms/step - accuracy: 0.8467 - loss: 0.5195 - val_accuracy: 0.6767 - val_loss: 0.9274 - learning_rate: 1.0000e-04
Epoch 69/200
51/51 - 1s - 25ms/step - accuracy: 0.8491 - loss: 0.4975 - val_accuracy: 0.6746 - val_loss: 0.9336 - learning_rate: 1.0000e-04
Epoch 70/200
51/51 - 2s - 31ms/step - accuracy: 0.8534 - loss: 0.5001 - val_accuracy: 0.7909 - val_loss: 0.6207 - learning_rate: 1.0000e-04
Epoch 71/200
51/51 - 1s - 28ms/step - accuracy: 0.8553 - loss: 0.4975 - val_accuracy: 0.7565 - val_loss: 0.7862 - learning_rate: 1.0000e-04
Epoch 72/200
51/51 - 1s - 25ms/step - accuracy: 0.8461 - loss: 0.4785 - val_accuracy: 0.7866 - val_loss: 0.6669 - learning_rate: 1.0000e-04
Epoch 73/200
51/51 - 2s - 45ms/step - accuracy: 0.8664 - loss: 0.4591 - val_accuracy: 0.7522 - val_loss: 0.7371 - learning_rate: 1.0000e-04
Epoch 74/200
51/51 - 1s - 26ms/step - accuracy: 0.8467 - loss: 0.4717 - val_accuracy: 0.7953 - val_loss: 0.6102 - learning_rate: 1.0000e-04
Epoch 75/200
51/51 - 3s - 62ms/step - accuracy: 0.8639 - loss: 0.4758 - val_accuracy: 0.8017 - val_loss: 0.6959 - learning_rate: 1.0000e-04
Epoch 76/200
51/51 - 1s - 22ms/step - accuracy: 0.8738 - loss: 0.4256 - val_accuracy: 0.8341 - val_loss: 0.5468 - learning_rate: 5.0000e-05
Epoch 77/200
51/51 - 2s - 31ms/step - accuracy: 0.8793 - loss: 0.4241 - val_accuracy: 0.8362 - val_loss: 0.5256 - learning_rate: 5.0000e-05
Epoch 78/200
51/51 - 1s - 25ms/step - accuracy: 0.8756 - loss: 0.4158 - val_accuracy: 0.8427 - val_loss: 0.5379 - learning_rate: 5.0000e-05
Epoch 79/200
51/51 - 1s - 24ms/step - accuracy: 0.8713 - loss: 0.4271 - val_accuracy: 0.7780 - val_loss: 0.6562 - learning_rate: 5.0000e-05
Epoch 80/200
51/51 - 1s - 23ms/step - accuracy: 0.8879 - loss: 0.4055 - val_accuracy: 0.8254 - val_loss: 0.5482 - learning_rate: 5.0000e-05
Epoch 81/200
51/51 - 1s - 23ms/step - accuracy: 0.8719 - loss: 0.4155 - val_accuracy: 0.8319 - val_loss: 0.4816 - learning_rate: 5.0000e-05
Epoch 82/200
51/51 - 1s - 23ms/step - accuracy: 0.8836 - loss: 0.4076 - val_accuracy: 0.8254 - val_loss: 0.5499 - learning_rate: 5.0000e-05
Epoch 83/200
51/51 - 1s - 25ms/step - accuracy: 0.8855 - loss: 0.3929 - val_accuracy: 0.8556 - val_loss: 0.4833 - learning_rate: 5.0000e-05
Epoch 84/200
51/51 - 4s - 88ms/step - accuracy: 0.8824 - loss: 0.4026 - val_accuracy: 0.7672 - val_loss: 0.6486 - learning_rate: 5.0000e-05
Epoch 85/200
51/51 - 5s - 89ms/step - accuracy: 0.8910 - loss: 0.3899 - val_accuracy: 0.8642 - val_loss: 0.4671 - learning_rate: 5.0000e-05
Epoch 86/200
51/51 - 3s - 50ms/step - accuracy: 0.8990 - loss: 0.3786 - val_accuracy: 0.8836 - val_loss: 0.4167 - learning_rate: 5.0000e-05
Epoch 87/200
51/51 - 2s - 42ms/step - accuracy: 0.8805 - loss: 0.3866 - val_accuracy: 0.8491 - val_loss: 0.5258 - learning_rate: 5.0000e-05
Epoch 88/200
51/51 - 1s - 21ms/step - accuracy: 0.8762 - loss: 0.4048 - val_accuracy: 0.8427 - val_loss: 0.4609 - learning_rate: 5.0000e-05
Epoch 89/200
51/51 - 1s - 22ms/step - accuracy: 0.8836 - loss: 0.3815 - val_accuracy: 0.8470 - val_loss: 0.4786 - learning_rate: 5.0000e-05
Epoch 90/200
51/51 - 1s - 23ms/step - accuracy: 0.8916 - loss: 0.3817 - val_accuracy: 0.8405 - val_loss: 0.4972 - learning_rate: 5.0000e-05
Epoch 91/200
51/51 - 1s - 26ms/step - accuracy: 0.8892 - loss: 0.3683 - val_accuracy: 0.8448 - val_loss: 0.4587 - learning_rate: 5.0000e-05
Epoch 92/200
51/51 - 1s - 23ms/step - accuracy: 0.9027 - loss: 0.3580 - val_accuracy: 0.8664 - val_loss: 0.4475 - learning_rate: 5.0000e-05
Epoch 93/200
51/51 - 1s - 27ms/step - accuracy: 0.8910 - loss: 0.3660 - val_accuracy: 0.8319 - val_loss: 0.4970 - learning_rate: 5.0000e-05
Epoch 94/200
51/51 - 2s - 34ms/step - accuracy: 0.8935 - loss: 0.3659 - val_accuracy: 0.8039 - val_loss: 0.5385 - learning_rate: 5.0000e-05
Epoch 95/200
51/51 - 1s - 27ms/step - accuracy: 0.8910 - loss: 0.3833 - val_accuracy: 0.8772 - val_loss: 0.4477 - learning_rate: 5.0000e-05
Epoch 96/200
51/51 - 1s - 29ms/step - accuracy: 0.8947 - loss: 0.3543 - val_accuracy: 0.8491 - val_loss: 0.4637 - learning_rate: 5.0000e-05
Epoch 97/200
51/51 - 2s - 48ms/step - accuracy: 0.8849 - loss: 0.3680 - val_accuracy: 0.8491 - val_loss: 0.4508 - learning_rate: 2.5000e-05
Epoch 98/200
51/51 - 2s - 39ms/step - accuracy: 0.8935 - loss: 0.3586 - val_accuracy: 0.8728 - val_loss: 0.4211 - learning_rate: 2.5000e-05
Epoch 99/200
51/51 - 1s - 27ms/step - accuracy: 0.9076 - loss: 0.3447 - val_accuracy: 0.8685 - val_loss: 0.4465 - learning_rate: 2.5000e-05
Epoch 100/200
51/51 - 1s - 24ms/step - accuracy: 0.9027 - loss: 0.3450 - val_accuracy: 0.8556 - val_loss: 0.4563 - learning_rate: 2.5000e-05
Epoch 101/200
51/51 - 1s - 23ms/step - accuracy: 0.9089 - loss: 0.3265 - val_accuracy: 0.8815 - val_loss: 0.4119 - learning_rate: 2.5000e-05
Epoch 102/200
51/51 - 1s - 23ms/step - accuracy: 0.8990 - loss: 0.3474 - val_accuracy: 0.8578 - val_loss: 0.4515 - learning_rate: 2.5000e-05
Epoch 103/200
51/51 - 1s - 22ms/step - accuracy: 0.8966 - loss: 0.3547 - val_accuracy: 0.8728 - val_loss: 0.3988 - learning_rate: 2.5000e-05
Epoch 104/200
51/51 - 1s - 22ms/step - accuracy: 0.8990 - loss: 0.3374 - val_accuracy: 0.8815 - val_loss: 0.4190 - learning_rate: 2.5000e-05
Epoch 105/200
51/51 - 1s - 22ms/step - accuracy: 0.8996 - loss: 0.3381 - val_accuracy: 0.8707 - val_loss: 0.4169 - learning_rate: 2.5000e-05
Epoch 106/200
51/51 - 1s - 22ms/step - accuracy: 0.9113 - loss: 0.3248 - val_accuracy: 0.8664 - val_loss: 0.4239 - learning_rate: 2.5000e-05
Epoch 107/200
51/51 - 1s - 22ms/step - accuracy: 0.9089 - loss: 0.3305 - val_accuracy: 0.8664 - val_loss: 0.4287 - learning_rate: 2.5000e-05
Epoch 108/200
51/51 - 1s - 22ms/step - accuracy: 0.8996 - loss: 0.3291 - val_accuracy: 0.8513 - val_loss: 0.4378 - learning_rate: 2.5000e-05
Epoch 109/200
51/51 - 1s - 22ms/step - accuracy: 0.9033 - loss: 0.3250 - val_accuracy: 0.8793 - val_loss: 0.3853 - learning_rate: 2.5000e-05
Epoch 110/200
51/51 - 3s - 61ms/step - accuracy: 0.8996 - loss: 0.3217 - val_accuracy: 0.8362 - val_loss: 0.4941 - learning_rate: 2.5000e-05
Epoch 111/200
51/51 - 3s - 56ms/step - accuracy: 0.8941 - loss: 0.3418 - val_accuracy: 0.8750 - val_loss: 0.4281 - learning_rate: 2.5000e-05
Epoch 112/200
51/51 - 6s - 118ms/step - accuracy: 0.9076 - loss: 0.3232 - val_accuracy: 0.8901 - val_loss: 0.3861 - learning_rate: 2.5000e-05
Epoch 113/200
51/51 - 1s - 21ms/step - accuracy: 0.9089 - loss: 0.3189 - val_accuracy: 0.8836 - val_loss: 0.3981 - learning_rate: 2.5000e-05
Epoch 114/200
51/51 - 1s - 23ms/step - accuracy: 0.9070 - loss: 0.3285 - val_accuracy: 0.8534 - val_loss: 0.4615 - learning_rate: 2.5000e-05
Epoch 115/200
51/51 - 2s - 32ms/step - accuracy: 0.9033 - loss: 0.3270 - val_accuracy: 0.8599 - val_loss: 0.4230 - learning_rate: 2.5000e-05
Epoch 116/200
51/51 - 1s - 22ms/step - accuracy: 0.9027 - loss: 0.3390 - val_accuracy: 0.8707 - val_loss: 0.3891 - learning_rate: 2.5000e-05
Epoch 117/200
51/51 - 1s - 22ms/step - accuracy: 0.9021 - loss: 0.3171 - val_accuracy: 0.8362 - val_loss: 0.4840 - learning_rate: 2.5000e-05
Epoch 118/200
51/51 - 1s - 23ms/step - accuracy: 0.9107 - loss: 0.3171 - val_accuracy: 0.8901 - val_loss: 0.3779 - learning_rate: 2.5000e-05
Epoch 119/200
51/51 - 2s - 44ms/step - accuracy: 0.9064 - loss: 0.3322 - val_accuracy: 0.8836 - val_loss: 0.4000 - learning_rate: 2.5000e-05
Epoch 120/200
51/51 - 1s - 21ms/step - accuracy: 0.9027 - loss: 0.3241 - val_accuracy: 0.8879 - val_loss: 0.4000 - learning_rate: 2.5000e-05
Epoch 121/200
51/51 - 1s - 26ms/step - accuracy: 0.8996 - loss: 0.3224 - val_accuracy: 0.8621 - val_loss: 0.4428 - learning_rate: 2.5000e-05
Epoch 122/200
51/51 - 1s - 21ms/step - accuracy: 0.9070 - loss: 0.3134 - val_accuracy: 0.8772 - val_loss: 0.4138 - learning_rate: 2.5000e-05
Epoch 123/200
51/51 - 2s - 34ms/step - accuracy: 0.9175 - loss: 0.3011 - val_accuracy: 0.8707 - val_loss: 0.4185 - learning_rate: 2.5000e-05
Epoch 124/200
51/51 - 1s - 21ms/step - accuracy: 0.9083 - loss: 0.3184 - val_accuracy: 0.8815 - val_loss: 0.4061 - learning_rate: 2.5000e-05
Epoch 125/200
51/51 - 1s - 22ms/step - accuracy: 0.9169 - loss: 0.3051 - val_accuracy: 0.8793 - val_loss: 0.3964 - learning_rate: 2.5000e-05
Epoch 126/200
51/51 - 1s - 24ms/step - accuracy: 0.9076 - loss: 0.3064 - val_accuracy: 0.8470 - val_loss: 0.4555 - learning_rate: 2.5000e-05
Epoch 127/200
51/51 - 1s - 23ms/step - accuracy: 0.9206 - loss: 0.3060 - val_accuracy: 0.8750 - val_loss: 0.4124 - learning_rate: 2.5000e-05
Epoch 128/200
51/51 - 1s - 22ms/step - accuracy: 0.9101 - loss: 0.3096 - val_accuracy: 0.8793 - val_loss: 0.4268 - learning_rate: 2.5000e-05
Epoch 129/200
51/51 - 1s - 22ms/step - accuracy: 0.9132 - loss: 0.2973 - val_accuracy: 0.8815 - val_loss: 0.3747 - learning_rate: 1.2500e-05
Epoch 130/200
51/51 - 2s - 35ms/step - accuracy: 0.9224 - loss: 0.2995 - val_accuracy: 0.8966 - val_loss: 0.3791 - learning_rate: 1.2500e-05
Epoch 131/200
51/51 - 1s - 21ms/step - accuracy: 0.9058 - loss: 0.3156 - val_accuracy: 0.8815 - val_loss: 0.3862 - learning_rate: 1.2500e-05
Epoch 132/200
51/51 - 1s - 22ms/step - accuracy: 0.9119 - loss: 0.3111 - val_accuracy: 0.8966 - val_loss: 0.3750 - learning_rate: 1.2500e-05
Epoch 133/200
51/51 - 1s - 22ms/step - accuracy: 0.9163 - loss: 0.2900 - val_accuracy: 0.8858 - val_loss: 0.3809 - learning_rate: 1.2500e-05
Epoch 134/200
51/51 - 1s - 23ms/step - accuracy: 0.9089 - loss: 0.3041 - val_accuracy: 0.8944 - val_loss: 0.3767 - learning_rate: 1.2500e-05
Epoch 135/200
51/51 - 1s - 23ms/step - accuracy: 0.9095 - loss: 0.3008 - val_accuracy: 0.8922 - val_loss: 0.3656 - learning_rate: 1.2500e-05
Epoch 136/200
51/51 - 2s - 30ms/step - accuracy: 0.9224 - loss: 0.2817 - val_accuracy: 0.8966 - val_loss: 0.3592 - learning_rate: 1.2500e-05
Epoch 137/200
51/51 - 1s - 23ms/step - accuracy: 0.9200 - loss: 0.2737 - val_accuracy: 0.8901 - val_loss: 0.3720 - learning_rate: 1.2500e-05
Epoch 138/200
51/51 - 1s - 22ms/step - accuracy: 0.9169 - loss: 0.3081 - val_accuracy: 0.8815 - val_loss: 0.4027 - learning_rate: 1.2500e-05
Epoch 139/200
51/51 - 1s - 29ms/step - accuracy: 0.9138 - loss: 0.3075 - val_accuracy: 0.8987 - val_loss: 0.3650 - learning_rate: 1.2500e-05
Epoch 140/200
51/51 - 1s - 24ms/step - accuracy: 0.9267 - loss: 0.2667 - val_accuracy: 0.8966 - val_loss: 0.3774 - learning_rate: 1.2500e-05
Epoch 141/200
51/51 - 2s - 42ms/step - accuracy: 0.9156 - loss: 0.2961 - val_accuracy: 0.8966 - val_loss: 0.3898 - learning_rate: 1.2500e-05
Epoch 142/200
51/51 - 4s - 70ms/step - accuracy: 0.9169 - loss: 0.2862 - val_accuracy: 0.8966 - val_loss: 0.3737 - learning_rate: 1.2500e-05
Epoch 143/200
51/51 - 3s - 57ms/step - accuracy: 0.9132 - loss: 0.2967 - val_accuracy: 0.8879 - val_loss: 0.3667 - learning_rate: 1.2500e-05
Epoch 144/200
51/51 - 3s - 64ms/step - accuracy: 0.9138 - loss: 0.2902 - val_accuracy: 0.8966 - val_loss: 0.3648 - learning_rate: 1.2500e-05
Epoch 145/200
51/51 - 4s - 70ms/step - accuracy: 0.9212 - loss: 0.2813 - val_accuracy: 0.8944 - val_loss: 0.3789 - learning_rate: 1.2500e-05
Epoch 146/200
51/51 - 2s - 39ms/step - accuracy: 0.9033 - loss: 0.3010 - val_accuracy: 0.8922 - val_loss: 0.3695 - learning_rate: 1.2500e-05
Epoch 147/200
51/51 - 4s - 79ms/step - accuracy: 0.9169 - loss: 0.2919 - val_accuracy: 0.8922 - val_loss: 0.3725 - learning_rate: 6.2500e-06
Epoch 148/200
51/51 - 3s - 65ms/step - accuracy: 0.9243 - loss: 0.2760 - val_accuracy: 0.9030 - val_loss: 0.3627 - learning_rate: 6.2500e-06
Epoch 149/200
51/51 - 3s - 52ms/step - accuracy: 0.9224 - loss: 0.2835 - val_accuracy: 0.8901 - val_loss: 0.3813 - learning_rate: 6.2500e-06
Epoch 150/200
51/51 - 4s - 74ms/step - accuracy: 0.9119 - loss: 0.3013 - val_accuracy: 0.8922 - val_loss: 0.3702 - learning_rate: 6.2500e-06
Epoch 151/200
51/51 - 6s - 127ms/step - accuracy: 0.9126 - loss: 0.2965 - val_accuracy: 0.8944 - val_loss: 0.3730 - learning_rate: 6.2500e-06
Epoch 152/200
51/51 - 2s - 47ms/step - accuracy: 0.9138 - loss: 0.2910 - val_accuracy: 0.9052 - val_loss: 0.3626 - learning_rate: 6.2500e-06
Epoch 153/200
51/51 - 1s - 24ms/step - accuracy: 0.9261 - loss: 0.2806 - val_accuracy: 0.8944 - val_loss: 0.3721 - learning_rate: 6.2500e-06
Epoch 154/200
51/51 - 1s - 24ms/step - accuracy: 0.9193 - loss: 0.2756 - val_accuracy: 0.8987 - val_loss: 0.3683 - learning_rate: 6.2500e-06
Epoch 155/200
51/51 - 1s - 28ms/step - accuracy: 0.9156 - loss: 0.2871 - val_accuracy: 0.9095 - val_loss: 0.3585 - learning_rate: 6.2500e-06
Epoch 156/200
51/51 - 1s - 24ms/step - accuracy: 0.9181 - loss: 0.2881 - val_accuracy: 0.9009 - val_loss: 0.3597 - learning_rate: 6.2500e-06
Epoch 157/200
51/51 - 1s - 23ms/step - accuracy: 0.9273 - loss: 0.2826 - val_accuracy: 0.8987 - val_loss: 0.3570 - learning_rate: 6.2500e-06
Epoch 158/200
51/51 - 1s - 23ms/step - accuracy: 0.9200 - loss: 0.2862 - val_accuracy: 0.8901 - val_loss: 0.3653 - learning_rate: 6.2500e-06
Epoch 159/200
51/51 - 1s - 24ms/step - accuracy: 0.9181 - loss: 0.2867 - val_accuracy: 0.8901 - val_loss: 0.3668 - learning_rate: 6.2500e-06
Epoch 160/200
51/51 - 1s - 29ms/step - accuracy: 0.9206 - loss: 0.2728 - val_accuracy: 0.8901 - val_loss: 0.3655 - learning_rate: 6.2500e-06
Epoch 161/200
51/51 - 1s - 24ms/step - accuracy: 0.9181 - loss: 0.2929 - val_accuracy: 0.8987 - val_loss: 0.3623 - learning_rate: 6.2500e-06
Epoch 162/200
51/51 - 1s - 26ms/step - accuracy: 0.9397 - loss: 0.2613 - val_accuracy: 0.8966 - val_loss: 0.3595 - learning_rate: 6.2500e-06
Epoch 163/200
51/51 - 1s - 24ms/step - accuracy: 0.9193 - loss: 0.2810 - val_accuracy: 0.8922 - val_loss: 0.3742 - learning_rate: 6.2500e-06
Epoch 164/200
51/51 - 1s - 25ms/step - accuracy: 0.9200 - loss: 0.2855 - val_accuracy: 0.9052 - val_loss: 0.3575 - learning_rate: 6.2500e-06
Epoch 165/200
51/51 - 1s - 23ms/step - accuracy: 0.9138 - loss: 0.3068 - val_accuracy: 0.9030 - val_loss: 0.3620 - learning_rate: 6.2500e-06
Epoch 166/200
51/51 - 1s - 23ms/step - accuracy: 0.9163 - loss: 0.2875 - val_accuracy: 0.9052 - val_loss: 0.3533 - learning_rate: 6.2500e-06
Epoch 167/200
51/51 - 1s - 23ms/step - accuracy: 0.9255 - loss: 0.2829 - val_accuracy: 0.9073 - val_loss: 0.3517 - learning_rate: 6.2500e-06
Epoch 168/200
51/51 - 1s - 26ms/step - accuracy: 0.9236 - loss: 0.2761 - val_accuracy: 0.8987 - val_loss: 0.3523 - learning_rate: 6.2500e-06
Epoch 169/200
51/51 - 1s - 24ms/step - accuracy: 0.9249 - loss: 0.2768 - val_accuracy: 0.8879 - val_loss: 0.3899 - learning_rate: 6.2500e-06
Epoch 170/200
51/51 - 1s - 24ms/step - accuracy: 0.9138 - loss: 0.2778 - val_accuracy: 0.9009 - val_loss: 0.3749 - learning_rate: 6.2500e-06
Epoch 171/200
51/51 - 1s - 23ms/step - accuracy: 0.9212 - loss: 0.2772 - val_accuracy: 0.9052 - val_loss: 0.3560 - learning_rate: 6.2500e-06
Epoch 172/200
51/51 - 1s - 23ms/step - accuracy: 0.9292 - loss: 0.2703 - val_accuracy: 0.8966 - val_loss: 0.3534 - learning_rate: 6.2500e-06
Epoch 173/200
51/51 - 1s - 28ms/step - accuracy: 0.9206 - loss: 0.2722 - val_accuracy: 0.9009 - val_loss: 0.3596 - learning_rate: 6.2500e-06
Epoch 174/200
51/51 - 1s - 27ms/step - accuracy: 0.9236 - loss: 0.2807 - val_accuracy: 0.8987 - val_loss: 0.3644 - learning_rate: 6.2500e-06
Epoch 175/200
51/51 - 1s - 24ms/step - accuracy: 0.9329 - loss: 0.2683 - val_accuracy: 0.9030 - val_loss: 0.3629 - learning_rate: 6.2500e-06
Epoch 176/200
51/51 - 1s - 23ms/step - accuracy: 0.9360 - loss: 0.2509 - val_accuracy: 0.8944 - val_loss: 0.3614 - learning_rate: 6.2500e-06
Epoch 177/200
51/51 - 1s - 24ms/step - accuracy: 0.9150 - loss: 0.2851 - val_accuracy: 0.9009 - val_loss: 0.3607 - learning_rate: 6.2500e-06
Epoch 178/200
51/51 - 1s - 24ms/step - accuracy: 0.9113 - loss: 0.2932 - val_accuracy: 0.8987 - val_loss: 0.3538 - learning_rate: 3.1250e-06
Epoch 179/200
51/51 - 1s - 24ms/step - accuracy: 0.9230 - loss: 0.2606 - val_accuracy: 0.9073 - val_loss: 0.3572 - learning_rate: 3.1250e-06
Epoch 180/200
51/51 - 1s - 23ms/step - accuracy: 0.9212 - loss: 0.2890 - val_accuracy: 0.9052 - val_loss: 0.3601 - learning_rate: 3.1250e-06
Epoch 181/200
51/51 - 1s - 23ms/step - accuracy: 0.9267 - loss: 0.2802 - val_accuracy: 0.9030 - val_loss: 0.3587 - learning_rate: 3.1250e-06
Epoch 182/200
51/51 - 1s - 24ms/step - accuracy: 0.9169 - loss: 0.2812 - val_accuracy: 0.9030 - val_loss: 0.3587 - learning_rate: 3.1250e-06
Epoch 183/200
51/51 - 1s - 24ms/step - accuracy: 0.9101 - loss: 0.2881 - val_accuracy: 0.9009 - val_loss: 0.3609 - learning_rate: 3.1250e-06
Epoch 184/200
51/51 - 1s - 24ms/step - accuracy: 0.9286 - loss: 0.2682 - val_accuracy: 0.9052 - val_loss: 0.3562 - learning_rate: 3.1250e-06
Epoch 185/200
51/51 - 1s - 25ms/step - accuracy: 0.9200 - loss: 0.2764 - val_accuracy: 0.9073 - val_loss: 0.3521 - learning_rate: 3.1250e-06
Epoch 186/200
51/51 - 1s - 24ms/step - accuracy: 0.9206 - loss: 0.2712 - val_accuracy: 0.8966 - val_loss: 0.3597 - learning_rate: 3.1250e-06
Epoch 187/200
51/51 - 1s - 23ms/step - accuracy: 0.9280 - loss: 0.2790 - val_accuracy: 0.8966 - val_loss: 0.3572 - learning_rate: 3.1250e-06
Epoch 188/200
51/51 - 1s - 24ms/step - accuracy: 0.9126 - loss: 0.2908 - val_accuracy: 0.8987 - val_loss: 0.3594 - learning_rate: 1.5625e-06
Epoch 189/200
51/51 - 1s - 24ms/step - accuracy: 0.9298 - loss: 0.2706 - val_accuracy: 0.9052 - val_loss: 0.3583 - learning_rate: 1.5625e-06
Epoch 190/200
51/51 - 1s - 23ms/step - accuracy: 0.9236 - loss: 0.2793 - val_accuracy: 0.9030 - val_loss: 0.3563 - learning_rate: 1.5625e-06
Epoch 191/200
51/51 - 1s - 24ms/step - accuracy: 0.9273 - loss: 0.2789 - val_accuracy: 0.9009 - val_loss: 0.3586 - learning_rate: 1.5625e-06
Epoch 192/200
51/51 - 1s - 24ms/step - accuracy: 0.9298 - loss: 0.2653 - val_accuracy: 0.9009 - val_loss: 0.3612 - learning_rate: 1.5625e-06
Epoch 193/200
51/51 - 1s - 23ms/step - accuracy: 0.9119 - loss: 0.2866 - val_accuracy: 0.9009 - val_loss: 0.3600 - learning_rate: 1.5625e-06
Epoch 194/200
51/51 - 1s - 24ms/step - accuracy: 0.9175 - loss: 0.2858 - val_accuracy: 0.8987 - val_loss: 0.3594 - learning_rate: 1.5625e-06
Epoch 195/200
51/51 - 1s - 23ms/step - accuracy: 0.9329 - loss: 0.2521 - val_accuracy: 0.8987 - val_loss: 0.3580 - learning_rate: 1.5625e-06
Epoch 196/200
51/51 - 1s - 24ms/step - accuracy: 0.9243 - loss: 0.2774 - val_accuracy: 0.8987 - val_loss: 0.3582 - learning_rate: 1.5625e-06
Epoch 197/200
51/51 - 1s - 24ms/step - accuracy: 0.9280 - loss: 0.2586 - val_accuracy: 0.9009 - val_loss: 0.3549 - learning_rate: 1.5625e-06

[1m1/8[0m [32m==[0m[37m==================[0m [1m8:43[0m 75s/step
[1m2/8[0m [32m=====[0m[37m===============[0m [1m6s[0m 1s/step   
[1m3/8[0m [32m=======[0m[37m=============[0m [1m3s[0m 725ms/step
[1m4/8[0m [32m==========[0m[37m==========[0m [1m2s[0m 601ms/step
[1m5/8[0m [32m============[0m[37m========[0m [1m1s[0m 539ms/step
[1m6/8[0m [32m===============[0m[37m=====[0m [1m0s[0m 472ms/step
[1m7/8[0m [32m=================[0m[37m===[0m [1m0s[0m 409ms/step
[1m8/8[0m [32m====================[0m[37m[0m [1m0s[0m 4s/step   
[1m8/8[0m [32m====================[0m[37m[0m [1m109s[0m 5s/step
              precision    recall  f1-score   support

           0     1.0000    1.0000    1.0000         6
           1     0.8333    0.8333    0.8333         6
           2     1.0000    0.8571    0.9231         7
           3     1.0000    1.0000    1.0000         6
           4     0.8571    1.0000    0.9231         6
           5     0.8571    1.0000    0.9231         6
           6     1.0000    0.7500    0.8571         8
           7     0.8333    0.7143    0.7692         7
           8     1.0000    0.7143    0.8333         7
           9     1.0000    0.8571    0.9231         7
          10     0.5556    0.7143    0.6250         7
          11     1.0000    1.0000    1.0000         7
          12     1.0000    1.0000    1.0000         8
          13     1.0000    0.8571    0.9231         7
          14     1.0000    1.0000    1.0000         7
          15     0.8750    1.0000    0.9333         7
          16     1.0000    1.0000    1.0000         7
          17     0.7000    1.0000    0.8235         7
          18     1.0000    0.7143    0.8333         7
          19     1.0000    1.0000    1.0000         7
          20     0.6154    1.0000    0.7619         8
          21     0.8000    0.5714    0.6667         7
          22     1.0000    1.0000    1.0000         7
          23     1.0000    0.6667    0.8000         6
          24     1.0000    1.0000    1.0000         8
          25     1.0000    0.7143    0.8333         7
          26     0.8750    1.0000    0.9333         7
          27     1.0000    0.7500    0.8571         8
          28     1.0000    1.0000    1.0000         6
          29     1.0000    1.0000    1.0000         7
          30     0.7778    0.8750    0.8235         8
          31     0.7778    1.0000    0.8750         7
          32     0.8889    1.0000    0.9412         8

    accuracy                         0.8961       231
   macro avg     0.9166    0.8966    0.8974       231
weighted avg     0.9154    0.8961    0.8964       231

Saved tcn.keras
