Train (1623, 75, 390), Val (232, 75, 390), Test (464, 75, 390)
Model: "TCN"
+--------------------------------------------------------------------------+
| Layer (type)        | Output Shape      |    Param # | Connected to      |
|---------------------+-------------------+------------+-------------------|
| input_layer         | (None, 75, 390)   |          0 | -                 |
| (InputLayer)        |                   |            |                   |
|---------------------+-------------------+------------+-------------------|
| zero_padding1d      | (None, 77, 390)   |          0 | input_layer[0][0] |
| (ZeroPadding1D)     |                   |            |                   |
|---------------------+-------------------+------------+-------------------|
| conv1d (Conv1D)     | (None, 75, 64)    |     74,944 | zero_padding1d[0… |
|---------------------+-------------------+------------+-------------------|
| batch_normalization | (None, 75, 64)    |        256 | conv1d[0][0]      |
| (BatchNormalizatio… |                   |            |                   |
|---------------------+-------------------+------------+-------------------|
| activation          | (None, 75, 64)    |          0 | batch_normalizat… |
| (Activation)        |                   |            |                   |
|---------------------+-------------------+------------+-------------------|
| conv1d_1 (Conv1D)   | (None, 75, 64)    |     25,024 | input_layer[0][0] |
|---------------------+-------------------+------------+-------------------|
| dropout (Dropout)   | (None, 75, 64)    |          0 | activation[0][0]  |
|---------------------+-------------------+------------+-------------------|
| add (Add)           | (None, 75, 64)    |          0 | conv1d_1[0][0],   |
|                     |                   |            | dropout[0][0]     |
|---------------------+-------------------+------------+-------------------|
| activation_1        | (None, 75, 64)    |          0 | add[0][0]         |
| (Activation)        |                   |            |                   |
|---------------------+-------------------+------------+-------------------|
| zero_padding1d_1    | (None, 79, 64)    |          0 | activation_1[0][… |
| (ZeroPadding1D)     |                   |            |                   |
|---------------------+-------------------+------------+-------------------|
| conv1d_2 (Conv1D)   | (None, 75, 64)    |     12,352 | zero_padding1d_1… |
|---------------------+-------------------+------------+-------------------|
| batch_normalizatio… | (None, 75, 64)    |        256 | conv1d_2[0][0]    |
| (BatchNormalizatio… |                   |            |                   |
|---------------------+-------------------+------------+-------------------|
| activation_2        | (None, 75, 64)    |          0 | batch_normalizat… |
| (Activation)        |                   |            |                   |
|---------------------+-------------------+------------+-------------------|
| dropout_1 (Dropout) | (None, 75, 64)    |          0 | activation_2[0][… |
|---------------------+-------------------+------------+-------------------|
| add_1 (Add)         | (None, 75, 64)    |          0 | activation_1[0][… |
|                     |                   |            | dropout_1[0][0]   |
|---------------------+-------------------+------------+-------------------|
| activation_3        | (None, 75, 64)    |          0 | add_1[0][0]       |
| (Activation)        |                   |            |                   |
|---------------------+-------------------+------------+-------------------|
| zero_padding1d_2    | (None, 83, 64)    |          0 | activation_3[0][… |
| (ZeroPadding1D)     |                   |            |                   |
|---------------------+-------------------+------------+-------------------|
| conv1d_3 (Conv1D)   | (None, 75, 64)    |     12,352 | zero_padding1d_2… |
|---------------------+-------------------+------------+-------------------|
| batch_normalizatio… | (None, 75, 64)    |        256 | conv1d_3[0][0]    |
| (BatchNormalizatio… |                   |            |                   |
|---------------------+-------------------+------------+-------------------|
| activation_4        | (None, 75, 64)    |          0 | batch_normalizat… |
| (Activation)        |                   |            |                   |
|---------------------+-------------------+------------+-------------------|
| dropout_2 (Dropout) | (None, 75, 64)    |          0 | activation_4[0][… |
|---------------------+-------------------+------------+-------------------|
| add_2 (Add)         | (None, 75, 64)    |          0 | activation_3[0][… |
|                     |                   |            | dropout_2[0][0]   |
|---------------------+-------------------+------------+-------------------|
| activation_5        | (None, 75, 64)    |          0 | add_2[0][0]       |
| (Activation)        |                   |            |                   |
|---------------------+-------------------+------------+-------------------|
| zero_padding1d_3    | (None, 91, 64)    |          0 | activation_5[0][… |
| (ZeroPadding1D)     |                   |            |                   |
|---------------------+-------------------+------------+-------------------|
| conv1d_4 (Conv1D)   | (None, 75, 64)    |     12,352 | zero_padding1d_3… |
|---------------------+-------------------+------------+-------------------|
| batch_normalizatio… | (None, 75, 64)    |        256 | conv1d_4[0][0]    |
| (BatchNormalizatio… |                   |            |                   |
|---------------------+-------------------+------------+-------------------|
| activation_6        | (None, 75, 64)    |          0 | batch_normalizat… |
| (Activation)        |                   |            |                   |
|---------------------+-------------------+------------+-------------------|
| dropout_3 (Dropout) | (None, 75, 64)    |          0 | activation_6[0][… |
|---------------------+-------------------+------------+-------------------|
| add_3 (Add)         | (None, 75, 64)    |          0 | activation_5[0][… |
|                     |                   |            | dropout_3[0][0]   |
|---------------------+-------------------+------------+-------------------|
| activation_7        | (None, 75, 64)    |          0 | add_3[0][0]       |
| (Activation)        |                   |            |                   |
|---------------------+-------------------+------------+-------------------|
| zero_padding1d_4    | (None, 107, 64)   |          0 | activation_7[0][… |
| (ZeroPadding1D)     |                   |            |                   |
|---------------------+-------------------+------------+-------------------|
| conv1d_5 (Conv1D)   | (None, 75, 64)    |     12,352 | zero_padding1d_4… |
|---------------------+-------------------+------------+-------------------|
| batch_normalizatio… | (None, 75, 64)    |        256 | conv1d_5[0][0]    |
| (BatchNormalizatio… |                   |            |                   |
|---------------------+-------------------+------------+-------------------|
| activation_8        | (None, 75, 64)    |          0 | batch_normalizat… |
| (Activation)        |                   |            |                   |
|---------------------+-------------------+------------+-------------------|
| dropout_4 (Dropout) | (None, 75, 64)    |          0 | activation_8[0][… |
|---------------------+-------------------+------------+-------------------|
| add_4 (Add)         | (None, 75, 64)    |          0 | activation_7[0][… |
|                     |                   |            | dropout_4[0][0]   |
|---------------------+-------------------+------------+-------------------|
| activation_9        | (None, 75, 64)    |          0 | add_4[0][0]       |
| (Activation)        |                   |            |                   |
|---------------------+-------------------+------------+-------------------|
| global_average_poo… | (None, 64)        |          0 | activation_9[0][… |
| (GlobalAveragePool… |                   |            |                   |
|---------------------+-------------------+------------+-------------------|
| global_max_pooling… | (None, 64)        |          0 | activation_9[0][… |
| (GlobalMaxPooling1… |                   |            |                   |
|---------------------+-------------------+------------+-------------------|
| concatenate         | (None, 128)       |          0 | global_average_p… |
| (Concatenate)       |                   |            | global_max_pooli… |
|---------------------+-------------------+------------+-------------------|
| dense (Dense)       | (None, 128)       |     16,512 | concatenate[0][0] |
|---------------------+-------------------+------------+-------------------|
| dropout_5 (Dropout) | (None, 128)       |          0 | dense[0][0]       |
|---------------------+-------------------+------------+-------------------|
| dense_1 (Dense)     | (None, 33)        |      4,257 | dropout_5[0][0]   |
+--------------------------------------------------------------------------+
 Total params: 171,425 (669.63 KB)
 Trainable params: 170,785 (667.13 KB)
 Non-trainable params: 640 (2.50 KB)
Epoch 1/300
51/51 - 6s - 116ms/step - accuracy: 0.0314 - loss: 8.9631 - val_accuracy: 0.0216 - val_loss: 4.0477 - learning_rate: 1.0000e-04
Epoch 2/300
51/51 - 2s - 31ms/step - accuracy: 0.0339 - loss: 5.7257 - val_accuracy: 0.0302 - val_loss: 3.5319 - learning_rate: 1.0000e-04
Epoch 3/300
51/51 - 2s - 34ms/step - accuracy: 0.0653 - loss: 4.3335 - val_accuracy: 0.0690 - val_loss: 3.3834 - learning_rate: 1.0000e-04
Epoch 4/300
51/51 - 2s - 32ms/step - accuracy: 0.0672 - loss: 3.7424 - val_accuracy: 0.0948 - val_loss: 3.3122 - learning_rate: 1.0000e-04
Epoch 5/300
51/51 - 2s - 30ms/step - accuracy: 0.0801 - loss: 3.5042 - val_accuracy: 0.0948 - val_loss: 3.2791 - learning_rate: 1.0000e-04
Epoch 6/300
51/51 - 2s - 31ms/step - accuracy: 0.0906 - loss: 3.3750 - val_accuracy: 0.1034 - val_loss: 3.2422 - learning_rate: 1.0000e-04
Epoch 7/300
51/51 - 2s - 30ms/step - accuracy: 0.1226 - loss: 3.2788 - val_accuracy: 0.1595 - val_loss: 3.1901 - learning_rate: 1.0000e-04
Epoch 8/300
51/51 - 1s - 28ms/step - accuracy: 0.1269 - loss: 3.2279 - val_accuracy: 0.1509 - val_loss: 3.1542 - learning_rate: 1.0000e-04
Epoch 9/300
51/51 - 2s - 31ms/step - accuracy: 0.1201 - loss: 3.1971 - val_accuracy: 0.1810 - val_loss: 3.1158 - learning_rate: 1.0000e-04
Epoch 10/300
51/51 - 2s - 30ms/step - accuracy: 0.1596 - loss: 3.1258 - val_accuracy: 0.1853 - val_loss: 3.0627 - learning_rate: 1.0000e-04
Epoch 11/300
51/51 - 2s - 31ms/step - accuracy: 0.1547 - loss: 3.1099 - val_accuracy: 0.2198 - val_loss: 3.0132 - learning_rate: 1.0000e-04
Epoch 12/300
51/51 - 2s - 31ms/step - accuracy: 0.1818 - loss: 3.0226 - val_accuracy: 0.2371 - val_loss: 2.9483 - learning_rate: 1.0000e-04
Epoch 13/300
51/51 - 1s - 28ms/step - accuracy: 0.1947 - loss: 2.9810 - val_accuracy: 0.2241 - val_loss: 2.9002 - learning_rate: 1.0000e-04
Epoch 14/300
51/51 - 2s - 31ms/step - accuracy: 0.2157 - loss: 2.8957 - val_accuracy: 0.2543 - val_loss: 2.8408 - learning_rate: 1.0000e-04
Epoch 15/300
51/51 - 2s - 33ms/step - accuracy: 0.2317 - loss: 2.8526 - val_accuracy: 0.2931 - val_loss: 2.7756 - learning_rate: 1.0000e-04
Epoch 16/300
51/51 - 1s - 29ms/step - accuracy: 0.2508 - loss: 2.8141 - val_accuracy: 0.2716 - val_loss: 2.7055 - learning_rate: 1.0000e-04
Epoch 17/300
51/51 - 2s - 31ms/step - accuracy: 0.2674 - loss: 2.7498 - val_accuracy: 0.3103 - val_loss: 2.6621 - learning_rate: 1.0000e-04
Epoch 18/300
51/51 - 2s - 31ms/step - accuracy: 0.2557 - loss: 2.7056 - val_accuracy: 0.3276 - val_loss: 2.6039 - learning_rate: 1.0000e-04
Epoch 19/300
51/51 - 1s - 29ms/step - accuracy: 0.2643 - loss: 2.6671 - val_accuracy: 0.3190 - val_loss: 2.5569 - learning_rate: 1.0000e-04
Epoch 20/300
51/51 - 2s - 31ms/step - accuracy: 0.2970 - loss: 2.6141 - val_accuracy: 0.3750 - val_loss: 2.5219 - learning_rate: 1.0000e-04
Epoch 21/300
51/51 - 2s - 31ms/step - accuracy: 0.3272 - loss: 2.5277 - val_accuracy: 0.3836 - val_loss: 2.4649 - learning_rate: 1.0000e-04
Epoch 22/300
51/51 - 2s - 31ms/step - accuracy: 0.3432 - loss: 2.5115 - val_accuracy: 0.4181 - val_loss: 2.4206 - learning_rate: 1.0000e-04
Epoch 23/300
51/51 - 1s - 29ms/step - accuracy: 0.3475 - loss: 2.4845 - val_accuracy: 0.4181 - val_loss: 2.3898 - learning_rate: 1.0000e-04
Epoch 24/300
51/51 - 2s - 31ms/step - accuracy: 0.3524 - loss: 2.4527 - val_accuracy: 0.4440 - val_loss: 2.3396 - learning_rate: 1.0000e-04
Epoch 25/300
51/51 - 2s - 32ms/step - accuracy: 0.3814 - loss: 2.3632 - val_accuracy: 0.4741 - val_loss: 2.2999 - learning_rate: 1.0000e-04
Epoch 26/300
51/51 - 2s - 31ms/step - accuracy: 0.3574 - loss: 2.3850 - val_accuracy: 0.4828 - val_loss: 2.2562 - learning_rate: 1.0000e-04
Epoch 27/300
51/51 - 2s - 31ms/step - accuracy: 0.4140 - loss: 2.2864 - val_accuracy: 0.4957 - val_loss: 2.2076 - learning_rate: 1.0000e-04
Epoch 28/300
51/51 - 2s - 32ms/step - accuracy: 0.4264 - loss: 2.2533 - val_accuracy: 0.5086 - val_loss: 2.1808 - learning_rate: 1.0000e-04
Epoch 29/300
51/51 - 2s - 31ms/step - accuracy: 0.4134 - loss: 2.2389 - val_accuracy: 0.5302 - val_loss: 2.1253 - learning_rate: 1.0000e-04
Epoch 30/300
51/51 - 2s - 32ms/step - accuracy: 0.4288 - loss: 2.2091 - val_accuracy: 0.5431 - val_loss: 2.1232 - learning_rate: 1.0000e-04
Epoch 31/300
51/51 - 2s - 33ms/step - accuracy: 0.4486 - loss: 2.1636 - val_accuracy: 0.5517 - val_loss: 2.0712 - learning_rate: 1.0000e-04
Epoch 32/300
51/51 - 2s - 35ms/step - accuracy: 0.4787 - loss: 2.1233 - val_accuracy: 0.5560 - val_loss: 2.0234 - learning_rate: 1.0000e-04
Epoch 33/300
51/51 - 2s - 36ms/step - accuracy: 0.4868 - loss: 2.0965 - val_accuracy: 0.5517 - val_loss: 2.0090 - learning_rate: 1.0000e-04
Epoch 34/300
51/51 - 2s - 35ms/step - accuracy: 0.5102 - loss: 2.0433 - val_accuracy: 0.5345 - val_loss: 1.9762 - learning_rate: 1.0000e-04
Epoch 35/300
51/51 - 2s - 35ms/step - accuracy: 0.5015 - loss: 2.0358 - val_accuracy: 0.5948 - val_loss: 1.9567 - learning_rate: 1.0000e-04
Epoch 36/300
51/51 - 2s - 32ms/step - accuracy: 0.5065 - loss: 2.0189 - val_accuracy: 0.6207 - val_loss: 1.9032 - learning_rate: 1.0000e-04
Epoch 37/300
51/51 - 1s - 29ms/step - accuracy: 0.5342 - loss: 1.9895 - val_accuracy: 0.6078 - val_loss: 1.8709 - learning_rate: 1.0000e-04
Epoch 38/300
51/51 - 2s - 31ms/step - accuracy: 0.5410 - loss: 1.9428 - val_accuracy: 0.6293 - val_loss: 1.8257 - learning_rate: 1.0000e-04
Epoch 39/300
51/51 - 1s - 29ms/step - accuracy: 0.5551 - loss: 1.9150 - val_accuracy: 0.6207 - val_loss: 1.8154 - learning_rate: 1.0000e-04
Epoch 40/300
51/51 - 2s - 31ms/step - accuracy: 0.5773 - loss: 1.8611 - val_accuracy: 0.6379 - val_loss: 1.7928 - learning_rate: 1.0000e-04
Epoch 41/300
51/51 - 2s - 33ms/step - accuracy: 0.5428 - loss: 1.9116 - val_accuracy: 0.6681 - val_loss: 1.7814 - learning_rate: 1.0000e-04
Epoch 42/300
51/51 - 2s - 31ms/step - accuracy: 0.5699 - loss: 1.8619 - val_accuracy: 0.6853 - val_loss: 1.7650 - learning_rate: 1.0000e-04
Epoch 43/300
51/51 - 2s - 32ms/step - accuracy: 0.5927 - loss: 1.8298 - val_accuracy: 0.7241 - val_loss: 1.7172 - learning_rate: 1.0000e-04
Epoch 44/300
51/51 - 1s - 29ms/step - accuracy: 0.6168 - loss: 1.7694 - val_accuracy: 0.7241 - val_loss: 1.7099 - learning_rate: 1.0000e-04
Epoch 45/300
51/51 - 2s - 31ms/step - accuracy: 0.6020 - loss: 1.7939 - val_accuracy: 0.7284 - val_loss: 1.6874 - learning_rate: 1.0000e-04
Epoch 46/300
51/51 - 2s - 31ms/step - accuracy: 0.5989 - loss: 1.7814 - val_accuracy: 0.7198 - val_loss: 1.6620 - learning_rate: 1.0000e-04
Epoch 47/300
51/51 - 2s - 31ms/step - accuracy: 0.6272 - loss: 1.7594 - val_accuracy: 0.7328 - val_loss: 1.6511 - learning_rate: 1.0000e-04
Epoch 48/300
51/51 - 2s - 31ms/step - accuracy: 0.6463 - loss: 1.7146 - val_accuracy: 0.7414 - val_loss: 1.6521 - learning_rate: 1.0000e-04
Epoch 49/300
51/51 - 2s - 30ms/step - accuracy: 0.6260 - loss: 1.7030 - val_accuracy: 0.7414 - val_loss: 1.6362 - learning_rate: 1.0000e-04
Epoch 50/300
51/51 - 1s - 29ms/step - accuracy: 0.6599 - loss: 1.6867 - val_accuracy: 0.7284 - val_loss: 1.6060 - learning_rate: 1.0000e-04
Epoch 51/300
51/51 - 2s - 31ms/step - accuracy: 0.6728 - loss: 1.6654 - val_accuracy: 0.7672 - val_loss: 1.5743 - learning_rate: 1.0000e-04
Epoch 52/300
51/51 - 2s - 30ms/step - accuracy: 0.6482 - loss: 1.6706 - val_accuracy: 0.7457 - val_loss: 1.5778 - learning_rate: 1.0000e-04
Epoch 53/300
51/51 - 2s - 31ms/step - accuracy: 0.6593 - loss: 1.6633 - val_accuracy: 0.7759 - val_loss: 1.5693 - learning_rate: 1.0000e-04
Epoch 54/300
51/51 - 2s - 31ms/step - accuracy: 0.6827 - loss: 1.6362 - val_accuracy: 0.7716 - val_loss: 1.5398 - learning_rate: 1.0000e-04
Epoch 55/300
51/51 - 2s - 30ms/step - accuracy: 0.6802 - loss: 1.6152 - val_accuracy: 0.7672 - val_loss: 1.5280 - learning_rate: 1.0000e-04
Epoch 56/300
51/51 - 1s - 29ms/step - accuracy: 0.6981 - loss: 1.6056 - val_accuracy: 0.7543 - val_loss: 1.5247 - learning_rate: 1.0000e-04
Epoch 57/300
51/51 - 2s - 30ms/step - accuracy: 0.7092 - loss: 1.5559 - val_accuracy: 0.7759 - val_loss: 1.4828 - learning_rate: 1.0000e-04
Epoch 58/300
51/51 - 2s - 31ms/step - accuracy: 0.6895 - loss: 1.5951 - val_accuracy: 0.7888 - val_loss: 1.4819 - learning_rate: 1.0000e-04
Epoch 59/300
51/51 - 2s - 31ms/step - accuracy: 0.6950 - loss: 1.5640 - val_accuracy: 0.8103 - val_loss: 1.4667 - learning_rate: 1.0000e-04
Epoch 60/300
51/51 - 2s - 33ms/step - accuracy: 0.7227 - loss: 1.5495 - val_accuracy: 0.8147 - val_loss: 1.4732 - learning_rate: 1.0000e-04
Epoch 61/300
51/51 - 2s - 35ms/step - accuracy: 0.7270 - loss: 1.5201 - val_accuracy: 0.8103 - val_loss: 1.4566 - learning_rate: 1.0000e-04
Epoch 62/300
51/51 - 2s - 35ms/step - accuracy: 0.7264 - loss: 1.5183 - val_accuracy: 0.7802 - val_loss: 1.4514 - learning_rate: 1.0000e-04
Epoch 63/300
51/51 - 2s - 33ms/step - accuracy: 0.7461 - loss: 1.4938 - val_accuracy: 0.8017 - val_loss: 1.4309 - learning_rate: 1.0000e-04
Epoch 64/300
51/51 - 2s - 34ms/step - accuracy: 0.7289 - loss: 1.5067 - val_accuracy: 0.8190 - val_loss: 1.4334 - learning_rate: 1.0000e-04
Epoch 65/300
51/51 - 2s - 33ms/step - accuracy: 0.7418 - loss: 1.4955 - val_accuracy: 0.8233 - val_loss: 1.4057 - learning_rate: 1.0000e-04
Epoch 66/300
51/51 - 2s - 38ms/step - accuracy: 0.7301 - loss: 1.4768 - val_accuracy: 0.8190 - val_loss: 1.3887 - learning_rate: 1.0000e-04
Epoch 67/300
51/51 - 2s - 37ms/step - accuracy: 0.7517 - loss: 1.4869 - val_accuracy: 0.8405 - val_loss: 1.3940 - learning_rate: 1.0000e-04
Epoch 68/300
51/51 - 2s - 33ms/step - accuracy: 0.7566 - loss: 1.4677 - val_accuracy: 0.8534 - val_loss: 1.3742 - learning_rate: 1.0000e-04
Epoch 69/300
51/51 - 2s - 31ms/step - accuracy: 0.7449 - loss: 1.4634 - val_accuracy: 0.8276 - val_loss: 1.3590 - learning_rate: 1.0000e-04
Epoch 70/300
51/51 - 2s - 34ms/step - accuracy: 0.7689 - loss: 1.4500 - val_accuracy: 0.8276 - val_loss: 1.3635 - learning_rate: 1.0000e-04
Epoch 71/300
51/51 - 2s - 34ms/step - accuracy: 0.7474 - loss: 1.4452 - val_accuracy: 0.8448 - val_loss: 1.3600 - learning_rate: 1.0000e-04
Epoch 72/300
51/51 - 2s - 32ms/step - accuracy: 0.7585 - loss: 1.4265 - val_accuracy: 0.8448 - val_loss: 1.3379 - learning_rate: 1.0000e-04
Epoch 73/300
51/51 - 2s - 33ms/step - accuracy: 0.7770 - loss: 1.4116 - val_accuracy: 0.8405 - val_loss: 1.3394 - learning_rate: 1.0000e-04
Epoch 74/300
51/51 - 2s - 32ms/step - accuracy: 0.7819 - loss: 1.4112 - val_accuracy: 0.8448 - val_loss: 1.3335 - learning_rate: 1.0000e-04
Epoch 75/300
51/51 - 2s - 37ms/step - accuracy: 0.7480 - loss: 1.4344 - val_accuracy: 0.8448 - val_loss: 1.3318 - learning_rate: 1.0000e-04
Epoch 76/300
51/51 - 2s - 31ms/step - accuracy: 0.7998 - loss: 1.3851 - val_accuracy: 0.8448 - val_loss: 1.3154 - learning_rate: 1.0000e-04
Epoch 77/300
51/51 - 2s - 31ms/step - accuracy: 0.7819 - loss: 1.3925 - val_accuracy: 0.8491 - val_loss: 1.3166 - learning_rate: 1.0000e-04
Epoch 78/300
51/51 - 2s - 31ms/step - accuracy: 0.7807 - loss: 1.3962 - val_accuracy: 0.8405 - val_loss: 1.3035 - learning_rate: 1.0000e-04
Epoch 79/300
51/51 - 2s - 31ms/step - accuracy: 0.7905 - loss: 1.3735 - val_accuracy: 0.8578 - val_loss: 1.2834 - learning_rate: 1.0000e-04
Epoch 80/300
51/51 - 2s - 35ms/step - accuracy: 0.7837 - loss: 1.3812 - val_accuracy: 0.8707 - val_loss: 1.2778 - learning_rate: 1.0000e-04
Epoch 81/300
51/51 - 2s - 30ms/step - accuracy: 0.7991 - loss: 1.3626 - val_accuracy: 0.8621 - val_loss: 1.2613 - learning_rate: 1.0000e-04
Epoch 82/300
51/51 - 2s - 32ms/step - accuracy: 0.8281 - loss: 1.3174 - val_accuracy: 0.8836 - val_loss: 1.2587 - learning_rate: 1.0000e-04
Epoch 83/300
51/51 - 2s - 30ms/step - accuracy: 0.8127 - loss: 1.3349 - val_accuracy: 0.8664 - val_loss: 1.2555 - learning_rate: 1.0000e-04
Epoch 84/300
51/51 - 2s - 29ms/step - accuracy: 0.8201 - loss: 1.3253 - val_accuracy: 0.8750 - val_loss: 1.2322 - learning_rate: 1.0000e-04
Epoch 85/300
51/51 - 2s - 33ms/step - accuracy: 0.8047 - loss: 1.3324 - val_accuracy: 0.9009 - val_loss: 1.2369 - learning_rate: 1.0000e-04
Epoch 86/300
51/51 - 2s - 30ms/step - accuracy: 0.8108 - loss: 1.3253 - val_accuracy: 0.8707 - val_loss: 1.2409 - learning_rate: 1.0000e-04
Epoch 87/300
51/51 - 2s - 30ms/step - accuracy: 0.8312 - loss: 1.2930 - val_accuracy: 0.9009 - val_loss: 1.2206 - learning_rate: 1.0000e-04
Epoch 88/300
51/51 - 2s - 30ms/step - accuracy: 0.8219 - loss: 1.3211 - val_accuracy: 0.8707 - val_loss: 1.2344 - learning_rate: 1.0000e-04
Epoch 89/300
51/51 - 2s - 32ms/step - accuracy: 0.8226 - loss: 1.2998 - val_accuracy: 0.8879 - val_loss: 1.2103 - learning_rate: 1.0000e-04
Epoch 90/300
51/51 - 2s - 31ms/step - accuracy: 0.8189 - loss: 1.3159 - val_accuracy: 0.8922 - val_loss: 1.2195 - learning_rate: 1.0000e-04
Epoch 91/300
51/51 - 2s - 31ms/step - accuracy: 0.8466 - loss: 1.2735 - val_accuracy: 0.8966 - val_loss: 1.1939 - learning_rate: 1.0000e-04
Epoch 92/300
51/51 - 2s - 33ms/step - accuracy: 0.8521 - loss: 1.2496 - val_accuracy: 0.9095 - val_loss: 1.1993 - learning_rate: 1.0000e-04
Epoch 93/300
51/51 - 2s - 31ms/step - accuracy: 0.8367 - loss: 1.2731 - val_accuracy: 0.8750 - val_loss: 1.1978 - learning_rate: 1.0000e-04
Epoch 94/300
51/51 - 2s - 30ms/step - accuracy: 0.8386 - loss: 1.2610 - val_accuracy: 0.8922 - val_loss: 1.2137 - learning_rate: 1.0000e-04
Epoch 95/300
51/51 - 2s - 30ms/step - accuracy: 0.8453 - loss: 1.2703 - val_accuracy: 0.9095 - val_loss: 1.1663 - learning_rate: 1.0000e-04
Epoch 96/300
51/51 - 2s - 31ms/step - accuracy: 0.8490 - loss: 1.2394 - val_accuracy: 0.8793 - val_loss: 1.2002 - learning_rate: 1.0000e-04
Epoch 97/300
51/51 - 2s - 30ms/step - accuracy: 0.8460 - loss: 1.2486 - val_accuracy: 0.8879 - val_loss: 1.1768 - learning_rate: 1.0000e-04
Epoch 98/300
51/51 - 2s - 31ms/step - accuracy: 0.8515 - loss: 1.2426 - val_accuracy: 0.8879 - val_loss: 1.1704 - learning_rate: 1.0000e-04
Epoch 99/300
51/51 - 2s - 30ms/step - accuracy: 0.8546 - loss: 1.2336 - val_accuracy: 0.9009 - val_loss: 1.1654 - learning_rate: 1.0000e-04
Epoch 100/300
51/51 - 1s - 29ms/step - accuracy: 0.8589 - loss: 1.2243 - val_accuracy: 0.9009 - val_loss: 1.1647 - learning_rate: 1.0000e-04
Epoch 101/300
51/51 - 2s - 30ms/step - accuracy: 0.8564 - loss: 1.2154 - val_accuracy: 0.8922 - val_loss: 1.1712 - learning_rate: 1.0000e-04
Epoch 102/300
51/51 - 2s - 30ms/step - accuracy: 0.8706 - loss: 1.2036 - val_accuracy: 0.9009 - val_loss: 1.1628 - learning_rate: 1.0000e-04
Epoch 103/300
51/51 - 2s - 30ms/step - accuracy: 0.8651 - loss: 1.2195 - val_accuracy: 0.8879 - val_loss: 1.1780 - learning_rate: 1.0000e-04
Epoch 104/300
51/51 - 2s - 30ms/step - accuracy: 0.8644 - loss: 1.2145 - val_accuracy: 0.8879 - val_loss: 1.1624 - learning_rate: 1.0000e-04
Epoch 105/300
51/51 - 2s - 31ms/step - accuracy: 0.8534 - loss: 1.2153 - val_accuracy: 0.8836 - val_loss: 1.1617 - learning_rate: 1.0000e-04
Epoch 106/300
51/51 - 1s - 29ms/step - accuracy: 0.8688 - loss: 1.2028 - val_accuracy: 0.8966 - val_loss: 1.1567 - learning_rate: 1.0000e-04
Epoch 107/300
51/51 - 2s - 31ms/step - accuracy: 0.8829 - loss: 1.1838 - val_accuracy: 0.8922 - val_loss: 1.1455 - learning_rate: 1.0000e-04
Epoch 108/300
51/51 - 2s - 29ms/step - accuracy: 0.8712 - loss: 1.1919 - val_accuracy: 0.9009 - val_loss: 1.1458 - learning_rate: 1.0000e-04
Epoch 109/300
51/51 - 2s - 30ms/step - accuracy: 0.8885 - loss: 1.1960 - val_accuracy: 0.9052 - val_loss: 1.1421 - learning_rate: 1.0000e-04
Epoch 110/300
51/51 - 2s - 31ms/step - accuracy: 0.8786 - loss: 1.1887 - val_accuracy: 0.9009 - val_loss: 1.1424 - learning_rate: 1.0000e-04
Epoch 111/300
51/51 - 2s - 29ms/step - accuracy: 0.8953 - loss: 1.1683 - val_accuracy: 0.9095 - val_loss: 1.1203 - learning_rate: 1.0000e-04
Epoch 112/300
51/51 - 2s - 30ms/step - accuracy: 0.8688 - loss: 1.1926 - val_accuracy: 0.8966 - val_loss: 1.1429 - learning_rate: 1.0000e-04
Epoch 113/300
51/51 - 2s - 30ms/step - accuracy: 0.8860 - loss: 1.1626 - val_accuracy: 0.9009 - val_loss: 1.1197 - learning_rate: 1.0000e-04
Epoch 114/300
51/51 - 2s - 33ms/step - accuracy: 0.8799 - loss: 1.1764 - val_accuracy: 0.9224 - val_loss: 1.1098 - learning_rate: 1.0000e-04
Epoch 115/300
51/51 - 2s - 33ms/step - accuracy: 0.8817 - loss: 1.1664 - val_accuracy: 0.9138 - val_loss: 1.1107 - learning_rate: 1.0000e-04
Epoch 116/300
51/51 - 2s - 34ms/step - accuracy: 0.8823 - loss: 1.1702 - val_accuracy: 0.9052 - val_loss: 1.1226 - learning_rate: 1.0000e-04
Epoch 117/300
51/51 - 2s - 35ms/step - accuracy: 0.8811 - loss: 1.1771 - val_accuracy: 0.9052 - val_loss: 1.1079 - learning_rate: 1.0000e-04
Epoch 118/300
51/51 - 2s - 37ms/step - accuracy: 0.8860 - loss: 1.1593 - val_accuracy: 0.9181 - val_loss: 1.0908 - learning_rate: 1.0000e-04
Epoch 119/300
51/51 - 2s - 31ms/step - accuracy: 0.8934 - loss: 1.1482 - val_accuracy: 0.9138 - val_loss: 1.1062 - learning_rate: 1.0000e-04
Epoch 120/300
51/51 - 2s - 30ms/step - accuracy: 0.8835 - loss: 1.1418 - val_accuracy: 0.9224 - val_loss: 1.0972 - learning_rate: 1.0000e-04
Epoch 121/300
51/51 - 2s - 31ms/step - accuracy: 0.8922 - loss: 1.1347 - val_accuracy: 0.9009 - val_loss: 1.0985 - learning_rate: 1.0000e-04
Epoch 122/300
51/51 - 1s - 29ms/step - accuracy: 0.9026 - loss: 1.1382 - val_accuracy: 0.9095 - val_loss: 1.0886 - learning_rate: 1.0000e-04
Epoch 123/300
51/51 - 2s - 30ms/step - accuracy: 0.9033 - loss: 1.1262 - val_accuracy: 0.9095 - val_loss: 1.1010 - learning_rate: 1.0000e-04
Epoch 124/300
51/51 - 2s - 30ms/step - accuracy: 0.8996 - loss: 1.1246 - val_accuracy: 0.9138 - val_loss: 1.0800 - learning_rate: 1.0000e-04
Epoch 125/300
51/51 - 2s - 30ms/step - accuracy: 0.9119 - loss: 1.1149 - val_accuracy: 0.9181 - val_loss: 1.0815 - learning_rate: 1.0000e-04
Epoch 126/300
51/51 - 2s - 30ms/step - accuracy: 0.9051 - loss: 1.1082 - val_accuracy: 0.9224 - val_loss: 1.0809 - learning_rate: 1.0000e-04
Epoch 127/300
51/51 - 2s - 29ms/step - accuracy: 0.9107 - loss: 1.1123 - val_accuracy: 0.9224 - val_loss: 1.0757 - learning_rate: 1.0000e-04
Epoch 128/300
51/51 - 1s - 29ms/step - accuracy: 0.9008 - loss: 1.1216 - val_accuracy: 0.9181 - val_loss: 1.0842 - learning_rate: 1.0000e-04
Epoch 129/300
51/51 - 2s - 32ms/step - accuracy: 0.9076 - loss: 1.1142 - val_accuracy: 0.9310 - val_loss: 1.0634 - learning_rate: 1.0000e-04
Epoch 130/300
51/51 - 2s - 29ms/step - accuracy: 0.9063 - loss: 1.1174 - val_accuracy: 0.9009 - val_loss: 1.0967 - learning_rate: 1.0000e-04
Epoch 131/300
51/51 - 2s - 30ms/step - accuracy: 0.9131 - loss: 1.0880 - val_accuracy: 0.9181 - val_loss: 1.0647 - learning_rate: 1.0000e-04
Epoch 132/300
51/51 - 2s - 30ms/step - accuracy: 0.9094 - loss: 1.1124 - val_accuracy: 0.9224 - val_loss: 1.0758 - learning_rate: 1.0000e-04
Epoch 133/300
51/51 - 2s - 29ms/step - accuracy: 0.9045 - loss: 1.1024 - val_accuracy: 0.9095 - val_loss: 1.0688 - learning_rate: 1.0000e-04
Epoch 134/300
51/51 - 2s - 30ms/step - accuracy: 0.9187 - loss: 1.1162 - val_accuracy: 0.9267 - val_loss: 1.0685 - learning_rate: 1.0000e-04
Epoch 135/300
51/51 - 2s - 30ms/step - accuracy: 0.9236 - loss: 1.0919 - val_accuracy: 0.9224 - val_loss: 1.0710 - learning_rate: 1.0000e-04
Epoch 136/300
51/51 - 2s - 30ms/step - accuracy: 0.9199 - loss: 1.1083 - val_accuracy: 0.9181 - val_loss: 1.0866 - learning_rate: 1.0000e-04
Epoch 137/300
51/51 - 2s - 30ms/step - accuracy: 0.9230 - loss: 1.0815 - val_accuracy: 0.9224 - val_loss: 1.0550 - learning_rate: 1.0000e-04
Epoch 138/300
51/51 - 2s - 30ms/step - accuracy: 0.9137 - loss: 1.0879 - val_accuracy: 0.9267 - val_loss: 1.0577 - learning_rate: 1.0000e-04
Epoch 139/300
51/51 - 2s - 30ms/step - accuracy: 0.9107 - loss: 1.0920 - val_accuracy: 0.9181 - val_loss: 1.0647 - learning_rate: 1.0000e-04
Epoch 140/300
51/51 - 2s - 30ms/step - accuracy: 0.9193 - loss: 1.0792 - val_accuracy: 0.9267 - val_loss: 1.0527 - learning_rate: 1.0000e-04
Epoch 141/300
51/51 - 2s - 30ms/step - accuracy: 0.9242 - loss: 1.0668 - val_accuracy: 0.9310 - val_loss: 1.0520 - learning_rate: 1.0000e-04
Epoch 142/300
51/51 - 2s - 32ms/step - accuracy: 0.9217 - loss: 1.0812 - val_accuracy: 0.9353 - val_loss: 1.0446 - learning_rate: 1.0000e-04
Epoch 143/300
51/51 - 2s - 30ms/step - accuracy: 0.9310 - loss: 1.0608 - val_accuracy: 0.9310 - val_loss: 1.0441 - learning_rate: 1.0000e-04
Epoch 144/300
51/51 - 1s - 29ms/step - accuracy: 0.9193 - loss: 1.0739 - val_accuracy: 0.9224 - val_loss: 1.0442 - learning_rate: 1.0000e-04
Epoch 145/300
51/51 - 2s - 30ms/step - accuracy: 0.9279 - loss: 1.0661 - val_accuracy: 0.9267 - val_loss: 1.0350 - learning_rate: 1.0000e-04
Epoch 146/300
51/51 - 2s - 30ms/step - accuracy: 0.9224 - loss: 1.0529 - val_accuracy: 0.9267 - val_loss: 1.0523 - learning_rate: 1.0000e-04
Epoch 147/300
51/51 - 2s - 30ms/step - accuracy: 0.9291 - loss: 1.0658 - val_accuracy: 0.9181 - val_loss: 1.0453 - learning_rate: 1.0000e-04
Epoch 148/300
51/51 - 2s - 30ms/step - accuracy: 0.9230 - loss: 1.0628 - val_accuracy: 0.9224 - val_loss: 1.0494 - learning_rate: 1.0000e-04
Epoch 149/300
51/51 - 2s - 30ms/step - accuracy: 0.9415 - loss: 1.0535 - val_accuracy: 0.9224 - val_loss: 1.0483 - learning_rate: 1.0000e-04
Epoch 150/300
51/51 - 2s - 30ms/step - accuracy: 0.9365 - loss: 1.0564 - val_accuracy: 0.9224 - val_loss: 1.0311 - learning_rate: 1.0000e-04
Epoch 151/300
51/51 - 2s - 30ms/step - accuracy: 0.9335 - loss: 1.0587 - val_accuracy: 0.9353 - val_loss: 1.0489 - learning_rate: 1.0000e-04
Epoch 152/300
51/51 - 2s - 30ms/step - accuracy: 0.9365 - loss: 1.0534 - val_accuracy: 0.9224 - val_loss: 1.0422 - learning_rate: 1.0000e-04
Epoch 153/300
51/51 - 1s - 29ms/step - accuracy: 0.9341 - loss: 1.0478 - val_accuracy: 0.9267 - val_loss: 1.0437 - learning_rate: 1.0000e-04
Epoch 154/300
51/51 - 2s - 30ms/step - accuracy: 0.9365 - loss: 1.0351 - val_accuracy: 0.9310 - val_loss: 1.0233 - learning_rate: 1.0000e-04
Epoch 155/300
51/51 - 2s - 31ms/step - accuracy: 0.9310 - loss: 1.0500 - val_accuracy: 0.9224 - val_loss: 1.0362 - learning_rate: 1.0000e-04
Epoch 156/300
51/51 - 2s - 30ms/step - accuracy: 0.9341 - loss: 1.0411 - val_accuracy: 0.9224 - val_loss: 1.0235 - learning_rate: 1.0000e-04
Epoch 157/300
51/51 - 2s - 31ms/step - accuracy: 0.9322 - loss: 1.0349 - val_accuracy: 0.9267 - val_loss: 1.0205 - learning_rate: 1.0000e-04
Epoch 158/300
51/51 - 2s - 30ms/step - accuracy: 0.9421 - loss: 1.0353 - val_accuracy: 0.9224 - val_loss: 1.0307 - learning_rate: 1.0000e-04
Epoch 159/300
51/51 - 2s - 30ms/step - accuracy: 0.9347 - loss: 1.0437 - val_accuracy: 0.9224 - val_loss: 1.0179 - learning_rate: 1.0000e-04
Epoch 160/300
51/51 - 2s - 32ms/step - accuracy: 0.9396 - loss: 1.0413 - val_accuracy: 0.9224 - val_loss: 1.0327 - learning_rate: 1.0000e-04
Epoch 161/300
51/51 - 2s - 30ms/step - accuracy: 0.9285 - loss: 1.0403 - val_accuracy: 0.9310 - val_loss: 1.0093 - learning_rate: 1.0000e-04
Epoch 162/300
51/51 - 2s - 30ms/step - accuracy: 0.9310 - loss: 1.0422 - val_accuracy: 0.9267 - val_loss: 1.0298 - learning_rate: 1.0000e-04
Epoch 163/300
51/51 - 2s - 30ms/step - accuracy: 0.9359 - loss: 1.0373 - val_accuracy: 0.9224 - val_loss: 1.0316 - learning_rate: 1.0000e-04
Epoch 164/300
51/51 - 2s - 30ms/step - accuracy: 0.9384 - loss: 1.0274 - val_accuracy: 0.9267 - val_loss: 1.0217 - learning_rate: 1.0000e-04
Epoch 165/300
51/51 - 2s - 30ms/step - accuracy: 0.9390 - loss: 1.0416 - val_accuracy: 0.9353 - val_loss: 1.0092 - learning_rate: 1.0000e-04
Epoch 166/300
51/51 - 2s - 30ms/step - accuracy: 0.9433 - loss: 1.0242 - val_accuracy: 0.9224 - val_loss: 1.0170 - learning_rate: 1.0000e-04
Epoch 167/300
51/51 - 2s - 30ms/step - accuracy: 0.9464 - loss: 1.0034 - val_accuracy: 0.9267 - val_loss: 1.0140 - learning_rate: 1.0000e-04
Epoch 168/300
51/51 - 2s - 32ms/step - accuracy: 0.9328 - loss: 1.0318 - val_accuracy: 0.9397 - val_loss: 0.9917 - learning_rate: 1.0000e-04
Epoch 169/300
51/51 - 2s - 29ms/step - accuracy: 0.9402 - loss: 1.0243 - val_accuracy: 0.9224 - val_loss: 1.0154 - learning_rate: 1.0000e-04
Epoch 170/300
51/51 - 2s - 30ms/step - accuracy: 0.9513 - loss: 1.0141 - val_accuracy: 0.9310 - val_loss: 0.9985 - learning_rate: 1.0000e-04
Epoch 171/300
51/51 - 2s - 30ms/step - accuracy: 0.9445 - loss: 1.0134 - val_accuracy: 0.9267 - val_loss: 1.0111 - learning_rate: 1.0000e-04
Epoch 172/300
51/51 - 2s - 30ms/step - accuracy: 0.9402 - loss: 1.0287 - val_accuracy: 0.9310 - val_loss: 1.0078 - learning_rate: 1.0000e-04
Epoch 173/300
51/51 - 2s - 31ms/step - accuracy: 0.9316 - loss: 1.0311 - val_accuracy: 0.9397 - val_loss: 0.9910 - learning_rate: 1.0000e-04
Epoch 174/300
51/51 - 2s - 30ms/step - accuracy: 0.9519 - loss: 0.9967 - val_accuracy: 0.9353 - val_loss: 1.0089 - learning_rate: 1.0000e-04
Epoch 175/300
51/51 - 2s - 30ms/step - accuracy: 0.9322 - loss: 1.0301 - val_accuracy: 0.9310 - val_loss: 0.9910 - learning_rate: 1.0000e-04
Epoch 176/300
51/51 - 2s - 30ms/step - accuracy: 0.9501 - loss: 1.0058 - val_accuracy: 0.9267 - val_loss: 0.9996 - learning_rate: 1.0000e-04
Epoch 177/300
51/51 - 1s - 29ms/step - accuracy: 0.9421 - loss: 1.0193 - val_accuracy: 0.9353 - val_loss: 0.9864 - learning_rate: 1.0000e-04
Epoch 178/300
51/51 - 2s - 32ms/step - accuracy: 0.9532 - loss: 1.0044 - val_accuracy: 0.9353 - val_loss: 0.9840 - learning_rate: 1.0000e-04
Epoch 179/300
51/51 - 2s - 31ms/step - accuracy: 0.9421 - loss: 1.0177 - val_accuracy: 0.9353 - val_loss: 0.9929 - learning_rate: 1.0000e-04
Epoch 180/300
51/51 - 2s - 31ms/step - accuracy: 0.9532 - loss: 0.9898 - val_accuracy: 0.9353 - val_loss: 0.9925 - learning_rate: 1.0000e-04
Epoch 181/300
51/51 - 2s - 32ms/step - accuracy: 0.9507 - loss: 1.0055 - val_accuracy: 0.9310 - val_loss: 1.0005 - learning_rate: 1.0000e-04
Epoch 182/300
51/51 - 2s - 31ms/step - accuracy: 0.9476 - loss: 0.9966 - val_accuracy: 0.9310 - val_loss: 0.9916 - learning_rate: 1.0000e-04
Epoch 183/300
51/51 - 2s - 30ms/step - accuracy: 0.9532 - loss: 0.9799 - val_accuracy: 0.9310 - val_loss: 0.9917 - learning_rate: 1.0000e-04
Epoch 184/300
51/51 - 2s - 30ms/step - accuracy: 0.9593 - loss: 0.9931 - val_accuracy: 0.9397 - val_loss: 0.9932 - learning_rate: 1.0000e-04
Epoch 185/300
51/51 - 2s - 31ms/step - accuracy: 0.9476 - loss: 1.0011 - val_accuracy: 0.9310 - val_loss: 0.9954 - learning_rate: 1.0000e-04
Epoch 186/300
51/51 - 2s - 32ms/step - accuracy: 0.9495 - loss: 0.9988 - val_accuracy: 0.9224 - val_loss: 1.0134 - learning_rate: 1.0000e-04
Epoch 187/300
51/51 - 2s - 31ms/step - accuracy: 0.9692 - loss: 0.9704 - val_accuracy: 0.9353 - val_loss: 0.9956 - learning_rate: 1.0000e-04
Epoch 188/300
51/51 - 2s - 30ms/step - accuracy: 0.9587 - loss: 0.9853 - val_accuracy: 0.9224 - val_loss: 1.0012 - learning_rate: 1.0000e-04
Epoch 189/300
51/51 - 2s - 30ms/step - accuracy: 0.9439 - loss: 0.9951 - val_accuracy: 0.9224 - val_loss: 1.0040 - learning_rate: 1.0000e-04
Epoch 190/300
51/51 - 2s - 30ms/step - accuracy: 0.9556 - loss: 0.9863 - val_accuracy: 0.9181 - val_loss: 0.9904 - learning_rate: 1.0000e-04
Epoch 191/300
51/51 - 2s - 30ms/step - accuracy: 0.9624 - loss: 0.9755 - val_accuracy: 0.9267 - val_loss: 0.9823 - learning_rate: 5.0000e-05
Epoch 192/300
51/51 - 2s - 30ms/step - accuracy: 0.9544 - loss: 0.9774 - val_accuracy: 0.9267 - val_loss: 0.9814 - learning_rate: 5.0000e-05
Epoch 193/300
51/51 - 2s - 30ms/step - accuracy: 0.9661 - loss: 0.9563 - val_accuracy: 0.9224 - val_loss: 0.9864 - learning_rate: 5.0000e-05
Epoch 194/300
51/51 - 2s - 30ms/step - accuracy: 0.9630 - loss: 0.9587 - val_accuracy: 0.9267 - val_loss: 0.9877 - learning_rate: 5.0000e-05
Epoch 195/300
51/51 - 2s - 30ms/step - accuracy: 0.9538 - loss: 0.9806 - val_accuracy: 0.9310 - val_loss: 0.9868 - learning_rate: 5.0000e-05
Epoch 196/300
51/51 - 2s - 31ms/step - accuracy: 0.9587 - loss: 0.9727 - val_accuracy: 0.9310 - val_loss: 0.9700 - learning_rate: 5.0000e-05
Epoch 197/300
51/51 - 2s - 30ms/step - accuracy: 0.9581 - loss: 0.9631 - val_accuracy: 0.9267 - val_loss: 0.9902 - learning_rate: 5.0000e-05
Epoch 198/300
51/51 - 2s - 31ms/step - accuracy: 0.9630 - loss: 0.9620 - val_accuracy: 0.9267 - val_loss: 0.9793 - learning_rate: 5.0000e-05
Epoch 199/300
51/51 - 2s - 30ms/step - accuracy: 0.9643 - loss: 0.9617 - val_accuracy: 0.9310 - val_loss: 0.9812 - learning_rate: 5.0000e-05
Epoch 200/300
51/51 - 2s - 30ms/step - accuracy: 0.9581 - loss: 0.9649 - val_accuracy: 0.9310 - val_loss: 0.9741 - learning_rate: 5.0000e-05
Epoch 201/300
51/51 - 2s - 32ms/step - accuracy: 0.9636 - loss: 0.9570 - val_accuracy: 0.9310 - val_loss: 0.9679 - learning_rate: 5.0000e-05
Epoch 202/300
51/51 - 2s - 33ms/step - accuracy: 0.9630 - loss: 0.9619 - val_accuracy: 0.9310 - val_loss: 0.9703 - learning_rate: 5.0000e-05
Epoch 203/300
51/51 - 2s - 36ms/step - accuracy: 0.9618 - loss: 0.9699 - val_accuracy: 0.9310 - val_loss: 0.9773 - learning_rate: 5.0000e-05
Epoch 204/300
51/51 - 2s - 35ms/step - accuracy: 0.9624 - loss: 0.9781 - val_accuracy: 0.9353 - val_loss: 0.9785 - learning_rate: 5.0000e-05
Epoch 205/300
51/51 - 2s - 34ms/step - accuracy: 0.9612 - loss: 0.9604 - val_accuracy: 0.9353 - val_loss: 0.9677 - learning_rate: 5.0000e-05
Epoch 206/300
51/51 - 2s - 34ms/step - accuracy: 0.9581 - loss: 0.9669 - val_accuracy: 0.9353 - val_loss: 0.9707 - learning_rate: 5.0000e-05
Epoch 207/300
51/51 - 2s - 33ms/step - accuracy: 0.9643 - loss: 0.9521 - val_accuracy: 0.9310 - val_loss: 0.9764 - learning_rate: 5.0000e-05
Epoch 208/300
51/51 - 2s - 30ms/step - accuracy: 0.9655 - loss: 0.9604 - val_accuracy: 0.9353 - val_loss: 0.9675 - learning_rate: 5.0000e-05
Epoch 209/300
51/51 - 2s - 31ms/step - accuracy: 0.9575 - loss: 0.9576 - val_accuracy: 0.9353 - val_loss: 0.9723 - learning_rate: 5.0000e-05
Epoch 210/300
51/51 - 2s - 32ms/step - accuracy: 0.9630 - loss: 0.9531 - val_accuracy: 0.9267 - val_loss: 0.9781 - learning_rate: 5.0000e-05
Epoch 211/300
51/51 - 2s - 31ms/step - accuracy: 0.9581 - loss: 0.9686 - val_accuracy: 0.9353 - val_loss: 0.9785 - learning_rate: 5.0000e-05
Epoch 212/300
51/51 - 2s - 32ms/step - accuracy: 0.9507 - loss: 0.9641 - val_accuracy: 0.9397 - val_loss: 0.9731 - learning_rate: 5.0000e-05
Epoch 213/300
51/51 - 2s - 30ms/step - accuracy: 0.9569 - loss: 0.9645 - val_accuracy: 0.9397 - val_loss: 0.9655 - learning_rate: 5.0000e-05
Epoch 214/300
51/51 - 2s - 31ms/step - accuracy: 0.9686 - loss: 0.9548 - val_accuracy: 0.9353 - val_loss: 0.9670 - learning_rate: 5.0000e-05
Epoch 215/300
51/51 - 2s - 30ms/step - accuracy: 0.9612 - loss: 0.9639 - val_accuracy: 0.9353 - val_loss: 0.9698 - learning_rate: 5.0000e-05
Epoch 216/300
51/51 - 2s - 30ms/step - accuracy: 0.9587 - loss: 0.9554 - val_accuracy: 0.9353 - val_loss: 0.9720 - learning_rate: 5.0000e-05
Epoch 217/300
51/51 - 2s - 32ms/step - accuracy: 0.9630 - loss: 0.9623 - val_accuracy: 0.9397 - val_loss: 0.9659 - learning_rate: 5.0000e-05
Epoch 218/300
51/51 - 2s - 31ms/step - accuracy: 0.9544 - loss: 0.9578 - val_accuracy: 0.9353 - val_loss: 0.9717 - learning_rate: 5.0000e-05
Epoch 219/300
51/51 - 2s - 31ms/step - accuracy: 0.9581 - loss: 0.9713 - val_accuracy: 0.9353 - val_loss: 0.9622 - learning_rate: 5.0000e-05
Epoch 220/300
51/51 - 2s - 30ms/step - accuracy: 0.9563 - loss: 0.9656 - val_accuracy: 0.9353 - val_loss: 0.9589 - learning_rate: 5.0000e-05
Epoch 221/300
51/51 - 2s - 30ms/step - accuracy: 0.9643 - loss: 0.9495 - val_accuracy: 0.9353 - val_loss: 0.9684 - learning_rate: 5.0000e-05
Epoch 222/300
51/51 - 2s - 30ms/step - accuracy: 0.9593 - loss: 0.9570 - val_accuracy: 0.9397 - val_loss: 0.9620 - learning_rate: 5.0000e-05
Epoch 223/300
51/51 - 2s - 32ms/step - accuracy: 0.9673 - loss: 0.9451 - val_accuracy: 0.9440 - val_loss: 0.9622 - learning_rate: 5.0000e-05
Epoch 224/300
51/51 - 2s - 30ms/step - accuracy: 0.9729 - loss: 0.9456 - val_accuracy: 0.9310 - val_loss: 0.9726 - learning_rate: 5.0000e-05
Epoch 225/300
51/51 - 2s - 31ms/step - accuracy: 0.9717 - loss: 0.9355 - val_accuracy: 0.9310 - val_loss: 0.9781 - learning_rate: 5.0000e-05
Epoch 226/300
51/51 - 2s - 30ms/step - accuracy: 0.9686 - loss: 0.9445 - val_accuracy: 0.9310 - val_loss: 0.9641 - learning_rate: 5.0000e-05
Epoch 227/300
51/51 - 2s - 30ms/step - accuracy: 0.9704 - loss: 0.9449 - val_accuracy: 0.9397 - val_loss: 0.9611 - learning_rate: 5.0000e-05
Epoch 228/300
51/51 - 2s - 31ms/step - accuracy: 0.9636 - loss: 0.9496 - val_accuracy: 0.9267 - val_loss: 0.9735 - learning_rate: 5.0000e-05
Epoch 229/300
51/51 - 2s - 30ms/step - accuracy: 0.9624 - loss: 0.9494 - val_accuracy: 0.9353 - val_loss: 0.9625 - learning_rate: 5.0000e-05
Epoch 230/300
51/51 - 2s - 30ms/step - accuracy: 0.9630 - loss: 0.9552 - val_accuracy: 0.9310 - val_loss: 0.9619 - learning_rate: 5.0000e-05
Epoch 231/300
51/51 - 2s - 30ms/step - accuracy: 0.9655 - loss: 0.9438 - val_accuracy: 0.9310 - val_loss: 0.9599 - learning_rate: 5.0000e-05
Epoch 232/300
51/51 - 2s - 30ms/step - accuracy: 0.9643 - loss: 0.9431 - val_accuracy: 0.9353 - val_loss: 0.9662 - learning_rate: 5.0000e-05
Epoch 233/300
51/51 - 2s - 31ms/step - accuracy: 0.9698 - loss: 0.9436 - val_accuracy: 0.9310 - val_loss: 0.9613 - learning_rate: 2.5000e-05
Epoch 234/300
51/51 - 2s - 30ms/step - accuracy: 0.9698 - loss: 0.9343 - val_accuracy: 0.9310 - val_loss: 0.9667 - learning_rate: 2.5000e-05
Epoch 235/300
51/51 - 2s - 33ms/step - accuracy: 0.9593 - loss: 0.9546 - val_accuracy: 0.9310 - val_loss: 0.9660 - learning_rate: 2.5000e-05
Epoch 236/300
51/51 - 2s - 31ms/step - accuracy: 0.9754 - loss: 0.9330 - val_accuracy: 0.9310 - val_loss: 0.9657 - learning_rate: 2.5000e-05
Epoch 237/300
51/51 - 2s - 31ms/step - accuracy: 0.9686 - loss: 0.9451 - val_accuracy: 0.9310 - val_loss: 0.9681 - learning_rate: 2.5000e-05
Epoch 238/300
51/51 - 2s - 30ms/step - accuracy: 0.9760 - loss: 0.9228 - val_accuracy: 0.9310 - val_loss: 0.9642 - learning_rate: 2.5000e-05
Epoch 239/300
51/51 - 2s - 31ms/step - accuracy: 0.9704 - loss: 0.9360 - val_accuracy: 0.9310 - val_loss: 0.9694 - learning_rate: 2.5000e-05
Epoch 240/300
51/51 - 2s - 30ms/step - accuracy: 0.9618 - loss: 0.9416 - val_accuracy: 0.9310 - val_loss: 0.9665 - learning_rate: 2.5000e-05
Epoch 241/300
51/51 - 2s - 31ms/step - accuracy: 0.9692 - loss: 0.9361 - val_accuracy: 0.9310 - val_loss: 0.9592 - learning_rate: 2.5000e-05
Epoch 242/300
51/51 - 2s - 30ms/step - accuracy: 0.9747 - loss: 0.9356 - val_accuracy: 0.9310 - val_loss: 0.9521 - learning_rate: 2.5000e-05
Epoch 243/300
51/51 - 2s - 30ms/step - accuracy: 0.9686 - loss: 0.9331 - val_accuracy: 0.9353 - val_loss: 0.9549 - learning_rate: 2.5000e-05
Epoch 244/300
51/51 - 2s - 32ms/step - accuracy: 0.9655 - loss: 0.9398 - val_accuracy: 0.9310 - val_loss: 0.9569 - learning_rate: 2.5000e-05
Epoch 245/300
51/51 - 2s - 33ms/step - accuracy: 0.9710 - loss: 0.9330 - val_accuracy: 0.9353 - val_loss: 0.9592 - learning_rate: 2.5000e-05
Epoch 246/300
51/51 - 2s - 33ms/step - accuracy: 0.9704 - loss: 0.9377 - val_accuracy: 0.9267 - val_loss: 0.9615 - learning_rate: 2.5000e-05
Epoch 247/300
51/51 - 2s - 31ms/step - accuracy: 0.9673 - loss: 0.9315 - val_accuracy: 0.9310 - val_loss: 0.9676 - learning_rate: 2.5000e-05
Epoch 248/300
51/51 - 2s - 32ms/step - accuracy: 0.9673 - loss: 0.9285 - val_accuracy: 0.9397 - val_loss: 0.9670 - learning_rate: 2.5000e-05
Epoch 249/300
51/51 - 2s - 31ms/step - accuracy: 0.9655 - loss: 0.9285 - val_accuracy: 0.9353 - val_loss: 0.9601 - learning_rate: 2.5000e-05
Epoch 250/300
51/51 - 2s - 32ms/step - accuracy: 0.9686 - loss: 0.9437 - val_accuracy: 0.9310 - val_loss: 0.9604 - learning_rate: 2.5000e-05
Epoch 251/300
51/51 - 2s - 31ms/step - accuracy: 0.9741 - loss: 0.9251 - val_accuracy: 0.9310 - val_loss: 0.9612 - learning_rate: 2.5000e-05
Epoch 252/300
51/51 - 2s - 31ms/step - accuracy: 0.9710 - loss: 0.9365 - val_accuracy: 0.9310 - val_loss: 0.9571 - learning_rate: 2.5000e-05
Epoch 253/300
51/51 - 2s - 30ms/step - accuracy: 0.9717 - loss: 0.9349 - val_accuracy: 0.9353 - val_loss: 0.9591 - learning_rate: 2.5000e-05
Epoch 254/300
51/51 - 2s - 30ms/step - accuracy: 0.9710 - loss: 0.9319 - val_accuracy: 0.9310 - val_loss: 0.9538 - learning_rate: 2.5000e-05
Epoch 255/300
51/51 - 2s - 31ms/step - accuracy: 0.9729 - loss: 0.9315 - val_accuracy: 0.9353 - val_loss: 0.9502 - learning_rate: 1.2500e-05
Epoch 256/300
51/51 - 2s - 31ms/step - accuracy: 0.9636 - loss: 0.9404 - val_accuracy: 0.9397 - val_loss: 0.9522 - learning_rate: 1.2500e-05
Epoch 257/300
51/51 - 2s - 30ms/step - accuracy: 0.9612 - loss: 0.9402 - val_accuracy: 0.9353 - val_loss: 0.9596 - learning_rate: 1.2500e-05
Epoch 258/300
51/51 - 2s - 31ms/step - accuracy: 0.9735 - loss: 0.9372 - val_accuracy: 0.9353 - val_loss: 0.9588 - learning_rate: 1.2500e-05
Epoch 259/300
51/51 - 2s - 30ms/step - accuracy: 0.9784 - loss: 0.9237 - val_accuracy: 0.9353 - val_loss: 0.9538 - learning_rate: 1.2500e-05
Epoch 260/300
51/51 - 2s - 30ms/step - accuracy: 0.9673 - loss: 0.9359 - val_accuracy: 0.9353 - val_loss: 0.9548 - learning_rate: 1.2500e-05
Epoch 261/300
51/51 - 2s - 30ms/step - accuracy: 0.9710 - loss: 0.9320 - val_accuracy: 0.9353 - val_loss: 0.9555 - learning_rate: 1.2500e-05
Epoch 262/300
51/51 - 2s - 30ms/step - accuracy: 0.9735 - loss: 0.9248 - val_accuracy: 0.9353 - val_loss: 0.9573 - learning_rate: 1.2500e-05
Epoch 263/300
51/51 - 2s - 31ms/step - accuracy: 0.9661 - loss: 0.9413 - val_accuracy: 0.9353 - val_loss: 0.9480 - learning_rate: 1.2500e-05
Epoch 264/300
51/51 - 2s - 30ms/step - accuracy: 0.9729 - loss: 0.9264 - val_accuracy: 0.9353 - val_loss: 0.9575 - learning_rate: 1.2500e-05
Epoch 265/300
51/51 - 2s - 30ms/step - accuracy: 0.9692 - loss: 0.9337 - val_accuracy: 0.9353 - val_loss: 0.9566 - learning_rate: 1.2500e-05
Epoch 266/300
51/51 - 2s - 36ms/step - accuracy: 0.9735 - loss: 0.9303 - val_accuracy: 0.9353 - val_loss: 0.9555 - learning_rate: 1.2500e-05
Epoch 267/300
51/51 - 2s - 33ms/step - accuracy: 0.9760 - loss: 0.9242 - val_accuracy: 0.9353 - val_loss: 0.9578 - learning_rate: 1.2500e-05
Epoch 268/300
51/51 - 2s - 31ms/step - accuracy: 0.9735 - loss: 0.9320 - val_accuracy: 0.9353 - val_loss: 0.9549 - learning_rate: 1.2500e-05
Epoch 269/300
51/51 - 2s - 32ms/step - accuracy: 0.9754 - loss: 0.9237 - val_accuracy: 0.9353 - val_loss: 0.9599 - learning_rate: 1.2500e-05
Epoch 270/300
51/51 - 2s - 37ms/step - accuracy: 0.9710 - loss: 0.9323 - val_accuracy: 0.9353 - val_loss: 0.9594 - learning_rate: 1.2500e-05
Epoch 271/300
51/51 - 2s - 35ms/step - accuracy: 0.9717 - loss: 0.9263 - val_accuracy: 0.9353 - val_loss: 0.9618 - learning_rate: 1.2500e-05
Epoch 272/300
51/51 - 2s - 33ms/step - accuracy: 0.9747 - loss: 0.9213 - val_accuracy: 0.9353 - val_loss: 0.9635 - learning_rate: 1.2500e-05
Epoch 273/300
51/51 - 2s - 34ms/step - accuracy: 0.9649 - loss: 0.9367 - val_accuracy: 0.9353 - val_loss: 0.9618 - learning_rate: 1.2500e-05
Epoch 274/300
51/51 - 2s - 31ms/step - accuracy: 0.9791 - loss: 0.9168 - val_accuracy: 0.9353 - val_loss: 0.9551 - learning_rate: 1.2500e-05
Epoch 275/300
51/51 - 2s - 36ms/step - accuracy: 0.9698 - loss: 0.9337 - val_accuracy: 0.9310 - val_loss: 0.9542 - learning_rate: 1.2500e-05
Epoch 276/300
51/51 - 2s - 40ms/step - accuracy: 0.9760 - loss: 0.9226 - val_accuracy: 0.9310 - val_loss: 0.9539 - learning_rate: 6.2500e-06
Epoch 277/300
51/51 - 2s - 32ms/step - accuracy: 0.9704 - loss: 0.9282 - val_accuracy: 0.9310 - val_loss: 0.9552 - learning_rate: 6.2500e-06
Epoch 278/300
51/51 - 2s - 30ms/step - accuracy: 0.9673 - loss: 0.9284 - val_accuracy: 0.9310 - val_loss: 0.9550 - learning_rate: 6.2500e-06
Epoch 279/300
51/51 - 2s - 31ms/step - accuracy: 0.9717 - loss: 0.9248 - val_accuracy: 0.9310 - val_loss: 0.9533 - learning_rate: 6.2500e-06
Epoch 280/300
51/51 - 2s - 36ms/step - accuracy: 0.9680 - loss: 0.9341 - val_accuracy: 0.9310 - val_loss: 0.9526 - learning_rate: 6.2500e-06
Epoch 281/300
51/51 - 2s - 33ms/step - accuracy: 0.9704 - loss: 0.9303 - val_accuracy: 0.9310 - val_loss: 0.9515 - learning_rate: 6.2500e-06
Epoch 282/300
51/51 - 3s - 53ms/step - accuracy: 0.9710 - loss: 0.9268 - val_accuracy: 0.9310 - val_loss: 0.9510 - learning_rate: 6.2500e-06
Epoch 283/300
51/51 - 2s - 31ms/step - accuracy: 0.9766 - loss: 0.9147 - val_accuracy: 0.9310 - val_loss: 0.9519 - learning_rate: 6.2500e-06
Epoch 284/300
51/51 - 2s - 33ms/step - accuracy: 0.9686 - loss: 0.9294 - val_accuracy: 0.9310 - val_loss: 0.9528 - learning_rate: 6.2500e-06
Epoch 285/300
51/51 - 2s - 34ms/step - accuracy: 0.9710 - loss: 0.9274 - val_accuracy: 0.9353 - val_loss: 0.9528 - learning_rate: 6.2500e-06
Epoch 286/300
51/51 - 2s - 38ms/step - accuracy: 0.9680 - loss: 0.9327 - val_accuracy: 0.9353 - val_loss: 0.9534 - learning_rate: 6.2500e-06
Epoch 287/300
51/51 - 2s - 33ms/step - accuracy: 0.9698 - loss: 0.9277 - val_accuracy: 0.9353 - val_loss: 0.9537 - learning_rate: 6.2500e-06
Epoch 288/300
51/51 - 2s - 31ms/step - accuracy: 0.9760 - loss: 0.9180 - val_accuracy: 0.9353 - val_loss: 0.9531 - learning_rate: 3.1250e-06
Epoch 289/300
51/51 - 2s - 30ms/step - accuracy: 0.9698 - loss: 0.9288 - val_accuracy: 0.9353 - val_loss: 0.9536 - learning_rate: 3.1250e-06
Epoch 290/300
51/51 - 2s - 32ms/step - accuracy: 0.9680 - loss: 0.9347 - val_accuracy: 0.9353 - val_loss: 0.9534 - learning_rate: 3.1250e-06
Epoch 291/300
51/51 - 2s - 33ms/step - accuracy: 0.9735 - loss: 0.9209 - val_accuracy: 0.9353 - val_loss: 0.9522 - learning_rate: 3.1250e-06
Epoch 292/300
51/51 - 2s - 30ms/step - accuracy: 0.9673 - loss: 0.9312 - val_accuracy: 0.9353 - val_loss: 0.9521 - learning_rate: 3.1250e-06
Epoch 293/300
51/51 - 2s - 31ms/step - accuracy: 0.9667 - loss: 0.9309 - val_accuracy: 0.9353 - val_loss: 0.9518 - learning_rate: 3.1250e-06
Epoch 294/300
51/51 - 2s - 30ms/step - accuracy: 0.9692 - loss: 0.9232 - val_accuracy: 0.9353 - val_loss: 0.9521 - learning_rate: 3.1250e-06
Epoch 295/300
51/51 - 1s - 29ms/step - accuracy: 0.9741 - loss: 0.9276 - val_accuracy: 0.9353 - val_loss: 0.9511 - learning_rate: 3.1250e-06
Epoch 296/300
51/51 - 2s - 30ms/step - accuracy: 0.9741 - loss: 0.9252 - val_accuracy: 0.9353 - val_loss: 0.9523 - learning_rate: 3.1250e-06
Epoch 297/300
51/51 - 2s - 30ms/step - accuracy: 0.9766 - loss: 0.9121 - val_accuracy: 0.9353 - val_loss: 0.9529 - learning_rate: 3.1250e-06
Epoch 298/300
51/51 - 2s - 30ms/step - accuracy: 0.9698 - loss: 0.9339 - val_accuracy: 0.9353 - val_loss: 0.9531 - learning_rate: 3.1250e-06
Epoch 299/300
51/51 - 2s - 30ms/step - accuracy: 0.9766 - loss: 0.9154 - val_accuracy: 0.9353 - val_loss: 0.9527 - learning_rate: 3.1250e-06
Epoch 300/300
51/51 - 2s - 30ms/step - accuracy: 0.9692 - loss: 0.9301 - val_accuracy: 0.9353 - val_loss: 0.9523 - learning_rate: 1.5625e-06

[1m 1/15[0m [32m=[0m[37m===================[0m [1m3s[0m 250ms/step
[1m 8/15[0m [32m==========[0m[37m==========[0m [1m0s[0m 8ms/step  
[1m15/15[0m [32m====================[0m[37m[0m [1m0s[0m 22ms/step
[1m15/15[0m [32m====================[0m[37m[0m [1m1s[0m 23ms/step
              precision    recall  f1-score   support

           0     1.0000    1.0000    1.0000        13
           1     0.9286    1.0000    0.9630        13
           2     0.8235    1.0000    0.9032        14
           3     1.0000    0.9286    0.9630        14
           4     0.8667    1.0000    0.9286        13
           5     1.0000    1.0000    1.0000        14
           6     1.0000    1.0000    1.0000        14
           7     1.0000    0.7692    0.8696        13
           8     0.7222    0.9286    0.8125        14
           9     1.0000    1.0000    1.0000        14
          10     0.8824    1.0000    0.9375        15
          11     0.8235    1.0000    0.9032        14
          12     0.9333    1.0000    0.9655        14
          13     1.0000    0.5714    0.7273        14
          14     1.0000    0.9286    0.9630        14
          15     1.0000    1.0000    1.0000        13
          16     0.8750    0.9333    0.9032        15
          17     0.8235    1.0000    0.9032        14
          18     1.0000    0.8667    0.9286        15
          19     1.0000    0.9286    0.9630        14
          20     0.8571    0.8000    0.8276        15
          21     1.0000    0.9231    0.9600        13
          22     1.0000    0.9333    0.9655        15
          23     1.0000    0.7500    0.8571        12
          24     0.9333    1.0000    0.9655        14
          25     1.0000    1.0000    1.0000        15
          26     1.0000    0.8667    0.9286        15
          27     1.0000    0.8571    0.9231        14
          28     1.0000    1.0000    1.0000        14
          29     1.0000    0.8000    0.8889        15
          30     0.7368    0.9333    0.8235        15
          31     0.9333    0.9333    0.9333        15
          32     0.8750    1.0000    0.9333        14

    accuracy                         0.9289       464
   macro avg     0.9398    0.9288    0.9285       464
weighted avg     0.9390    0.9289    0.9282       464

Saved tcn.keras
