
=== tcn: 1-epoch train ===
8/8 - 4s - 448ms/step - accuracy: 0.0352 - loss: 4.7188
Saved artifact at 'C:\Users\Dell\AppData\Local\Temp\tmpqr2ber9w'. The following endpoints are available:

* Endpoint 'serve'
  args_0 (POSITIONAL_ONLY): TensorSpec(shape=(None, 75, 195), dtype=tf.float32, name='keras_tensor')
Output Type:
  TensorSpec(shape=(None, 33), dtype=tf.float32, name=None)
Captures:
  2367856286352: TensorSpec(shape=(), dtype=tf.resource, name=None)
  2367856289040: TensorSpec(shape=(), dtype=tf.resource, name=None)
  2367856289424: TensorSpec(shape=(), dtype=tf.resource, name=None)
  2367856289616: TensorSpec(shape=(), dtype=tf.resource, name=None)
  2367856287312: TensorSpec(shape=(), dtype=tf.resource, name=None)
  2367856287120: TensorSpec(shape=(), dtype=tf.resource, name=None)
  2367856287504: TensorSpec(shape=(), dtype=tf.resource, name=None)
  2367856287888: TensorSpec(shape=(), dtype=tf.resource, name=None)
  2367856291152: TensorSpec(shape=(), dtype=tf.resource, name=None)
  2367856291728: TensorSpec(shape=(), dtype=tf.resource, name=None)
  2367856292112: TensorSpec(shape=(), dtype=tf.resource, name=None)
  2367856293072: TensorSpec(shape=(), dtype=tf.resource, name=None)
  2367856292880: TensorSpec(shape=(), dtype=tf.resource, name=None)
  2367856292304: TensorSpec(shape=(), dtype=tf.resource, name=None)
  2367856290960: TensorSpec(shape=(), dtype=tf.resource, name=None)
  2367856291536: TensorSpec(shape=(), dtype=tf.resource, name=None)
  2367856294800: TensorSpec(shape=(), dtype=tf.resource, name=None)
  2367856294992: TensorSpec(shape=(), dtype=tf.resource, name=None)
  2367856293264: TensorSpec(shape=(), dtype=tf.resource, name=None)
  2367856291344: TensorSpec(shape=(), dtype=tf.resource, name=None)
  2367856295376: TensorSpec(shape=(), dtype=tf.resource, name=None)
  2367856295760: TensorSpec(shape=(), dtype=tf.resource, name=None)
  2367856293648: TensorSpec(shape=(), dtype=tf.resource, name=None)
  2367856295184: TensorSpec(shape=(), dtype=tf.resource, name=None)
  2367856293840: TensorSpec(shape=(), dtype=tf.resource, name=None)
  2367856295568: TensorSpec(shape=(), dtype=tf.resource, name=None)
  2367856294608: TensorSpec(shape=(), dtype=tf.resource, name=None)
  2367856294416: TensorSpec(shape=(), dtype=tf.resource, name=None)
  2367857639888: TensorSpec(shape=(), dtype=tf.resource, name=None)
  2367857640464: TensorSpec(shape=(), dtype=tf.resource, name=None)
  OK  dynamic-range: 119.5 KB -> C:\Users\Dell\Downloads\Dynamic_Kannada_Sign_Language_Recognition_major_project-main\Dynamic_Kannada_Sign_Language_Recognition_major_project-main\New Models\tcn_dynamic-range.tflite
Saved artifact at 'C:\Users\Dell\AppData\Local\Temp\tmp6f8n7ec1'. The following endpoints are available:

* Endpoint 'serve'
  args_0 (POSITIONAL_ONLY): TensorSpec(shape=(None, 75, 195), dtype=tf.float32, name='keras_tensor')
Output Type:
  TensorSpec(shape=(None, 33), dtype=tf.float32, name=None)
Captures:
  2367856286352: TensorSpec(shape=(), dtype=tf.resource, name=None)
  2367856289040: TensorSpec(shape=(), dtype=tf.resource, name=None)
  2367856289424: TensorSpec(shape=(), dtype=tf.resource, name=None)
  2367856289616: TensorSpec(shape=(), dtype=tf.resource, name=None)
  2367856287312: TensorSpec(shape=(), dtype=tf.resource, name=None)
  2367856287120: TensorSpec(shape=(), dtype=tf.resource, name=None)
  2367856287504: TensorSpec(shape=(), dtype=tf.resource, name=None)
  2367856287888: TensorSpec(shape=(), dtype=tf.resource, name=None)
  2367856291152: TensorSpec(shape=(), dtype=tf.resource, name=None)
  2367856291728: TensorSpec(shape=(), dtype=tf.resource, name=None)
  2367856292112: TensorSpec(shape=(), dtype=tf.resource, name=None)
  2367856293072: TensorSpec(shape=(), dtype=tf.resource, name=None)
  2367856292880: TensorSpec(shape=(), dtype=tf.resource, name=None)
  2367856292304: TensorSpec(shape=(), dtype=tf.resource, name=None)
  2367856290960: TensorSpec(shape=(), dtype=tf.resource, name=None)
  2367856291536: TensorSpec(shape=(), dtype=tf.resource, name=None)
  2367856294800: TensorSpec(shape=(), dtype=tf.resource, name=None)
  2367856294992: TensorSpec(shape=(), dtype=tf.resource, name=None)
  2367856293264: TensorSpec(shape=(), dtype=tf.resource, name=None)
  2367856291344: TensorSpec(shape=(), dtype=tf.resource, name=None)
  2367856295376: TensorSpec(shape=(), dtype=tf.resource, name=None)
  2367856295760: TensorSpec(shape=(), dtype=tf.resource, name=None)
  2367856293648: TensorSpec(shape=(), dtype=tf.resource, name=None)
  2367856295184: TensorSpec(shape=(), dtype=tf.resource, name=None)
  2367856293840: TensorSpec(shape=(), dtype=tf.resource, name=None)
  2367856295568: TensorSpec(shape=(), dtype=tf.resource, name=None)
  2367856294608: TensorSpec(shape=(), dtype=tf.resource, name=None)
  2367856294416: TensorSpec(shape=(), dtype=tf.resource, name=None)
  2367857639888: TensorSpec(shape=(), dtype=tf.resource, name=None)
  2367857640464: TensorSpec(shape=(), dtype=tf.resource, name=None)
  OK  full-int-int-io: 125.4 KB -> C:\Users\Dell\Downloads\Dynamic_Kannada_Sign_Language_Recognition_major_project-main\Dynamic_Kannada_Sign_Language_Recognition_major_project-main\New Models\tcn_full-int-int-io.tflite
Saved artifact at 'C:\Users\Dell\AppData\Local\Temp\tmpohnx4jhg'. The following endpoints are available:

* Endpoint 'serve'
  args_0 (POSITIONAL_ONLY): TensorSpec(shape=(None, 75, 195), dtype=tf.float32, name='keras_tensor')
Output Type:
  TensorSpec(shape=(None, 33), dtype=tf.float32, name=None)
Captures:
  2367856286352: TensorSpec(shape=(), dtype=tf.resource, name=None)
  2367856289040: TensorSpec(shape=(), dtype=tf.resource, name=None)
  2367856289424: TensorSpec(shape=(), dtype=tf.resource, name=None)
  2367856289616: TensorSpec(shape=(), dtype=tf.resource, name=None)
  2367856287312: TensorSpec(shape=(), dtype=tf.resource, name=None)
  2367856287120: TensorSpec(shape=(), dtype=tf.resource, name=None)
  2367856287504: TensorSpec(shape=(), dtype=tf.resource, name=None)
  2367856287888: TensorSpec(shape=(), dtype=tf.resource, name=None)
  2367856291152: TensorSpec(shape=(), dtype=tf.resource, name=None)
  2367856291728: TensorSpec(shape=(), dtype=tf.resource, name=None)
  2367856292112: TensorSpec(shape=(), dtype=tf.resource, name=None)
  2367856293072: TensorSpec(shape=(), dtype=tf.resource, name=None)
  2367856292880: TensorSpec(shape=(), dtype=tf.resource, name=None)
  2367856292304: TensorSpec(shape=(), dtype=tf.resource, name=None)
  2367856290960: TensorSpec(shape=(), dtype=tf.resource, name=None)
  2367856291536: TensorSpec(shape=(), dtype=tf.resource, name=None)
  2367856294800: TensorSpec(shape=(), dtype=tf.resource, name=None)
  2367856294992: TensorSpec(shape=(), dtype=tf.resource, name=None)
  2367856293264: TensorSpec(shape=(), dtype=tf.resource, name=None)
  2367856291344: TensorSpec(shape=(), dtype=tf.resource, name=None)
  2367856295376: TensorSpec(shape=(), dtype=tf.resource, name=None)
  2367856295760: TensorSpec(shape=(), dtype=tf.resource, name=None)
  2367856293648: TensorSpec(shape=(), dtype=tf.resource, name=None)
  2367856295184: TensorSpec(shape=(), dtype=tf.resource, name=None)
  2367856293840: TensorSpec(shape=(), dtype=tf.resource, name=None)
  2367856295568: TensorSpec(shape=(), dtype=tf.resource, name=None)
  2367856294608: TensorSpec(shape=(), dtype=tf.resource, name=None)
  2367856294416: TensorSpec(shape=(), dtype=tf.resource, name=None)
  2367857639888: TensorSpec(shape=(), dtype=tf.resource, name=None)
  2367857640464: TensorSpec(shape=(), dtype=tf.resource, name=None)
  OK  float16: 211.9 KB -> C:\Users\Dell\Downloads\Dynamic_Kannada_Sign_Language_Recognition_major_project-main\Dynamic_Kannada_Sign_Language_Recognition_major_project-main\New Models\tcn_float16.tflite

=== gcn: 1-epoch train ===
8/8 - 37s - 5s/step - accuracy: 0.0352 - loss: 3.6584
Saved artifact at 'C:\Users\Dell\AppData\Local\Temp\tmpcprn5a5u'. The following endpoints are available:

* Endpoint 'serve'
  args_0 (POSITIONAL_ONLY): TensorSpec(shape=(None, 75, 65, 3), dtype=tf.float32, name='keras_tensor_34')
Output Type:
  TensorSpec(shape=(None, 33), dtype=tf.float32, name=None)
Captures:
  2368010701136: TensorSpec(shape=(), dtype=tf.resource, name=None)
  2367860695184: TensorSpec(shape=(), dtype=tf.resource, name=None)
  2367860694416: TensorSpec(shape=(), dtype=tf.resource, name=None)
  2367860692880: TensorSpec(shape=(), dtype=tf.resource, name=None)
  2367860693840: TensorSpec(shape=(), dtype=tf.resource, name=None)
  2367860694992: TensorSpec(shape=(), dtype=tf.resource, name=None)
  2367860694224: TensorSpec(shape=(), dtype=tf.resource, name=None)
  2367860692304: TensorSpec(shape=(), dtype=tf.resource, name=None)
  2367857647568: TensorSpec(shape=(), dtype=tf.resource, name=None)
  2367857648144: TensorSpec(shape=(), dtype=tf.resource, name=None)
  2367857648912: TensorSpec(shape=(), dtype=tf.resource, name=None)
  2367860695376: TensorSpec(shape=(), dtype=tf.resource, name=None)
  2367857647760: TensorSpec(shape=(), dtype=tf.resource, name=None)
  2368018301968: TensorSpec(shape=(), dtype=tf.resource, name=None)
  2367860694800: TensorSpec(shape=(), dtype=tf.resource, name=None)
  2367857648336: TensorSpec(shape=(), dtype=tf.resource, name=None)
  2368018302544: TensorSpec(shape=(), dtype=tf.resource, name=None)
  2368018301392: TensorSpec(shape=(), dtype=tf.resource, name=None)
  2368018303120: TensorSpec(shape=(), dtype=tf.resource, name=None)
  2368018301776: TensorSpec(shape=(), dtype=tf.resource, name=None)
  2368018302928: TensorSpec(shape=(), dtype=tf.resource, name=None)
  2368018303504: TensorSpec(shape=(), dtype=tf.resource, name=None)
  2368018304080: TensorSpec(shape=(), dtype=tf.resource, name=None)
  2368018303888: TensorSpec(shape=(), dtype=tf.resource, name=None)
  2368018301200: TensorSpec(shape=(), dtype=tf.resource, name=None)
  2368018304464: TensorSpec(shape=(), dtype=tf.resource, name=None)
  2368018304272: TensorSpec(shape=(), dtype=tf.resource, name=None)
  2368018305040: TensorSpec(shape=(), dtype=tf.resource, name=None)
  2368018303312: TensorSpec(shape=(), dtype=tf.resource, name=None)
  2368018304848: TensorSpec(shape=(), dtype=tf.resource, name=None)
  2368018302736: TensorSpec(shape=(), dtype=tf.resource, name=None)
  OK  dynamic-range: 577.8 KB -> C:\Users\Dell\Downloads\Dynamic_Kannada_Sign_Language_Recognition_major_project-main\Dynamic_Kannada_Sign_Language_Recognition_major_project-main\New Models\gcn_dynamic-range.tflite
Saved artifact at 'C:\Users\Dell\AppData\Local\Temp\tmp_25y0d2f'. The following endpoints are available:

* Endpoint 'serve'
  args_0 (POSITIONAL_ONLY): TensorSpec(shape=(None, 75, 65, 3), dtype=tf.float32, name='keras_tensor_34')
Output Type:
  TensorSpec(shape=(None, 33), dtype=tf.float32, name=None)
Captures:
  2368010701136: TensorSpec(shape=(), dtype=tf.resource, name=None)
  2367860695184: TensorSpec(shape=(), dtype=tf.resource, name=None)
  2367860694416: TensorSpec(shape=(), dtype=tf.resource, name=None)
  2367860692880: TensorSpec(shape=(), dtype=tf.resource, name=None)
  2367860693840: TensorSpec(shape=(), dtype=tf.resource, name=None)
  2367860694992: TensorSpec(shape=(), dtype=tf.resource, name=None)
  2367860694224: TensorSpec(shape=(), dtype=tf.resource, name=None)
  2367860692304: TensorSpec(shape=(), dtype=tf.resource, name=None)
  2367857647568: TensorSpec(shape=(), dtype=tf.resource, name=None)
  2367857648144: TensorSpec(shape=(), dtype=tf.resource, name=None)
  2367857648912: TensorSpec(shape=(), dtype=tf.resource, name=None)
  2367860695376: TensorSpec(shape=(), dtype=tf.resource, name=None)
  2367857647760: TensorSpec(shape=(), dtype=tf.resource, name=None)
  2368018301968: TensorSpec(shape=(), dtype=tf.resource, name=None)
  2367860694800: TensorSpec(shape=(), dtype=tf.resource, name=None)
  2367857648336: TensorSpec(shape=(), dtype=tf.resource, name=None)
  2368018302544: TensorSpec(shape=(), dtype=tf.resource, name=None)
  2368018301392: TensorSpec(shape=(), dtype=tf.resource, name=None)
  2368018303120: TensorSpec(shape=(), dtype=tf.resource, name=None)
  2368018301776: TensorSpec(shape=(), dtype=tf.resource, name=None)
  2368018302928: TensorSpec(shape=(), dtype=tf.resource, name=None)
  2368018303504: TensorSpec(shape=(), dtype=tf.resource, name=None)
  2368018304080: TensorSpec(shape=(), dtype=tf.resource, name=None)
  2368018303888: TensorSpec(shape=(), dtype=tf.resource, name=None)
  2368018301200: TensorSpec(shape=(), dtype=tf.resource, name=None)
  2368018304464: TensorSpec(shape=(), dtype=tf.resource, name=None)
  2368018304272: TensorSpec(shape=(), dtype=tf.resource, name=None)
  2368018305040: TensorSpec(shape=(), dtype=tf.resource, name=None)
  2368018303312: TensorSpec(shape=(), dtype=tf.resource, name=None)
  2368018304848: TensorSpec(shape=(), dtype=tf.resource, name=None)
  2368018302736: TensorSpec(shape=(), dtype=tf.resource, name=None)
  OK  full-int-int-io: 591.9 KB -> C:\Users\Dell\Downloads\Dynamic_Kannada_Sign_Language_Recognition_major_project-main\Dynamic_Kannada_Sign_Language_Recognition_major_project-main\New Models\gcn_full-int-int-io.tflite
Saved artifact at 'C:\Users\Dell\AppData\Local\Temp\tmpynge8scy'. The following endpoints are available:

* Endpoint 'serve'
  args_0 (POSITIONAL_ONLY): TensorSpec(shape=(None, 75, 65, 3), dtype=tf.float32, name='keras_tensor_34')
Output Type:
  TensorSpec(shape=(None, 33), dtype=tf.float32, name=None)
Captures:
  2368010701136: TensorSpec(shape=(), dtype=tf.resource, name=None)
  2367860695184: TensorSpec(shape=(), dtype=tf.resource, name=None)
  2367860694416: TensorSpec(shape=(), dtype=tf.resource, name=None)
  2367860692880: TensorSpec(shape=(), dtype=tf.resource, name=None)
  2367860693840: TensorSpec(shape=(), dtype=tf.resource, name=None)
  2367860694992: TensorSpec(shape=(), dtype=tf.resource, name=None)
  2367860694224: TensorSpec(shape=(), dtype=tf.resource, name=None)
  2367860692304: TensorSpec(shape=(), dtype=tf.resource, name=None)
  2367857647568: TensorSpec(shape=(), dtype=tf.resource, name=None)
  2367857648144: TensorSpec(shape=(), dtype=tf.resource, name=None)
  2367857648912: TensorSpec(shape=(), dtype=tf.resource, name=None)
  2367860695376: TensorSpec(shape=(), dtype=tf.resource, name=None)
  2367857647760: TensorSpec(shape=(), dtype=tf.resource, name=None)
  2368018301968: TensorSpec(shape=(), dtype=tf.resource, name=None)
  2367860694800: TensorSpec(shape=(), dtype=tf.resource, name=None)
  2367857648336: TensorSpec(shape=(), dtype=tf.resource, name=None)
  2368018302544: TensorSpec(shape=(), dtype=tf.resource, name=None)
  2368018301392: TensorSpec(shape=(), dtype=tf.resource, name=None)
  2368018303120: TensorSpec(shape=(), dtype=tf.resource, name=None)
  2368018301776: TensorSpec(shape=(), dtype=tf.resource, name=None)
  2368018302928: TensorSpec(shape=(), dtype=tf.resource, name=None)
  2368018303504: TensorSpec(shape=(), dtype=tf.resource, name=None)
  2368018304080: TensorSpec(shape=(), dtype=tf.resource, name=None)
  2368018303888: TensorSpec(shape=(), dtype=tf.resource, name=None)
  2368018301200: TensorSpec(shape=(), dtype=tf.resource, name=None)
  2368018304464: TensorSpec(shape=(), dtype=tf.resource, name=None)
  2368018304272: TensorSpec(shape=(), dtype=tf.resource, name=None)
  2368018305040: TensorSpec(shape=(), dtype=tf.resource, name=None)
  2368018303312: TensorSpec(shape=(), dtype=tf.resource, name=None)
  2368018304848: TensorSpec(shape=(), dtype=tf.resource, name=None)
  2368018302736: TensorSpec(shape=(), dtype=tf.resource, name=None)
  OK  float16: 1101.7 KB -> C:\Users\Dell\Downloads\Dynamic_Kannada_Sign_Language_Recognition_major_project-main\Dynamic_Kannada_Sign_Language_Recognition_major_project-main\New Models\gcn_float16.tflite
