WARNING: All log messages before absl::InitializeLog() is called are written to STDERR
I0000 00:00:1789468695.190659    4720 port.cc:153] oneDNN custom operations are on. You may see slightly different numerical results due to floating-point round-off errors from different computation orders. To turn them off, set the environment variable `TF_ENABLE_ONEDNN_OPTS=0`.
WARNING: All log messages before absl::InitializeLog() is called are written to STDERR
I0000 00:00:1789468699.828113    4720 port.cc:153] oneDNN custom operations are on. You may see slightly different numerical results due to floating-point round-off errors from different computation orders. To turn them off, set the environment variable `TF_ENABLE_ONEDNN_OPTS=0`.
I0000 00:00:1789468704.742717    4720 cpu_feature_guard.cc:227] This TensorFlow binary is optimized to use available CPU instructions in performance-critical operations.
To enable the following instructions: SSE3 SSE4.1 SSE4.2 AVX AVX2 AVX512F AVX512_VNNI FMA, in other operations, rebuild TensorFlow with the appropriate compiler flags.
WARNING:tensorflow:TensorFlow GPU support is not available on native Windows for TensorFlow >= 2.11. Even if CUDA/cuDNN are installed, GPU will not be used. Please use WSL2 or the TensorFlow-DirectML plugin.
W0000 00:00:1789468710.054470    4720 tf_tfl_flatbuffer_helpers.cc:364] Ignored output_format.
W0000 00:00:1789468710.054868    4720 tf_tfl_flatbuffer_helpers.cc:367] Ignored drop_control_dependency.
I0000 00:00:1789468710.057581    4720 reader.cc:83] Reading SavedModel from: C:\Users\Dell\AppData\Local\Temp\tmpqr2ber9w
I0000 00:00:1789468710.059709    4720 reader.cc:52] Reading meta graph with tags { serve }
I0000 00:00:1789468710.059989    4720 reader.cc:147] Reading SavedModel debug info (if present) from: C:\Users\Dell\AppData\Local\Temp\tmpqr2ber9w
I0000 00:00:1789468710.074518    4720 mlir_graph_optimization_pass.cc:437] MLIR V1 optimization pass is not enabled
I0000 00:00:1789468710.077971    4720 loader.cc:236] Restoring SavedModel bundle.
I0000 00:00:1789468710.209071    4720 loader.cc:220] Running initialization op on SavedModel bundle at path: C:\Users\Dell\AppData\Local\Temp\tmpqr2ber9w
I0000 00:00:1789468710.240963    4720 loader.cc:471] SavedModel load for tags { serve }; Status: success: OK. Took 184369 microseconds.
I0000 00:00:1789468710.307167    4720 dump_mlir_util.cc:269] disabling MLIR crash reproducer, set env var `MLIR_CRASH_REPRODUCER_DIRECTORY` to enable.
C:\Users\Dell\AppData\Local\Packages\PythonSoftwareFoundation.Python.3.11_qbz5n2kfra8p0\LocalCache\local-packages\Python311\site-packages\tensorflow\lite\python\convert.py:846: UserWarning: Statistics for quantized inputs were expected, but not specified; continuing anyway.
  warnings.warn(
W0000 00:00:1789468711.879596    4720 tf_tfl_flatbuffer_helpers.cc:364] Ignored output_format.
W0000 00:00:1789468711.881327    4720 tf_tfl_flatbuffer_helpers.cc:367] Ignored drop_control_dependency.
I0000 00:00:1789468711.882505    4720 reader.cc:83] Reading SavedModel from: C:\Users\Dell\AppData\Local\Temp\tmp6f8n7ec1
I0000 00:00:1789468711.884809    4720 reader.cc:52] Reading meta graph with tags { serve }
I0000 00:00:1789468711.885336    4720 reader.cc:147] Reading SavedModel debug info (if present) from: C:\Users\Dell\AppData\Local\Temp\tmp6f8n7ec1
I0000 00:00:1789468711.900364    4720 loader.cc:236] Restoring SavedModel bundle.
I0000 00:00:1789468712.011415    4720 loader.cc:220] Running initialization op on SavedModel bundle at path: C:\Users\Dell\AppData\Local\Temp\tmp6f8n7ec1
I0000 00:00:1789468712.040101    4720 loader.cc:471] SavedModel load for tags { serve }; Status: success: OK. Took 157608 microseconds.
fully_quantize: 0, inference_type: 6, input_inference_type: INT8, output_inference_type: INT8
W0000 00:00:1789468713.506853    4720 flatbuffer_export.cc:3851] Skipping runtime version metadata in the model. This will be generated by the exporter.
W0000 00:00:1789468714.781712    4720 tf_tfl_flatbuffer_helpers.cc:364] Ignored output_format.
W0000 00:00:1789468714.783705    4720 tf_tfl_flatbuffer_helpers.cc:367] Ignored drop_control_dependency.
I0000 00:00:1789468714.784607    4720 reader.cc:83] Reading SavedModel from: C:\Users\Dell\AppData\Local\Temp\tmpohnx4jhg
I0000 00:00:1789468714.786738    4720 reader.cc:52] Reading meta graph with tags { serve }
I0000 00:00:1789468714.787098    4720 reader.cc:147] Reading SavedModel debug info (if present) from: C:\Users\Dell\AppData\Local\Temp\tmpohnx4jhg
I0000 00:00:1789468714.802938    4720 loader.cc:236] Restoring SavedModel bundle.
I0000 00:00:1789468714.914906    4720 loader.cc:220] Running initialization op on SavedModel bundle at path: C:\Users\Dell\AppData\Local\Temp\tmpohnx4jhg
I0000 00:00:1789468714.943395    4720 loader.cc:471] SavedModel load for tags { serve }; Status: success: OK. Took 158804 microseconds.
WARNING:tensorflow:From C:\Users\Dell\AppData\Local\Packages\PythonSoftwareFoundation.Python.3.11_qbz5n2kfra8p0\LocalCache\local-packages\Python311\site-packages\keras\src\backend\tensorflow\core.py:233: The name tf.placeholder is deprecated. Please use tf.compat.v1.placeholder instead.

WARNING:tensorflow:From C:\Users\Dell\AppData\Local\Packages\PythonSoftwareFoundation.Python.3.11_qbz5n2kfra8p0\LocalCache\local-packages\Python311\site-packages\keras\src\backend\tensorflow\core.py:233: The name tf.placeholder is deprecated. Please use tf.compat.v1.placeholder instead.

W0000 00:00:1789468754.557399    4720 tf_tfl_flatbuffer_helpers.cc:364] Ignored output_format.
W0000 00:00:1789468754.558227    4720 tf_tfl_flatbuffer_helpers.cc:367] Ignored drop_control_dependency.
I0000 00:00:1789468754.558986    4720 reader.cc:83] Reading SavedModel from: C:\Users\Dell\AppData\Local\Temp\tmpcprn5a5u
I0000 00:00:1789468754.561170    4720 reader.cc:52] Reading meta graph with tags { serve }
I0000 00:00:1789468754.561441    4720 reader.cc:147] Reading SavedModel debug info (if present) from: C:\Users\Dell\AppData\Local\Temp\tmpcprn5a5u
I0000 00:00:1789468754.581308    4720 loader.cc:236] Restoring SavedModel bundle.
I0000 00:00:1789468754.705715    4720 loader.cc:220] Running initialization op on SavedModel bundle at path: C:\Users\Dell\AppData\Local\Temp\tmpcprn5a5u
I0000 00:00:1789468754.737308    4720 loader.cc:471] SavedModel load for tags { serve }; Status: success: OK. Took 178334 microseconds.
C:\Users\Dell\AppData\Local\Packages\PythonSoftwareFoundation.Python.3.11_qbz5n2kfra8p0\LocalCache\local-packages\Python311\site-packages\tensorflow\lite\python\convert.py:846: UserWarning: Statistics for quantized inputs were expected, but not specified; continuing anyway.
  warnings.warn(
W0000 00:00:1789468756.263026    4720 tf_tfl_flatbuffer_helpers.cc:364] Ignored output_format.
W0000 00:00:1789468756.263546    4720 tf_tfl_flatbuffer_helpers.cc:367] Ignored drop_control_dependency.
I0000 00:00:1789468756.264368    4720 reader.cc:83] Reading SavedModel from: C:\Users\Dell\AppData\Local\Temp\tmp_25y0d2f
I0000 00:00:1789468756.266995    4720 reader.cc:52] Reading meta graph with tags { serve }
I0000 00:00:1789468756.267475    4720 reader.cc:147] Reading SavedModel debug info (if present) from: C:\Users\Dell\AppData\Local\Temp\tmp_25y0d2f
I0000 00:00:1789468756.287336    4720 loader.cc:236] Restoring SavedModel bundle.
I0000 00:00:1789468756.420044    4720 loader.cc:220] Running initialization op on SavedModel bundle at path: C:\Users\Dell\AppData\Local\Temp\tmp_25y0d2f
I0000 00:00:1789468756.451111    4720 loader.cc:471] SavedModel load for tags { serve }; Status: success: OK. Took 186755 microseconds.
fully_quantize: 0, inference_type: 6, input_inference_type: INT8, output_inference_type: INT8
W0000 00:00:1789468810.145600    4720 flatbuffer_export.cc:3851] Skipping runtime version metadata in the model. This will be generated by the exporter.
W0000 00:00:1789468811.795328    4720 tf_tfl_flatbuffer_helpers.cc:364] Ignored output_format.
W0000 00:00:1789468811.796016    4720 tf_tfl_flatbuffer_helpers.cc:367] Ignored drop_control_dependency.
I0000 00:00:1789468811.796759    4720 reader.cc:83] Reading SavedModel from: C:\Users\Dell\AppData\Local\Temp\tmpynge8scy
I0000 00:00:1789468811.798924    4720 reader.cc:52] Reading meta graph with tags { serve }
I0000 00:00:1789468811.799330    4720 reader.cc:147] Reading SavedModel debug info (if present) from: C:\Users\Dell\AppData\Local\Temp\tmpynge8scy
I0000 00:00:1789468811.817460    4720 loader.cc:236] Restoring SavedModel bundle.
I0000 00:00:1789468812.020631    4720 loader.cc:220] Running initialization op on SavedModel bundle at path: C:\Users\Dell\AppData\Local\Temp\tmpynge8scy
I0000 00:00:1789468812.049952    4720 loader.cc:471] SavedModel load for tags { serve }; Status: success: OK. Took 253205 microseconds.
